<html>
<body>
<pre>
<h1>礦ision Build Log</h1>
<h2>Tool Versions:</h2>
IDE-Version: μVision V5.18.0.0
Copyright (C) 2016 ARM Ltd and ARM Germany GmbH. All rights reserved.
License Information: N Nepenthes, Rainbow_bridge, LIC=HN001-CH97D-H8RFS-L0WHW-PS14F-4PYIR
 
Tool Versions:
Toolchain:       MDK-ARM Standard  Version: 5.18
Toolchain Path:  D:\Keil\Software\ARM\ARMCC\Bin
C Compiler:      Armcc.exe V5.06 update 1 (build 61)
Assembler:       Armasm.exe V5.06 update 1 (build 61)
Linker/Locator:  ArmLink.exe V5.06 update 1 (build 61)
Library Manager: ArmAr.exe V5.06 update 1 (build 61)
Hex Converter:   FromElf.exe V5.06 update 1 (build 61)
CPU DLL:         SARMCM3.DLL V5.18
Dialog DLL:      DCM.DLL V1.13.6.0
Target DLL:      Segger\JL2CM3.dll V2.99.18.0
Dialog DLL:      TCM.DLL V1.14.8.0
 
<h2>Project:</h2>
E:\我的项目工程\山西商务\Software\MBoard\User\Mboard.uvprojx
Project File Date:  09/25/2017

<h2>Output:</h2>
*** Using Compiler 'V5.06 update 1 (build 61)', folder: 'D:\Keil\Software\ARM\ARMCC\Bin'
Build target 'MBoard'
compiling Main.c...
compiling stm32f10x_it.c...
compiling Bsp.c...
compiling USART_STM32F10x.c...
compiling misc.c...
compiling stm32f10x_adc.c...
compiling stm32f10x_bkp.c...
compiling stm32f10x_can.c...
compiling stm32f10x_cec.c...
compiling stm32f10x_crc.c...
compiling stm32f10x_dac.c...
compiling stm32f10x_dbgmcu.c...
compiling stm32f10x_dma.c...
compiling stm32f10x_exti.c...
compiling stm32f10x_flash.c...
compiling stm32f10x_fsmc.c...
compiling stm32f10x_gpio.c...
compiling stm32f10x_i2c.c...
compiling stm32f10x_iwdg.c...
compiling stm32f10x_pwr.c...
compiling stm32f10x_rcc.c...
compiling stm32f10x_rtc.c...
compiling stm32f10x_sdio.c...
compiling stm32f10x_spi.c...
compiling stm32f10x_tim.c...
compiling stm32f10x_usart.c...
compiling stm32f10x_wwdg.c...
compiling DMA_STM32F10x.c...
compiling GPIO_STM32F10x.c...
assembling startup_stm32f10x_hd.s...
compiling system_stm32f10x.c...
assembling cpu_a.asm...
compiling cpu_c.c...
compiling cpu_core.c...
compiling lib_ascii.c...
compiling lib_math.c...
compiling lib_mem.c...
compiling lib_str.c...
assembling os_cpu_a.s...
compiling os_cpu_c.c...
compiling os_cfg_app.c...
compiling os_core.c...
compiling os_dbg.c...
compiling os_flag.c...
compiling os_int.c...
compiling os_mem.c...
compiling os_msg.c...
compiling os_mutex.c...
compiling os_pend_multi.c...
compiling os_prio.c...
compiling os_q.c...
compiling os_sem.c...
compiling os_stat.c...
compiling os_task.c...
compiling os_tick.c...
compiling os_time.c...
compiling os_tmr.c...
compiling os_var.c...
linking...
Program Size: Code=7116 RO-data=468 RW-data=20 ZI-data=1692  
FromELF: creating hex file...
".\Mboard.axf" - 0 Error(s), 0 Warning(s).

<h2>Software Packages used:</h2>

Package Vendor: ARM
                http://www.keil.com/pack/ARM.CMSIS.5.1.0.pack
                ::CMSIS Driver:USART:2.3.0 (API)
                CMSIS (Cortex Microcontroller Software Interface Standard)
   * Component: USART Version: 2.3.0
   * Component: CORE Version: 5.0.2
   * Component: DSP Version: 1.5.2

Package Vendor: Keil
                http://www.keil.com/pack/Keil.STM32F1xx_DFP.2.2.0.pack
                Keil::Device:StdPeriph Drivers:CRC:3.5.0
                STMicroelectronics STM32F1 Series Device Support, Drivers and Examples
   * Component: CRC Version: 3.5.0
   * Component: BKP Version: 3.5.0
   * Component: CAN Version: 3.5.0
   * Component: CEC Version: 3.5.0
   * Component: Framework Version: 3.5.1
   * Component: ADC Version: 3.5.0
   * Component: DAC Version: 3.5.0
   * Component: DMA Version: 3.5.0
   * Component: EXTI Version: 3.5.0
   * Component: FSMC Version: 3.5.0
   * Component: GPIO Version: 3.5.0
   * Component: I2C Version: 3.5.0
   * Component: DBGMCU Version: 3.5.0
   * Component: Flash Version: 3.5.0
   * Component: SDIO Version: 3.5.0
   * Component: SPI Version: 3.5.0
   * Component: TIM Version: 3.5.0
   * Component: PWR Version: 3.5.0
   * Component: IWDG Version: 3.5.0
   * Component: RCC Version: 3.5.0
   * Component: USART Version: 3.5.0
   * Component: RTC Version: 3.5.0
   * Component: WWDG Version: 3.5.0
   * Component: DMA Version: 1.2
   * Component: GPIO Version: 1.3
   * Component: USART Version: 2.2
   * Component: Startup Version: 1.0.0

Package Vendor: Micrium
                http://www.micrium.com/cmsis-pack/Micrium.RTOS.1.0.0.pack
                Micrium.Micrium::RTOS:uC/OS Kernel:uCOS-III:1.0.0
                Micrium software components
   * Component: uC/OS Kernel Variant: uCOS-III Version: 1.0.0
   * Component: uC/OS Common Version: 1.0.0

<h2>Collection of Component include folders:</h2>
  E:\我的项目工程\山西商务\Software\MBoard\User\RTE
  E:\我的项目工程\山西商务\Software\MBoard\User\RTE\Device\STM32F103VC
  E:\我的项目工程\山西商务\Software\MBoard\User\RTE\RTOS
  D:\Keil\Software\ARM\PACK\ARM\CMSIS\5.1.0\CMSIS\Driver\Include
  D:\Keil\Software\ARM\PACK\ARM\CMSIS\5.1.0\CMSIS\Include
  D:\Keil\Software\ARM\PACK\Keil\STM32F1xx_DFP\2.2.0\Device\Include
  D:\Keil\Software\ARM\PACK\Keil\STM32F1xx_DFP\2.2.0\Device\StdPeriph_Driver\inc
  D:\Keil\Software\ARM\PACK\Keil\STM32F1xx_DFP\2.2.0\RTE_Driver
  D:\Keil\Software\ARM\PACK\Micrium\RTOS\1.0.0\Software\uC-CPU
  D:\Keil\Software\ARM\PACK\Micrium\RTOS\1.0.0\Software\uC-CPU\ARM-Cortex-M3\RealView
  D:\Keil\Software\ARM\PACK\Micrium\RTOS\1.0.0\Software\uC-LIB
  D:\Keil\Software\ARM\PACK\Micrium\RTOS\1.0.0\Software\uCOS-III\Ports\ARM-Cortex-M3\Generic\RealView
  D:\Keil\Software\ARM\PACK\Micrium\RTOS\1.0.0\Software\uCOS-III\Source

<h2>Collection of Component Files used:</h2>

   * Component: ::CMSIS Driver:USART:2.3.0 (API)
      Include file:  CMSIS\Driver\Include\Driver_USART.h

   * Component: ARM::CMSIS:CORE:5.0.2

   * Component: ARM::CMSIS:DSP:1.5.2
      Library file:  CMSIS\Lib\ARM\arm_cortexM3l_math.lib
      Include file:  CMSIS\Include\arm_math.h

   * Component: Keil::Device:StdPeriph Drivers:CRC:3.5.0
      Source file:   Device\StdPeriph_Driver\src\stm32f10x_crc.c
      Include file:  Device\StdPeriph_Driver\inc\stm32f10x_crc.h

   * Component: Keil::Device:StdPeriph Drivers:BKP:3.5.0
      Include file:  Device\StdPeriph_Driver\inc\stm32f10x_bkp.h
      Source file:   Device\StdPeriph_Driver\src\stm32f10x_bkp.c

   * Component: Keil::Device:StdPeriph Drivers:CAN:3.5.0
      Include file:  Device\StdPeriph_Driver\inc\stm32f10x_can.h
      Source file:   Device\StdPeriph_Driver\src\stm32f10x_can.c

   * Component: Keil::Device:StdPeriph Drivers:CEC:3.5.0
      Source file:   Device\StdPeriph_Driver\src\stm32f10x_cec.c
      Include file:  Device\StdPeriph_Driver\inc\stm32f10x_cec.h

   * Component: Keil::Device:StdPeriph Drivers:Framework:3.5.1
      Source file:   Device\StdPeriph_Driver\templates\stm32f10x_it.c
      Include file:  Device\StdPeriph_Driver\templates\stm32f10x_it.h
      Source file:   Device\StdPeriph_Driver\src\misc.c
      Include file:  Device\StdPeriph_Driver\inc\misc.h
      Source file:   Device\StdPeriph_Driver\templates\stm32f10x_conf.h

   * Component: Keil::Device:StdPeriph Drivers:ADC:3.5.0
      Include file:  Device\StdPeriph_Driver\inc\stm32f10x_adc.h
      Source file:   Device\StdPeriph_Driver\src\stm32f10x_adc.c

   * Component: Keil::Device:StdPeriph Drivers:DAC:3.5.0
      Source file:   Device\StdPeriph_Driver\src\stm32f10x_dac.c
      Include file:  Device\StdPeriph_Driver\inc\stm32f10x_dac.h

   * Component: Keil::Device:StdPeriph Drivers:DMA:3.5.0
      Source file:   Device\StdPeriph_Driver\src\stm32f10x_dma.c
      Include file:  Device\StdPeriph_Driver\inc\stm32f10x_dma.h

   * Component: Keil::Device:StdPeriph Drivers:EXTI:3.5.0
      Source file:   Device\StdPeriph_Driver\src\stm32f10x_exti.c
      Include file:  Device\StdPeriph_Driver\inc\stm32f10x_exti.h

   * Component: Keil::Device:StdPeriph Drivers:FSMC:3.5.0
      Include file:  Device\StdPeriph_Driver\inc\stm32f10x_fsmc.h
      Source file:   Device\StdPeriph_Driver\src\stm32f10x_fsmc.c

   * Component: Keil::Device:StdPeriph Drivers:GPIO:3.5.0
      Source file:   Device\StdPeriph_Driver\src\stm32f10x_gpio.c
      Include file:  Device\StdPeriph_Driver\inc\stm32f10x_gpio.h

   * Component: Keil::Device:StdPeriph Drivers:I2C:3.5.0
      Include file:  Device\StdPeriph_Driver\inc\stm32f10x_i2c.h
      Source file:   Device\StdPeriph_Driver\src\stm32f10x_i2c.c

   * Component: Keil::Device:StdPeriph Drivers:DBGMCU:3.5.0
      Include file:  Device\StdPeriph_Driver\inc\stm32f10x_dbgmcu.h
      Source file:   Device\StdPeriph_Driver\src\stm32f10x_dbgmcu.c

   * Component: Keil::Device:StdPeriph Drivers:Flash:3.5.0
      Include file:  Device\StdPeriph_Driver\inc\stm32f10x_flash.h
      Source file:   Device\StdPeriph_Driver\src\stm32f10x_flash.c

   * Component: Keil::Device:StdPeriph Drivers:SDIO:3.5.0
      Include file:  Device\StdPeriph_Driver\inc\stm32f10x_sdio.h
      Source file:   Device\StdPeriph_Driver\src\stm32f10x_sdio.c

   * Component: Keil::Device:StdPeriph Drivers:SPI:3.5.0
      Include file:  Device\StdPeriph_Driver\inc\stm32f10x_spi.h
      Source file:   Device\StdPeriph_Driver\src\stm32f10x_spi.c

   * Component: Keil::Device:StdPeriph Drivers:TIM:3.5.0
      Source file:   Device\StdPeriph_Driver\src\stm32f10x_tim.c
      Include file:  Device\StdPeriph_Driver\inc\stm32f10x_tim.h

   * Component: Keil::Device:StdPeriph Drivers:PWR:3.5.0
      Include file:  Device\StdPeriph_Driver\inc\stm32f10x_pwr.h
      Source file:   Device\StdPeriph_Driver\src\stm32f10x_pwr.c

   * Component: Keil::Device:StdPeriph Drivers:IWDG:3.5.0
      Source file:   Device\StdPeriph_Driver\src\stm32f10x_iwdg.c
      Include file:  Device\StdPeriph_Driver\inc\stm32f10x_iwdg.h

   * Component: Keil::Device:StdPeriph Drivers:RCC:3.5.0
      Source file:   Device\StdPeriph_Driver\src\stm32f10x_rcc.c
      Include file:  Device\StdPeriph_Driver\inc\stm32f10x_rcc.h

   * Component: Keil::Device:StdPeriph Drivers:USART:3.5.0
      Source file:   Device\StdPeriph_Driver\src\stm32f10x_usart.c
      Include file:  Device\StdPeriph_Driver\inc\stm32f10x_usart.h

   * Component: Keil::Device:StdPeriph Drivers:RTC:3.5.0
      Include file:  Device\StdPeriph_Driver\inc\stm32f10x_rtc.h
      Source file:   Device\StdPeriph_Driver\src\stm32f10x_rtc.c

   * Component: Keil::Device:StdPeriph Drivers:WWDG:3.5.0
      Source file:   Device\StdPeriph_Driver\src\stm32f10x_wwdg.c
      Include file:  Device\StdPeriph_Driver\inc\stm32f10x_wwdg.h

   * Component: Keil::Device:DMA:1.2
      Include file:  RTE_Driver\DMA_STM32F10x.h
      Source file:   RTE_Driver\DMA_STM32F10x.c

   * Component: Keil::Device:GPIO:1.3
      Source file:   RTE_Driver\GPIO_STM32F10x.c
      Include file:  RTE_Driver\GPIO_STM32F10x.h

   * Component: Keil::CMSIS Driver:USART:2.2
      Source file:   RTE_Driver\USART_STM32F10x.c

   * Component: Keil::Device:Startup:1.0.0
      Source file:   Device\Source\ARM\startup_stm32f10x_hd.s
      Source file:   Device\Source\system_stm32f10x.c
      Include file:  RTE_Driver\Config\RTE_Device.h
      Source file:   Device\Source\ARM\STM32F1xx_OPT.s

   * Component: Micrium.Micrium::RTOS:uC/OS Kernel:uCOS-III:1.0.0
      Source file:   Software\uCOS-III\Source\os_mutex.c
      Source file:   Software\uCOS-III\Source\os_pend_multi.c
      Source file:   Software\uCOS-III\Source\os_prio.c
      Source file:   Software\uCOS-III\Source\os_flag.c
      Source file:   Software\uCOS-III\Source\os_mem.c
      Include file:  cfg\app_cfg.h
      Include file:  Software\uCOS-III\Source\os.h
      Source file:   Software\uCOS-III\Source\os_sem.c
      Source file:   Software\uCOS-III\Source\os_stat.c
      Source file:   Software\uCOS-III\Source\os_task.c
      Include file:  cfg\uCOS-III\os_cfg.h
      Source file:   Software\uCOS-III\Source\os_tick.c
      Source file:   Software\uCOS-III\Source\os_time.c
      Source file:   Software\uCOS-III\Source\os_dbg.c
      Source file:   Software\uCOS-III\Source\os_q.c
      Source file:   Software\uCOS-III\Source\os_tmr.c
      Include file:  Software\uCOS-III\Source\os_type.h
      Source file:   Software\uCOS-III\Source\os_core.c
      Source file:   Software\uCOS-III\Source\os_int.c
      Source file:   Software\uCOS-III\Source\os_msg.c
      Include file:  cfg\uCOS-III\os_cfg_app.h
      Source file:   Software\uCOS-III\Source\os_cfg_app.c
      Include file:  Software\uCOS-III\Ports\ARM-Cortex-M3\Generic\RealView\os_cpu.h
      Source file:   Software\uCOS-III\Ports\ARM-Cortex-M3\Generic\RealView\os_cpu_a.s
      Source file:   Software\uCOS-III\Ports\ARM-Cortex-M3\Generic\RealView\os_cpu_c.c
      Source file:   Software\uCOS-III\Source\os_var.c

   * Component: Micrium.Micrium::RTOS:uC/OS Common:1.0.0
      Include file:  cfg\cpu_cfg.h
      Include file:  Software\uC-CPU\cpu_cache.h
      Source file:   Software\uC-CPU\ARM-Cortex-M3\RealView\cpu_c.c
      Include file:  Software\uC-CPU\cpu_core.h
      Source file:   Software\uC-CPU\ARM-Cortex-M3\RealView\cpu_a.asm
      Include file:  Software\uC-CPU\cpu_def.h
      Include file:  Software\uC-CPU\ARM-Cortex-M3\RealView\cpu.h
      Source file:   Software\uC-CPU\cpu_core.c
      Source file:   Software\uC-LIB\lib_ascii.c
      Source file:   Software\uC-LIB\lib_str.c
      Include file:  Software\uC-LIB\lib_mem.h
      Include file:  Software\uC-LIB\lib_str.h
      Include file:  Software\uC-LIB\lib_math.h
      Include file:  Software\uC-LIB\lib_def.h
      Source file:   Software\uC-LIB\lib_math.c
      Include file:  Software\uC-LIB\lib_ascii.h
      Source file:   Software\uC-LIB\lib_mem.c
      Include file:  cfg\lib_cfg.h
Build Time Elapsed:  00:00:35
</pre>
</body>
</html>
