Component: ARM Compiler 5.06 update 1 (build 61) Tool: armlink [4d35a8]

==============================================================================

Section Cross References

    main.o(i.main) refers to rt_cmsis.o(i.osKernelInitialize) for osKernelInitialize
    main.o(i.main) refers to bsp.o(i.BSP_Init) for BSP_Init
    main.o(i.main) refers to datatrans_usart.o(i.USARTthread_Active) for USARTthread_Active
    main.o(i.main) refers to finger_id.o(i.fingerID_Active) for fingerID_Active
    main.o(i.main) refers to moudle_dec.o(i.MoudleDEC_Init) for MoudleDEC_Init
    main.o(i.main) refers to lcd_1.44.o(i.LCD144_test) for LCD144_test
    main.o(i.main) refers to key&tips.o(i.keyMboardActive) for keyMboardActive
    main.o(i.main) refers to infratrans.o(i.keyIFRActive) for keyIFRActive
    main.o(i.main) refers to rt_cmsis.o(i.osKernelStart) for osKernelStart
    bsp.o(i.BSP_Init) refers to delay.o(i.bsp_delayinit) for bsp_delayinit
    bsp.o(i.BSP_Init) refers to tips.o(i.testInit) for testInit
    delay.o(i.delay_us) refers to system_stm32f10x.o(.data) for SystemCoreClock
    tips.o(i.LEDTest) refers to tips.o(i.testInit) for testInit
    tips.o(i.LEDTest) refers to rt_cmsis.o(i.osThreadCreate) for osThreadCreate
    tips.o(i.LEDTest) refers to tips.o(.constdata) for os_thread_def_Task0
    tips.o(i.LEDTest) refers to tips.o(.data) for tid1
    tips.o(i.TTask0) refers to stm32f10x_gpio.o(i.GPIO_WriteBit) for GPIO_WriteBit
    tips.o(i.TTask0) refers to rt_cmsis.o(i.osDelay) for osDelay
    tips.o(i.Task0) refers to rt_cmsis.o(i.osTimerCreate) for osTimerCreate
    tips.o(i.Task0) refers to rt_cmsis.o(i.osTimerStart) for osTimerStart
    tips.o(i.Task0) refers to stm32f10x_gpio.o(i.GPIO_WriteBit) for GPIO_WriteBit
    tips.o(i.Task0) refers to delay.o(i.delay_us) for delay_us
    tips.o(i.Task0) refers to tips.o(i.TTask0) for TTask0
    tips.o(i.Task0) refers to tips.o(.constdata) for os_timer_def_Tim0
    tips.o(i.Task1) refers to stm32f10x_gpio.o(i.GPIO_WriteBit) for GPIO_WriteBit
    tips.o(i.Task1) refers to rt_cmsis.o(i.osDelay) for osDelay
    tips.o(i.testInit) refers to stm32f10x_rcc.o(i.RCC_APB2PeriphClockCmd) for RCC_APB2PeriphClockCmd
    tips.o(i.testInit) refers to stm32f10x_gpio.o(i.GPIO_Init) for GPIO_Init
    tips.o(i.testInit) refers to stm32f10x_gpio.o(i.GPIO_WriteBit) for GPIO_WriteBit
    tips.o(.constdata) refers to tips.o(i.Task0) for Task0
    tips.o(.constdata) refers to tips.o(i.TTask0) for TTask0
    tips.o(.constdata) refers to tips.o(.bss) for os_timer_cb_Tim0
    moudle_dec.o(i.MBDEC_Thread) refers to _printf_pad.o(.text) for _printf_pre_padding
    moudle_dec.o(i.MBDEC_Thread) refers to _printf_percent.o(.ARM.Collect$$_printf_percent$$00000000) for _printf_percent
    moudle_dec.o(i.MBDEC_Thread) refers to _printf_x.o(.ARM.Collect$$_printf_percent$$0000000C) for _printf_x
    moudle_dec.o(i.MBDEC_Thread) refers to _printf_hex_int.o(.text) for _printf_longlong_hex
    moudle_dec.o(i.MBDEC_Thread) refers to stm32f10x_gpio.o(i.GPIO_ReadInputData) for GPIO_ReadInputData
    moudle_dec.o(i.MBDEC_Thread) refers to rt_cmsis.o(i.osDelay) for osDelay
    moudle_dec.o(i.MBDEC_Thread) refers to rt_memclr_w.o(.text) for __aeabi_memclr4
    moudle_dec.o(i.MBDEC_Thread) refers to noretval__2sprintf.o(.text) for __2sprintf
    moudle_dec.o(i.MBDEC_Thread) refers to strlen.o(.text) for strlen
    moudle_dec.o(i.MBDEC_Thread) refers to moudle_dec.o(.data) for Moudle_GTA
    moudle_dec.o(i.MBDEC_Thread) refers to usart_stm32f10x.o(.constdata) for Driver_USART1
    moudle_dec.o(i.MoudleDEC_Init) refers to moudle_dec.o(i.MoudleDEC_ioInit) for MoudleDEC_ioInit
    moudle_dec.o(i.MoudleDEC_Init) refers to rt_cmsis.o(i.osThreadCreate) for osThreadCreate
    moudle_dec.o(i.MoudleDEC_Init) refers to moudle_dec.o(.constdata) for os_thread_def_MBDEC_Thread
    moudle_dec.o(i.MoudleDEC_Init) refers to moudle_dec.o(.data) for tid_MBDEC_Thread
    moudle_dec.o(i.MoudleDEC_ioInit) refers to stm32f10x_rcc.o(i.RCC_APB2PeriphClockCmd) for RCC_APB2PeriphClockCmd
    moudle_dec.o(i.MoudleDEC_ioInit) refers to stm32f10x_gpio.o(i.GPIO_Init) for GPIO_Init
    moudle_dec.o(.constdata) refers to moudle_dec.o(i.MBDEC_Thread) for MBDEC_Thread
    lcd_1.44.o(i.LCD144Test_Thread) refers to lcd_1.44.o(i.LCD_1_44_Clear) for LCD_1_44_Clear
    lcd_1.44.o(i.LCD144Test_Thread) refers to gui_1.44.o(i.Show_Str) for Show_Str
    lcd_1.44.o(i.LCD144Test_Thread) refers to gui_1.44.o(i.LCD_1_44_ShowNum2412) for LCD_1_44_ShowNum2412
    lcd_1.44.o(i.LCD144Test_Thread) refers to rt_cmsis.o(i.osDelay) for osDelay
    lcd_1.44.o(i.LCD144Test_Thread) refers to lcd_1.44.o(.data) for LCD144POINT_COLOR
    lcd_1.44.o(i.LCD144_Init) refers to lcd_1.44.o(i.SPI3_Init) for SPI3_Init
    lcd_1.44.o(i.LCD144_Init) refers to lcd_1.44.o(i.LCD_1_44_RESET) for LCD_1_44_RESET
    lcd_1.44.o(i.LCD144_Init) refers to lcd_1.44.o(i.LCD_1_44_WR_REG) for LCD_1_44_WR_REG
    lcd_1.44.o(i.LCD144_Init) refers to rt_cmsis.o(i.osDelay) for osDelay
[...]
    __scatterload_null                       0x08000147   Thumb Code     0  __scatter.o(!!!scatter)
    __decompress                             0x0800016d   Thumb Code    90  __dczerorl2.o(!!dczerorl2)
    __decompress1                            0x0800016d   Thumb Code     0  __dczerorl2.o(!!dczerorl2)
    __scatterload_zeroinit                   0x080001c9   Thumb Code    28  __scatter_zi.o(!!handler_zi)
    _printf_d                                0x080001e5   Thumb Code     0  _printf_d.o(.ARM.Collect$$_printf_percent$$00000009)
    _printf_percent                          0x080001e5   Thumb Code     0  _printf_percent.o(.ARM.Collect$$_printf_percent$$00000000)
    _printf_x                                0x080001eb   Thumb Code     0  _printf_x.o(.ARM.Collect$$_printf_percent$$0000000C)
    _printf_percent_end                      0x080001f1   Thumb Code     0  _printf_percent_end.o(.ARM.Collect$$_printf_percent$$00000017)
    __rt_lib_init                            0x080001f5   Thumb Code     0  libinit.o(.ARM.Collect$$libinit$$00000000)
    __rt_lib_init_alloca_1                   0x080001f7   Thumb Code     0  libinit2.o(.ARM.Collect$$libinit$$0000002E)
    __rt_lib_init_argv_1                     0x080001f7   Thumb Code     0  libinit2.o(.ARM.Collect$$libinit$$0000002C)
    __rt_lib_init_atexit_1                   0x080001f7   Thumb Code     0  libinit2.o(.ARM.Collect$$libinit$$0000001B)
    __rt_lib_init_clock_1                    0x080001f7   Thumb Code     0  libinit2.o(.ARM.Collect$$libinit$$00000021)
    __rt_lib_init_cpp_1                      0x080001f7   Thumb Code     0  libinit2.o(.ARM.Collect$$libinit$$00000032)
    __rt_lib_init_exceptions_1               0x080001f7   Thumb Code     0  libinit2.o(.ARM.Collect$$libinit$$00000030)
    __rt_lib_init_fp_1                       0x080001f7   Thumb Code     0  libinit2.o(.ARM.Collect$$libinit$$00000002)
    __rt_lib_init_fp_trap_1                  0x080001f7   Thumb Code     0  libinit2.o(.ARM.Collect$$libinit$$0000001F)
    __rt_lib_init_getenv_1                   0x080001f7   Thumb Code     0  libinit2.o(.ARM.Collect$$libinit$$00000023)
    __rt_lib_init_heap_1                     0x080001f7   Thumb Code     0  libinit2.o(.ARM.Collect$$libinit$$0000000A)
    __rt_lib_init_lc_collate_1               0x080001f7   Thumb Code     0  libinit2.o(.ARM.Collect$$libinit$$00000011)
    __rt_lib_init_lc_ctype_1                 0x080001f7   Thumb Code     0  libinit2.o(.ARM.Collect$$libinit$$00000013)
    __rt_lib_init_lc_monetary_1              0x080001f7   Thumb Code     0  libinit2.o(.ARM.Collect$$libinit$$00000015)
    __rt_lib_init_lc_numeric_1               0x080001f7   Thumb Code     0  libinit2.o(.ARM.Collect$$libinit$$00000017)
    __rt_lib_init_lc_time_1                  0x080001f7   Thumb Code     0  libinit2.o(.ARM.Collect$$libinit$$00000019)
    __rt_lib_init_preinit_1                  0x080001f7   Thumb Code     0  libinit2.o(.ARM.Collect$$libinit$$00000004)
    __rt_lib_init_rand_1                     0x080001f7   Thumb Code     0  libinit2.o(.ARM.Collect$$libinit$$0000000E)
    __rt_lib_init_return                     0x080001f7   Thumb Code     0  libinit2.o(.ARM.Collect$$libinit$$00000033)
    __rt_lib_init_signal_1                   0x080001f7   Thumb Code     0  libinit2.o(.ARM.Collect$$libinit$$0000001D)
    __rt_lib_init_stdio_1                    0x080001f7   Thumb Code     0  libinit2.o(.ARM.Collect$$libinit$$00000025)
    __rt_lib_init_user_alloc_1               0x080001f7   Thumb Code     0  libinit2.o(.ARM.Collect$$libinit$$0000000C)
    __rt_lib_shutdown                        0x080001f9   Thumb Code     0  libshutdown.o(.ARM.Collect$$libshutdown$$00000000)
    __rt_lib_shutdown_cpp_1                  0x080001fb   Thumb Code     0  libshutdown2.o(.ARM.Collect$$libshutdown$$00000002)
    __rt_lib_shutdown_fp_trap_1              0x080001fb   Thumb Code     0  libshutdown2.o(.ARM.Collect$$libshutdown$$00000007)
    __rt_lib_shutdown_heap_1                 0x080001fb   Thumb Code     0  libshutdown2.o(.ARM.Collect$$libshutdown$$0000000F)
    __rt_lib_shutdown_return                 0x080001fb   Thumb Code     0  libshutdown2.o(.ARM.Collect$$libshutdown$$00000010)
    __rt_lib_shutdown_signal_1               0x080001fb   Thumb Code     0  libshutdown2.o(.ARM.Collect$$libshutdown$$0000000A)
    __rt_lib_shutdown_stdio_1                0x080001fb   Thumb Code     0  libshutdown2.o(.ARM.Collect$$libshutdown$$00000004)
    __rt_lib_shutdown_user_alloc_1           0x080001fb   Thumb Code     0  libshutdown2.o(.ARM.Collect$$libshutdown$$0000000C)
    __rt_entry                               0x080001fd   Thumb Code     0  __rtentry.o(.ARM.Collect$$rtentry$$00000000)
    __rt_entry_presh_1                       0x080001fd   Thumb Code     0  __rtentry2.o(.ARM.Collect$$rtentry$$00000002)
    __rt_entry_sh                            0x080001fd   Thumb Code     0  __rtentry4.o(.ARM.Collect$$rtentry$$00000004)
    __rt_entry_li                            0x08000203   Thumb Code     0  __rtentry2.o(.ARM.Collect$$rtentry$$0000000A)
    __rt_entry_postsh_1                      0x08000203   Thumb Code     0  __rtentry2.o(.ARM.Collect$$rtentry$$00000009)
    __rt_entry_postli_1                      0x08000207   Thumb Code     0  __rtentry2.o(.ARM.Collect$$rtentry$$0000000B)
    __rt_entry_main                          0x0800020f   Thumb Code     0  __rtentry2.o(.ARM.Collect$$rtentry$$0000000D)
    __rt_exit                                0x08000217   Thumb Code     0  rtexit.o(.ARM.Collect$$rtexit$$00000000)
    __rt_exit_ls                             0x08000219   Thumb Code     0  rtexit2.o(.ARM.Collect$$rtexit$$00000003)
    __rt_exit_prels_1                        0x08000219   Thumb Code     0  rtexit2.o(.ARM.Collect$$rtexit$$00000002)
    __rt_exit_exit                           0x0800021d   Thumb Code     0  rtexit2.o(.ARM.Collect$$rtexit$$00000004)
    _platform_post_lib_init                  0x08000225   Thumb Code    24  rtx_conf_cm.o(.emb_text)
    rt_set_PSP                               0x08000241   Thumb Code     6  hal_cm3.o(.emb_text)
    rt_get_PSP                               0x08000247   Thumb Code     6  hal_cm3.o(.emb_text)
    os_set_env                               0x0800024d   Thumb Code    24  hal_cm3.o(.emb_text)
    _alloc_box                               0x08000269   Thumb Code    28  hal_cm3.o(.emb_text)
    _free_box                                0x08000289   Thumb Code    28  hal_cm3.o(.emb_text)
    SVC_Handler                              0x080002a9   Thumb Code   108  hal_cm3.o(.emb_text)
    PendSV_Handler                           0x08000321   Thumb Code    56  hal_cm3.o(.emb_text)
    SysTick_Handler                          0x0800035d   Thumb Code     8  hal_cm3.o(.emb_text)
    OS_Tick_Handler                          0x08000365   Thumb Code    12  hal_cm3.o(.emb_text)
    Reset_Handler                            0x08000371   Thumb Code     8  startup_stm32f10x_hd.o(.text)
    ADC1_2_IRQHandler                        0x0800038b   Thumb Code     0  startup_stm32f10x_hd.o(.text)
    ADC3_IRQHandler                          0x0800038b   Thumb Code     0  startup_stm32f10x_hd.o(.text)
    DMA1_Channel1_IRQHandler                 0x0800038b   Thumb Code     0  startup_stm32f10x_hd.o(.text)
    DMA1_Channel2_IRQHandler                 0x0800038b   Thumb Code     0  startup_stm32f10x_hd.o(.text)
    DMA1_Channel3_IRQHandler                 0x0800038b   Thumb Code     0  startup_stm32f10x_hd.o(.text)
    DMA1_Channel4_IRQHandler                 0x0800038b   Thumb Code     0  startup_stm32f10x_hd.o(.text)
    DMA1_Channel5_IRQHandler                 0x0800038b   Thumb Code     0  startup_stm32f10x_hd.o(.text)
    DMA1_Channel6_IRQHandler                 0x0800038b   Thumb Code     0  startup_stm32f10x_hd.o(.text)
    DMA1_Channel7_IRQHandler                 0x0800038b   Thumb Code     0  startup_stm32f10x_hd.o(.text)
    DMA2_Channel1_IRQHandler                 0x0800038b   Thumb Code     0  startup_stm32f10x_hd.o(.text)
    DMA2_Channel2_IRQHandler                 0x0800038b   Thumb Code     0  startup_stm32f10x_hd.o(.text)
    DMA2_Channel3_IRQHandler                 0x0800038b   Thumb Code     0  startup_stm32f10x_hd.o(.text)
    DMA2_Channel4_5_IRQHandler               0x0800038b   Thumb Code     0  startup_stm32f10x_hd.o(.text)
    EXTI0_IRQHandler                         0x0800038b   Thumb Code     0  startup_stm32f10x_hd.o(.text)
    EXTI1_IRQHandler                         0x0800038b   Thumb Code     0  startup_stm32f10x_hd.o(.text)
    EXTI2_IRQHandler                         0x0800038b   Thumb Code     0  startup_stm32f10x_hd.o(.text)
    EXTI3_IRQHandler                         0x0800038b   Thumb Code     0  startup_stm32f10x_hd.o(.text)
    EXTI4_IRQHandler                         0x0800038b   Thumb Code     0  startup_stm32f10x_hd.o(.text)
    EXTI9_5_IRQHandler                       0x0800038b   Thumb Code     0  startup_stm32f10x_hd.o(.text)
    FLASH_IRQHandler                         0x0800038b   Thumb Code     0  startup_stm32f10x_hd.o(.text)
    FSMC_IRQHandler                          0x0800038b   Thumb Code     0  startup_stm32f10x_hd.o(.text)
    I2C1_ER_IRQHandler                       0x0800038b   Thumb Code     0  startup_stm32f10x_hd.o(.text)
    I2C1_EV_IRQHandler                       0x0800038b   Thumb Code     0  startup_stm32f10x_hd.o(.text)
    I2C2_ER_IRQHandler                       0x0800038b   Thumb Code     0  startup_stm32f10x_hd.o(.text)
    I2C2_EV_IRQHandler                       0x0800038b   Thumb Code     0  startup_stm32f10x_hd.o(.text)
    PVD_IRQHandler                           0x0800038b   Thumb Code     0  startup_stm32f10x_hd.o(.text)
    RCC_IRQHandler                           0x0800038b   Thumb Code     0  startup_stm32f10x_hd.o(.text)
    RTCAlarm_IRQHandler                      0x0800038b   Thumb Code     0  startup_stm32f10x_hd.o(.text)
    RTC_IRQHandler                           0x0800038b   Thumb Code     0  startup_stm32f10x_hd.o(.text)
    SDIO_IRQHandler                          0x0800038b   Thumb Code     0  startup_stm32f10x_hd.o(.text)
    SPI1_IRQHandler                          0x0800038b   Thumb Code     0  startup_stm32f10x_hd.o(.text)
    SPI2_IRQHandler                          0x0800038b   Thumb Code     0  startup_stm32f10x_hd.o(.text)
    SPI3_IRQHandler                          0x0800038b   Thumb Code     0  startup_stm32f10x_hd.o(.text)
    TAMPER_IRQHandler                        0x0800038b   Thumb Code     0  startup_stm32f10x_hd.o(.text)
    TIM1_BRK_IRQHandler                      0x0800038b   Thumb Code     0  startup_stm32f10x_hd.o(.text)
    TIM1_CC_IRQHandler                       0x0800038b   Thumb Code     0  startup_stm32f10x_hd.o(.text)
    TIM1_TRG_COM_IRQHandler                  0x0800038b   Thumb Code     0  startup_stm32f10x_hd.o(.text)
    TIM1_UP_IRQHandler                       0x0800038b   Thumb Code     0  startup_stm32f10x_hd.o(.text)
    TIM2_IRQHandler                          0x0800038b   Thumb Code     0  startup_stm32f10x_hd.o(.text)
    TIM3_IRQHandler                          0x0800038b   Thumb Code     0  startup_stm32f10x_hd.o(.text)
    TIM4_IRQHandler                          0x0800038b   Thumb Code     0  startup_stm32f10x_hd.o(.text)
    TIM5_IRQHandler                          0x0800038b   Thumb Code     0  startup_stm32f10x_hd.o(.text)
    TIM6_IRQHandler                          0x0800038b   Thumb Code     0  startup_stm32f10x_hd.o(.text)
    TIM7_IRQHandler                          0x0800038b   Thumb Code     0  startup_stm32f10x_hd.o(.text)
    TIM8_BRK_IRQHandler                      0x0800038b   Thumb Code     0  startup_stm32f10x_hd.o(.text)
    TIM8_CC_IRQHandler                       0x0800038b   Thumb Code     0  startup_stm32f10x_hd.o(.text)
    TIM8_TRG_COM_IRQHandler                  0x0800038b   Thumb Code     0  startup_stm32f10x_hd.o(.text)
    TIM8_UP_IRQHandler                       0x0800038b   Thumb Code     0  startup_stm32f10x_hd.o(.text)
    UART4_IRQHandler                         0x0800038b   Thumb Code     0  startup_stm32f10x_hd.o(.text)
    UART5_IRQHandler                         0x0800038b   Thumb Code     0  startup_stm32f10x_hd.o(.text)
    USART3_IRQHandler                        0x0800038b   Thumb Code     0  startup_stm32f10x_hd.o(.text)
    USBWakeUp_IRQHandler                     0x0800038b   Thumb Code     0  startup_stm32f10x_hd.o(.text)
    WWDG_IRQHandler                          0x0800038b   Thumb Code     0  startup_stm32f10x_hd.o(.text)
    __user_initial_stackheap                 0x0800038d   Thumb Code     0  startup_stm32f10x_hd.o(.text)
    __user_libspace                          0x080003b1   Thumb Code     8  libspace.o(.text)
    __user_perproc_libspace                  0x080003b1   Thumb Code     0  libspace.o(.text)
    __2sprintf                               0x080003b9   Thumb Code    34  noretval__2sprintf.o(.text)
    _printf_pre_padding                      0x080003e1   Thumb Code    44  _printf_pad.o(.text)
    _printf_post_padding                     0x0800040d   Thumb Code    34  _printf_pad.o(.text)
    _printf_int_dec                          0x08000431   Thumb Code   104  _printf_dec.o(.text)
    _printf_int_hex                          0x080004a9   Thumb Code    84  _printf_hex_int.o(.text)
    _printf_longlong_hex                     0x080004a9   Thumb Code     0  _printf_hex_int.o(.text)
    __printf                                 0x08000501   Thumb Code   308  __printf_flags_wp.o(.text)
    exit                                     0x08000639   Thumb Code    18  exit.o(.text)
    strstr                                   0x0800064b   Thumb Code    36  strstr.o(.text)
    strlen                                   0x0800066f   Thumb Code    62  strlen.o(.text)
    strcat                                   0x080006ad   Thumb Code    24  strcat.o(.text)
    __aeabi_memcpy                           0x080006c5   Thumb Code     0  rt_memcpy_v6.o(.text)
    __rt_memcpy                              0x080006c5   Thumb Code   138  rt_memcpy_v6.o(.text)
    _memcpy_lastbytes                        0x0800072b   Thumb Code     0  rt_memcpy_v6.o(.text)
    __aeabi_memcpy4                          0x0800074f   Thumb Code     0  rt_memcpy_w.o(.text)
    __aeabi_memcpy8                          0x0800074f   Thumb Code     0  rt_memcpy_w.o(.text)
    __rt_memcpy_w                            0x0800074f   Thumb Code   100  rt_memcpy_w.o(.text)
    _memcpy_lastbytes_aligned                0x08000797   Thumb Code     0  rt_memcpy_w.o(.text)
    __aeabi_memclr                           0x080007b3   Thumb Code     0  rt_memclr.o(.text)
    __rt_memclr                              0x080007b3   Thumb Code    68  rt_memclr.o(.text)
    _memset                                  0x080007b7   Thumb Code     0  rt_memclr.o(.text)
    __aeabi_memclr4                          0x080007f7   Thumb Code     0  rt_memclr_w.o(.text)
    __aeabi_memclr8                          0x080007f7   Thumb Code     0  rt_memclr_w.o(.text)
    __rt_memclr_w                            0x080007f7   Thumb Code    78  rt_memclr_w.o(.text)
    _memset_w                                0x080007fb   Thumb Code     0  rt_memclr_w.o(.text)
    __use_two_region_memory                  0x08000845   Thumb Code     2  heapauxi.o(.text)
    __rt_heap_escrow$2region                 0x08000847   Thumb Code     2  heapauxi.o(.text)
    __rt_heap_expand$2region                 0x08000849   Thumb Code     2  heapauxi.o(.text)
    _printf_int_common                       0x0800084b   Thumb Code   178  _printf_intcommon.o(.text)
    _printf_char_common                      0x08000907   Thumb Code    32  _printf_char_common.o(.text)
    _sputc                                   0x0800092d   Thumb Code    10  _sputc.o(.text)
    _sys_exit                                0x08000939   Thumb Code     8  sys_exit.o(.text)
    __user_setup_stackheap                   0x08000945   Thumb Code    74  sys_stackheap_outer.o(.text)
    __I$use$semihosting                      0x0800098f   Thumb Code     0  use_no_semi.o(.text)
    __use_no_semihosting_swi                 0x0800098f   Thumb Code     2  use_no_semi.o(.text)
    SVC_Count                                0x08000990   Data           4  svc_table.o(SVC_TABLE)
    __semihosting_library_function           0x08000991   Thumb Code     0  indicate_semi.o(.text)
    ADC_Cmd                                  0x08000995   Thumb Code    22  stm32f10x_adc.o(i.ADC_Cmd)
    SVC_Table                                0x08000994   Data           0  svc_table.o(SVC_TABLE)
    ADC_DeInit                               0x080009ad   Thumb Code    78  stm32f10x_adc.o(i.ADC_DeInit)
    ADC_GetCalibrationStatus                 0x08000a09   Thumb Code    20  stm32f10x_adc.o(i.ADC_GetCalibrationStatus)
    ADC_GetConversionValue                   0x08000a1d   Thumb Code     8  stm32f10x_adc.o(i.ADC_GetConversionValue)
    ADC_GetFlagStatus                        0x08000a25   Thumb Code    18  stm32f10x_adc.o(i.ADC_GetFlagStatus)
    ADC_GetResetCalibrationStatus            0x08000a37   Thumb Code    20  stm32f10x_adc.o(i.ADC_GetResetCalibrationStatus)
    ADC_Init                                 0x08000a4d   Thumb Code    70  stm32f10x_adc.o(i.ADC_Init)
    ADC_RegularChannelConfig                 0x08000a9d   Thumb Code   184  stm32f10x_adc.o(i.ADC_RegularChannelConfig)
    ADC_ResetCalibration                     0x08000b55   Thumb Code    10  stm32f10x_adc.o(i.ADC_ResetCalibration)
    ADC_SoftwareStartConvCmd                 0x08000b5f   Thumb Code    22  stm32f10x_adc.o(i.ADC_SoftwareStartConvCmd)
    ADC_StartCalibration                     0x08000b75   Thumb Code    10  stm32f10x_adc.o(i.ADC_StartCalibration)
    ADD_CHECK                                0x08000b7f   Thumb Code    28  finger_id.o(i.ADD_CHECK)
    BSP_Init                                 0x08000b9b   Thumb Code    12  bsp.o(i.BSP_Init)
    BusFault_Handler                         0x08000ba7   Thumb Code     4  stm32f10x_it.o(i.BusFault_Handler)
    CAN1_RX1_IRQHandler                      0x08000bad   Thumb Code   218  can_stm32f10x.o(i.CAN1_RX1_IRQHandler)
    CAN1_SCE_IRQHandler                      0x08000c99   Thumb Code   140  can_stm32f10x.o(i.CAN1_SCE_IRQHandler)
    DebugMon_Handler                         0x08000d2d   Thumb Code     2  stm32f10x_it.o(i.DebugMon_Handler)
    EXTI15_10_IRQHandler                     0x08000d31   Thumb Code   300  infratrans.o(i.EXTI15_10_IRQHandler)
    EXTI_ClearFlag                           0x08000e89   Thumb Code     6  stm32f10x_exti.o(i.EXTI_ClearFlag)
    EXTI_ClearITPendingBit                   0x08000e95   Thumb Code     6  stm32f10x_exti.o(i.EXTI_ClearITPendingBit)
    EXTI_GetITStatus                         0x08000ea1   Thumb Code    34  stm32f10x_exti.o(i.EXTI_GetITStatus)
    EXTI_Init                                0x08000ec9   Thumb Code   142  stm32f10x_exti.o(i.EXTI_Init)
    FID_USARTInitCallback                    0x08000f5d   Thumb Code     2  finger_id.o(i.FID_USARTInitCallback)
    GPIO_AFConfigure                         0x08000f61   Thumb Code   146  gpio_stm32f10x.o(i.GPIO_AFConfigure)
    GPIO_EXTILineConfig                      0x08000ffd   Thumb Code    60  stm32f10x_gpio.o(i.GPIO_EXTILineConfig)
    GPIO_GetPortClockState                   0x0800103d   Thumb Code   118  gpio_stm32f10x.o(i.GPIO_GetPortClockState)
    GPIO_Init                                0x080010d5   Thumb Code   278  stm32f10x_gpio.o(i.GPIO_Init)
    GPIO_PinConfigure                        0x080011eb   Thumb Code   120  gpio_stm32f10x.o(i.GPIO_PinConfigure)
    GPIO_PinRemapConfig                      0x08001265   Thumb Code   138  stm32f10x_gpio.o(i.GPIO_PinRemapConfig)
    GPIO_PortClock                           0x080012f5   Thumb Code   284  gpio_stm32f10x.o(i.GPIO_PortClock)
    GPIO_ReadInputData                       0x08001431   Thumb Code     8  stm32f10x_gpio.o(i.GPIO_ReadInputData)
    GPIO_ReadInputDataBit                    0x08001439   Thumb Code    18  stm32f10x_gpio.o(i.GPIO_ReadInputDataBit)
    GPIO_SetBits                             0x0800144b   Thumb Code     4  stm32f10x_gpio.o(i.GPIO_SetBits)
    GPIO_WriteBit                            0x0800144f   Thumb Code    10  stm32f10x_gpio.o(i.GPIO_WriteBit)
    HW_ReceiveTime                           0x08001459   Thumb Code    44  infratrans.o(i.HW_ReceiveTime)
    HardFault_Handler                        0x08001489   Thumb Code     4  stm32f10x_it.o(i.HardFault_Handler)
    IFR_Send                                 0x0800148d   Thumb Code   232  infratrans.o(i.IFR_Send)
    LCD144GUI_DrawFont16                     0x08001585   Thumb Code   252  gui_1.44.o(i.LCD144GUI_DrawFont16)
    LCD144GUI_DrawFont24                     0x0800168d   Thumb Code   268  gui_1.44.o(i.LCD144GUI_DrawFont24)
    LCD144GUI_DrawFont32                     0x080017a5   Thumb Code   252  gui_1.44.o(i.LCD144GUI_DrawFont32)
    LCD144Test_Thread                        0x080018ad   Thumb Code   274  lcd_1.44.o(i.LCD144Test_Thread)
    LCD144_Init                              0x08001a21   Thumb Code   418  lcd_1.44.o(i.LCD144_Init)
    LCD144_test                              0x08001bc5   Thumb Code    20  lcd_1.44.o(i.LCD144_test)
    LCD_1_44_Clear                           0x08001be1   Thumb Code    68  lcd_1.44.o(i.LCD_1_44_Clear)
    LCD_1_44_DrawPoint                       0x08001c29   Thumb Code    24  lcd_1.44.o(i.LCD_1_44_DrawPoint)
    LCD_1_44_RESET                           0x08001c45   Thumb Code    28  lcd_1.44.o(i.LCD_1_44_RESET)
    LCD_1_44_SetCursor                       0x08001c65   Thumb Code    20  lcd_1.44.o(i.LCD_1_44_SetCursor)
    LCD_1_44_SetParam                        0x08001c79   Thumb Code    38  lcd_1.44.o(i.LCD_1_44_SetParam)
    LCD_1_44_SetWindows                      0x08001ca5   Thumb Code    80  lcd_1.44.o(i.LCD_1_44_SetWindows)
    LCD_1_44_ShowChar                        0x08001cf9   Thumb Code   280  gui_1.44.o(i.LCD_1_44_ShowChar)
    LCD_1_44_ShowNum2412                     0x08001e21   Thumb Code   232  gui_1.44.o(i.LCD_1_44_ShowNum2412)
    LCD_1_44_WR_DATA                         0x08001f15   Thumb Code    38  lcd_1.44.o(i.LCD_1_44_WR_DATA)
    LCD_1_44_WR_DATA_16Bit                   0x08001f49   Thumb Code    46  lcd_1.44.o(i.LCD_1_44_WR_DATA_16Bit)
    LCD_1_44_WR_REG                          0x08001f85   Thumb Code    38  lcd_1.44.o(i.LCD_1_44_WR_REG)
    LCD_1_44_WriteRAM_Prepare                0x08001fb9   Thumb Code    12  lcd_1.44.o(i.LCD_1_44_WriteRAM_Prepare)
    LCD_1_44_WriteReg                        0x08001fc9   Thumb Code    20  lcd_1.44.o(i.LCD_1_44_WriteReg)
    LW_ReceiveTime                           0x08001fdd   Thumb Code    44  infratrans.o(i.LW_ReceiveTime)
    MBDEC_Thread                             0x0800200d   Thumb Code   520  moudle_dec.o(i.MBDEC_Thread)
    MemManage_Handler                        0x080022f1   Thumb Code     4  stm32f10x_it.o(i.MemManage_Handler)
    MoudleDEC_Init                           0x080022f5   Thumb Code    20  moudle_dec.o(i.MoudleDEC_Init)
    MoudleDEC_ioInit                         0x08002311   Thumb Code   104  moudle_dec.o(i.MoudleDEC_ioInit)
    NMI_Handler                              0x08002385   Thumb Code     2  stm32f10x_it.o(i.NMI_Handler)
    NVIC_Init                                0x08002389   Thumb Code   100  misc.o(i.NVIC_Init)
    NVIC_PriorityGroupConfig                 0x080023f9   Thumb Code    10  misc.o(i.NVIC_PriorityGroupConfig)
    RCC_ADCCLKConfig                         0x0800240d   Thumb Code    18  stm32f10x_rcc.o(i.RCC_ADCCLKConfig)
    RCC_APB1PeriphClockCmd                   0x08002425   Thumb Code    26  stm32f10x_rcc.o(i.RCC_APB1PeriphClockCmd)
    RCC_APB2PeriphClockCmd                   0x08002445   Thumb Code    26  stm32f10x_rcc.o(i.RCC_APB2PeriphClockCmd)
    RCC_APB2PeriphResetCmd                   0x08002465   Thumb Code    26  stm32f10x_rcc.o(i.RCC_APB2PeriphResetCmd)
    Remote_Init                              0x08002485   Thumb Code   166  infratrans.o(i.Remote_Init)
    SPI3_Init                                0x08002535   Thumb Code   182  lcd_1.44.o(i.SPI3_Init)
    SPI_Cmd                                  0x08002601   Thumb Code    24  stm32f10x_spi.o(i.SPI_Cmd)
    SPI_Init                                 0x08002619   Thumb Code    60  stm32f10x_spi.o(i.SPI_Init)
    SPI_WriteByte                            0x08002655   Thumb Code    34  lcd_1.44.o(i.SPI_WriteByte)
    Show_Str                                 0x08002761   Thumb Code   268  gui_1.44.o(i.Show_Str)
    SystemInit                               0x08002871   Thumb Code    78  system_stm32f10x.o(i.SystemInit)
    USART1Debug_Init                         0x080028d1   Thumb Code    62  datatrans_usart.o(i.USART1Debug_Init)
    USART1_IRQHandler                        0x0800299d   Thumb Code    10  usart_stm32f10x.o(i.USART1_IRQHandler)
    USART1fingerID_Init                      0x08002a45   Thumb Code    62  finger_id.o(i.USART1fingerID_Init)
    USART2Wirless_Init                       0x08002aa9   Thumb Code    62  datatrans_usart.o(i.USART2Wirless_Init)
    USART2_IRQHandler                        0x08002b81   Thumb Code    10  usart_stm32f10x.o(i.USART2_IRQHandler)
    USARTDebug_Thread                        0x08002c29   Thumb Code   108  datatrans_usart.o(i.USARTDebug_Thread)
    USARTWireless_Thread                     0x08002ca9   Thumb Code    22  datatrans_usart.o(i.USARTWireless_Thread)
    USART_IRQHandler                         0x0800366b   Thumb Code   630  usart_stm32f10x.o(i.USART_IRQHandler)
    USART_allInit                            0x08003f21   Thumb Code    12  datatrans_usart.o(i.USART_allInit)
    USARTthread_Active                       0x08003f2d   Thumb Code    32  datatrans_usart.o(i.USARTthread_Active)
    USB_HP_CAN1_TX_IRQHandler                0x08003f6d   Thumb Code   264  can_stm32f10x.o(i.USB_HP_CAN1_TX_IRQHandler)
    USB_LP_CAN1_RX0_IRQHandler               0x08004085   Thumb Code   218  can_stm32f10x.o(i.USB_LP_CAN1_RX0_IRQHandler)
    UsageFault_Handler                       0x08004171   Thumb Code     4  stm32f10x_it.o(i.UsageFault_Handler)
    _init_box                                0x08004175   Thumb Code    70  rt_membox.o(i._init_box)
    _is_digit                                0x080041bb   Thumb Code    14  __printf_wp.o(i._is_digit)
    _mutex_acquire                           0x080041c9   Thumb Code    22  rtx_conf_cm.o(i._mutex_acquire)
    _mutex_release                           0x080041e9   Thumb Code    18  rtx_conf_cm.o(i._mutex_release)
    abc                                      0x08004205   Thumb Code    20  key&tips.o(i.abc)
    bsp_delayinit                            0x08004225   Thumb Code    30  delay.o(i.bsp_delayinit)
    dbg_init                                 0x0800424d   Thumb Code    34  hal_cm.o(i.dbg_init)
    dbg_task_notify                          0x0800427d   Thumb Code    32  hal_cm.o(i.dbg_task_notify)
    dbg_task_switch                          0x0800429d   Thumb Code    16  hal_cm.o(i.dbg_task_switch)
    delay_us                                 0x080042ad   Thumb Code    36  delay.o(i.delay_us)
    fingerID_Active                          0x080042dd   Thumb Code    16  finger_id.o(i.fingerID_Active)
    fingerID_Thread                          0x080042f5   Thumb Code   102  finger_id.o(i.fingerID_Thread)
    frameLoad_TX                             0x08004369   Thumb Code   108  finger_id.o(i.frameLoad_TX)
    funDB_keyIFR_OFF                         0x080043dd   Thumb Code    14  datatrans_usart.o(i.funDB_keyIFR_OFF)
    funDB_keyIFR_ON                          0x080043f1   Thumb Code    14  datatrans_usart.o(i.funDB_keyIFR_ON)
    funDB_keyMB_OFF                          0x08004405   Thumb Code    14  datatrans_usart.o(i.funDB_keyMB_OFF)
    funDB_keyMB_ON                           0x08004419   Thumb Code    14  datatrans_usart.o(i.funDB_keyMB_ON)
    isrMessageGet                            0x080047d5   Thumb Code    42  rt_cmsis.o(i.isrMessageGet)
    isrMessagePut                            0x080047ff   Thumb Code    44  rt_cmsis.o(i.isrMessagePut)
    isrSignalSet                             0x0800482b   Thumb Code    36  rt_cmsis.o(i.isrSignalSet)
    isr_evt_set                              0x08004851   Thumb Code    34  rt_event.o(i.isr_evt_set)
    isr_mbx_receive                          0x08004879   Thumb Code    86  rt_mailbox.o(i.isr_mbx_receive)
    isr_mbx_send                             0x080048cf   Thumb Code    14  rt_mailbox.o(i.isr_mbx_send)
    keyIFRActive                             0x080048dd   Thumb Code    16  infratrans.o(i.keyIFRActive)
    keyIFRGet_Adc                            0x080048f5   Thumb Code    46  infratrans.o(i.keyIFRGet_Adc)
    keyIFR_ADCInit                           0x08004929   Thumb Code   138  infratrans.o(i.keyIFR_ADCInit)
    keyIFR_Scan                              0x080049bd   Thumb Code    42  infratrans.o(i.keyIFR_Scan)
    keyIFR_Thread                            0x080049e9   Thumb Code    66  infratrans.o(i.keyIFR_Thread)
    keyInit                                  0x08004a61   Thumb Code    40  key&tips.o(i.keyInit)
    keyMboardActive                          0x08004a8d   Thumb Code    16  key&tips.o(i.keyMboardActive)
    keyMboard_Thread                         0x08004aa5   Thumb Code    56  key&tips.o(i.keyMboard_Thread)
    key_Thread                               0x08004b2d   Thumb Code   980  key&tips.o(i.key_Thread)
    key_Thread2                              0x08004fd1   Thumb Code   980  infratrans.o(i.key_Thread2)
    main                                     0x08005475   Thumb Code    44  main.o(i.main)
    myUSART1_callback                        0x080054a1   Thumb Code     2  datatrans_usart.o(i.myUSART1_callback)
    myUSART2_callback                        0x080054a3   Thumb Code     2  datatrans_usart.o(i.myUSART2_callback)
    osDelay                                  0x080054a5   Thumb Code    18  rt_cmsis.o(i.osDelay)
    osKernelInitialize                       0x080054bd   Thumb Code    30  rt_cmsis.o(i.osKernelInitialize)
    osKernelStart                            0x080054e1   Thumb Code    98  rt_cmsis.o(i.osKernelStart)
    osKernelSysTick                          0x0800554d   Thumb Code    18  rt_cmsis.o(i.osKernelSysTick)
    osMessageGet                             0x08005565   Thumb Code    18  rt_cmsis.o(i.osMessageGet)
    osSignalClear                            0x0800557d   Thumb Code    20  rt_cmsis.o(i.osSignalClear)
    osSignalSet                              0x08005595   Thumb Code    18  rt_cmsis.o(i.osSignalSet)
    osSignalWait                             0x080055ad   Thumb Code    18  rt_cmsis.o(i.osSignalWait)
    osThreadCreate                           0x080055c5   Thumb Code    36  rt_cmsis.o(i.osThreadCreate)
    osThreadExit                             0x080055f1   Thumb Code    14  rt_cmsis.o(i.osThreadExit)
    osThreadGetId                            0x08005609   Thumb Code    18  rt_cmsis.o(i.osThreadGetId)
    osThreadTerminate                        0x08005621   Thumb Code    18  rt_cmsis.o(i.osThreadTerminate)
    osTimerCall                              0x08005639   Thumb Code     8  rt_cmsis.o(i.osTimerCall)
    osTimerThread                            0x08005645   Thumb Code    38  rt_cmsis.o(i.osTimerThread)
    os_error                                 0x08005671   Thumb Code    34  rtx_conf_cm.o(i.os_error)
    os_idle_demon                            0x08005693   Thumb Code     4  rtx_conf_cm.o(i.os_idle_demon)
    os_tick_init                             0x08005699   Thumb Code    32  rt_system.o(i.os_tick_init)
    os_tick_irqack                           0x080056c1   Thumb Code     2  rt_system.o(i.os_tick_irqack)
    os_tick_ovf                              0x080056c5   Thumb Code    10  rt_system.o(i.os_tick_ovf)
    os_tick_val                              0x080056d5   Thumb Code    14  rt_system.o(i.os_tick_val)
    rt_alloc_box                             0x080056e9   Thumb Code    26  rt_membox.o(i.rt_alloc_box)
    rt_alloc_mem                             0x08005703   Thumb Code    62  rt_memory.o(i.rt_alloc_mem)
    rt_block                                 0x08005741   Thumb Code    48  rt_task.o(i.rt_block)
    rt_chk_robin                             0x08005779   Thumb Code    60  rt_robin.o(i.rt_chk_robin)
    rt_dec_dly                               0x080057c1   Thumb Code   102  rt_list.o(i.rt_dec_dly)
    rt_dispatch                              0x08005831   Thumb Code    60  rt_task.o(i.rt_dispatch)
    rt_dly_wait                              0x08005875   Thumb Code     6  rt_time.o(i.rt_dly_wait)
    rt_evt_clr                               0x0800587d   Thumb Code    22  rt_event.o(i.rt_evt_clr)
    rt_evt_psh                               0x08005899   Thumb Code    76  rt_event.o(i.rt_evt_psh)
    rt_evt_set                               0x080058e9   Thumb Code    88  rt_event.o(i.rt_evt_set)
    rt_evt_wait                              0x08005945   Thumb Code    56  rt_event.o(i.rt_evt_wait)
    rt_free_box                              0x08005981   Thumb Code    44  rt_membox.o(i.rt_free_box)
    rt_free_mem                              0x080059ad   Thumb Code    40  rt_memory.o(i.rt_free_mem)
    rt_get_first                             0x080059d5   Thumb Code    40  rt_list.o(i.rt_get_first)
    rt_init_mem                              0x08005a4d   Thumb Code    26  rt_memory.o(i.rt_init_mem)
    rt_init_robin                            0x08005a69   Thumb Code    14  rt_robin.o(i.rt_init_robin)
    rt_init_stack                            0x08005a81   Thumb Code   118  hal_cm.o(i.rt_init_stack)
    rt_mbx_check                             0x08005b01   Thumb Code     8  rt_mailbox.o(i.rt_mbx_check)
    rt_mbx_init                              0x08005b09   Thumb Code    26  rt_mailbox.o(i.rt_mbx_init)
    rt_mbx_psh                               0x08005b25   Thumb Code   236  rt_mailbox.o(i.rt_mbx_psh)
    rt_mbx_wait                              0x08005c15   Thumb Code   174  rt_mailbox.o(i.rt_mbx_wait)
    rt_mut_release                           0x08005d0d   Thumb Code   208  rt_mutex.o(i.rt_mut_release)
    rt_mut_wait                              0x08005de5   Thumb Code   114  rt_mutex.o(i.rt_mut_wait)
    rt_pop_req                               0x08005e5d   Thumb Code   112  rt_system.o(i.rt_pop_req)
    rt_psh_req                               0x08005ed9   Thumb Code    22  rt_system.o(i.rt_psh_req)
    rt_psq_enq                               0x08005ef9   Thumb Code    88  rt_list.o(i.rt_psq_enq)
    rt_put_dly                               0x08005f55   Thumb Code    68  rt_list.o(i.rt_put_dly)
    rt_put_prio                              0x08005f9d   Thumb Code    54  rt_list.o(i.rt_put_prio)
    rt_put_rdy_first                         0x08005fd5   Thumb Code    14  rt_list.o(i.rt_put_rdy_first)
    rt_resort_prio                           0x08005fe9   Thumb Code    46  rt_list.o(i.rt_resort_prio)
    rt_ret_val                               0x0800601d   Thumb Code     6  hal_cm.o(i.rt_ret_val)
    rt_ret_val2                              0x08006023   Thumb Code     8  hal_cm.o(i.rt_ret_val2)
    rt_rmv_dly                               0x0800602b   Thumb Code    40  rt_list.o(i.rt_rmv_dly)
    rt_rmv_list                              0x08006055   Thumb Code    44  rt_list.o(i.rt_rmv_list)
    rt_sem_psh                               0x08006085   Thumb Code    48  rt_semaphore.o(i.rt_sem_psh)
    rt_stk_check                             0x080060b9   Thumb Code    28  rt_system.o(i.rt_stk_check)
    rt_switch_req                            0x080060dd   Thumb Code    30  rt_task.o(i.rt_switch_req)
    rt_sys_init                              0x08006105   Thumb Code   138  rt_task.o(i.rt_sys_init)
    rt_sys_start                             0x080061d1   Thumb Code   110  rt_task.o(i.rt_sys_start)
    rt_systick                               0x08006249   Thumb Code    50  rt_system.o(i.rt_systick)
    rt_tsk_create                            0x080062d1   Thumb Code   118  rt_task.o(i.rt_tsk_create)
    rt_tsk_delete                            0x08006359   Thumb Code   352  rt_task.o(i.rt_tsk_delete)
    rt_tsk_prio                              0x080064d5   Thumb Code   108  rt_task.o(i.rt_tsk_prio)
    rt_tsk_self                              0x08006551   Thumb Code    12  rt_task.o(i.rt_tsk_self)
    svcDelay                                 0x08006561   Thumb Code    18  rt_cmsis.o(i.svcDelay)
    svcKernelInitialize                      0x08006575   Thumb Code    80  rt_cmsis.o(i.svcKernelInitialize)
    svcKernelStart                           0x080065e5   Thumb Code    62  rt_cmsis.o(i.svcKernelStart)
    svcKernelSysTick                         0x0800662d   Thumb Code    46  rt_cmsis.o(i.svcKernelSysTick)
    svcMessageCreate                         0x08006665   Thumb Code    36  rt_cmsis.o(i.svcMessageCreate)
    svcMessageGet                            0x08006689   Thumb Code    58  rt_cmsis.o(i.svcMessageGet)
    svcSignalClear                           0x080066c3   Thumb Code    36  rt_cmsis.o(i.svcSignalClear)
    svcSignalSet                             0x080066e7   Thumb Code    36  rt_cmsis.o(i.svcSignalSet)
    svcSignalWait                            0x0800670d   Thumb Code    80  rt_cmsis.o(i.svcSignalWait)
    svcThreadCreate                          0x08006761   Thumb Code    96  rt_cmsis.o(i.svcThreadCreate)
    svcThreadGetId                           0x080067cd   Thumb Code    22  rt_cmsis.o(i.svcThreadGetId)
    svcThreadTerminate                       0x080067e9   Thumb Code    50  rt_cmsis.o(i.svcThreadTerminate)
    svcTimerCall                             0x08006821   Thumb Code    24  rt_cmsis.o(i.svcTimerCall)
    sysTimerTick                             0x08006839   Thumb Code    84  rt_cmsis.o(i.sysTimerTick)
    testInit                                 0x08006895   Thumb Code    52  tips.o(i.testInit)
    test_s10                                 0x080068cd   Thumb Code    20  infratrans.o(i.test_s10)
    usr_sigin                                0x080068ed   Thumb Code     8  infratrans.o(i.usr_sigin)
    usr_sigout                               0x080068f9   Thumb Code    20  infratrans.o(i.usr_sigout)
    os_thread_def_MBDEC_Thread               0x0800691c   Data          16  moudle_dec.o(.constdata)
    os_thread_def_LCD144Test_Thread          0x0800692c   Data          16  lcd_1.44.o(.constdata)
    LCD144asc2_1206                          0x0800693c   Data        1140  gui_1.44.o(.constdata)
    LCD144asc2_1608                          0x08006db0   Data        1520  gui_1.44.o(.constdata)
    LCD144asc2_2412                          0x080073a0   Data         624  gui_1.44.o(.constdata)
    tfont16                                  0x08007610   Data         238  gui_1.44.o(.constdata)
    tfont24                                  0x080076fe   Data        7844  gui_1.44.o(.constdata)
    tfont32                                  0x080095a2   Data         130  gui_1.44.o(.constdata)
    os_thread_def_keyMboard_Thread           0x08009624   Data          16  key&tips.o(.constdata)
    os_thread_def_keyIFR_Thread              0x08009634   Data          16  infratrans.o(.constdata)
    Tab_size                                 0x08009644   Data           1  infratrans.o(.constdata)
    IFR_PER                                  0x08009645   Data           1  infratrans.o(.constdata)
    os_thread_def_fingerID_Thread            0x08009648   Data          16  finger_id.o(.constdata)
    os_pool_def_FIDpool                      0x08009658   Data          12  finger_id.o(.constdata)
    os_messageQ_def_MsgBox                   0x08009664   Data           8  finger_id.o(.constdata)
    FID_FrameHead_size                       0x0800966c   Data           1  finger_id.o(.constdata)
    FID_ADDR_size                            0x0800966d   Data           1  finger_id.o(.constdata)
    FID_FrameHead                            0x0800966e   Data           2  finger_id.o(.constdata)
    FID_ADDR                                 0x08009670   Data           4  finger_id.o(.constdata)
    TestCMD_PAGSIZE                          0x08009674   Data           1  datatrans_usart.o(.constdata)
    TestCMD_MAXSIZE                          0x08009675   Data           1  datatrans_usart.o(.constdata)
    os_thread_def_USARTDebug_Thread          0x08009678   Data          16  datatrans_usart.o(.constdata)
    os_thread_def_USARTWireless_Thread       0x08009688   Data          16  datatrans_usart.o(.constdata)
    os_mutex_def_uart_mutex                  0x08009698   Data           4  datatrans_usart.o(.constdata)
    Driver_USART1                            0x08009780   Data          56  usart_stm32f10x.o(.constdata)
    Driver_USART2                            0x080097b8   Data          56  usart_stm32f10x.o(.constdata)
    os_maxtaskrun                            0x080097f0   Data           2  rtx_conf_cm.o(.constdata)
    os_stackinfo                             0x080097f4   Data           4  rtx_conf_cm.o(.constdata)
    os_rrobin                                0x080097f8   Data           4  rtx_conf_cm.o(.constdata)
    os_tickfreq                              0x080097fc   Data           4  rtx_conf_cm.o(.constdata)
    os_tickus_i                              0x08009800   Data           2  rtx_conf_cm.o(.constdata)
    os_tickus_f                              0x08009802   Data           2  rtx_conf_cm.o(.constdata)
    os_trv                                   0x08009804   Data           4  rtx_conf_cm.o(.constdata)
    os_flags                                 0x08009808   Data           1  rtx_conf_cm.o(.constdata)
    CMSIS_RTOS_API_Version                   0x0800980c   Data           4  rtx_conf_cm.o(.constdata)
    CMSIS_RTOS_RTX_Version                   0x08009810   Data           4  rtx_conf_cm.o(.constdata)
    os_clockrate                             0x08009814   Data           4  rtx_conf_cm.o(.constdata)
    os_timernum                              0x08009818   Data           4  rtx_conf_cm.o(.constdata)
    mp_tcb_size                              0x0800981c   Data           2  rtx_conf_cm.o(.constdata)
    mp_stk_size                              0x08009820   Data           4  rtx_conf_cm.o(.constdata)
    os_stack_sz                              0x08009824   Data           4  rtx_conf_cm.o(.constdata)
    os_fifo_size                             0x08009828   Data           1  rtx_conf_cm.o(.constdata)
    os_thread_def_osTimerThread              0x0800982c   Data          16  rtx_conf_cm.o(.constdata)
    os_messageQ_def_osTimerMessageQ          0x0800983c   Data           8  rtx_conf_cm.o(.constdata)
    mp_tmr_size                              0x08009844   Data           2  rtx_conf_cm.o(.constdata)
    os_thread_def_main                       0x08009848   Data          16  rtx_conf_cm.o(.constdata)
    Region$$Table$$Base                      0x08009984   Number         0  anon$$obj.o(Region$$Table)
    Region$$Table$$Limit                     0x080099a4   Number         0  anon$$obj.o(Region$$Table)
    Moudle_GTA                               0x20000000   Data           3  moudle_dec.o(.data)
    tid_MBDEC_Thread                         0x20000004   Data           4  moudle_dec.o(.data)
    tid_LCD144Test_Thread                    0x2000000c   Data           4  lcd_1.44.o(.data)
    LCD144POINT_COLOR                        0x20000010   Data           2  lcd_1.44.o(.data)
    LCD144BACK_COLOR                         0x20000012   Data           2  lcd_1.44.o(.data)
    DeviceCode                               0x20000014   Data           2  lcd_1.44.o(.data)
    tid_keyMboard_Thread                     0x20000018   Data           4  key&tips.o(.data)
    tid_keyIFR_Thread                        0x20000044   Data           4  infratrans.o(.data)
    measure_en                               0x20000048   Data           1  infratrans.o(.data)
    tabHp                                    0x20000049   Data           1  infratrans.o(.data)
    tabLp                                    0x2000004a   Data           1  infratrans.o(.data)
    tid_fingerID_Thread                      0x20000078   Data           4  finger_id.o(.data)
    FIDpool                                  0x2000007c   Data           4  finger_id.o(.data)
    MsgBox                                   0x20000080   Data           4  finger_id.o(.data)
    TestCMD                                  0x20000084   Data          80  datatrans_usart.o(.data)
    TestREP                                  0x200000d4   Data          80  datatrans_usart.o(.data)
    funDebugTab                              0x20000124   Data          16  datatrans_usart.o(.data)
    tid_USARTDebug_Thread                    0x20000134   Data           4  datatrans_usart.o(.data)
    tid_USARTWireless_Thread                 0x20000138   Data           4  datatrans_usart.o(.data)
    osThreadId_osTimerThread                 0x2000013c   Data           4  rtx_conf_cm.o(.data)
    osMessageQId_osTimerMessageQ             0x20000140   Data           4  rtx_conf_cm.o(.data)
    os_tmr                                   0x20000144   Data           4  rtx_conf_cm.o(.data)
    m_tmr                                    0x20000148   Data           4  rtx_conf_cm.o(.data)
    SystemCoreClock                          0x20000160   Data           4  system_stm32f10x.o(.data)
    AHBPrescTable                            0x20000164   Data          16  system_stm32f10x.o(.data)
    os_initialized                           0x20000174   Data           1  rt_cmsis.o(.data)
    os_running                               0x20000175   Data           1  rt_cmsis.o(.data)
    os_timer_head                            0x20000178   Data           4  rt_cmsis.o(.data)
    os_tsk                                   0x2000017c   Data           8  rt_task.o(.data)
    os_tick_irqn                             0x20000188   Data           4  rt_system.o(.data)
    os_time                                  0x2000018c   Data           4  rt_time.o(.data)
    os_robin                                 0x20000190   Data           8  rt_robin.o(.data)
    dbg_msg                                  0x20000198   Data           1  hal_cm.o(.data)
    lcd144dev                                0x2000019c   Data          14  lcd_1.44.o(.bss)
    HTtab                                    0x20000690   Data         510  infratrans.o(.bss)
    LTtab                                    0x2000088e   Data         510  infratrans.o(.bss)
    os_pool_m_FIDpool                        0x20001380   Data          76  finger_id.o(.bss)
    os_messageQ_q_MsgBox                     0x200013cc   Data          80  finger_id.o(.bss)
    os_mutex_cb_uart_mutex                   0x2000141c   Data          16  datatrans_usart.o(.bss)
    mp_tcb                                   0x200014a0   Data         688  rtx_conf_cm.o(.bss)
    mp_stk                                   0x20001750   Data        1552  rtx_conf_cm.o(.bss)
    os_stack_mem                             0x20001d60   Data       21784  rtx_conf_cm.o(.bss)
    os_fifo                                  0x20007278   Data         132  rtx_conf_cm.o(.bss)
    os_active_TCB                            0x200072fc   Data          52  rtx_conf_cm.o(.bss)
    os_messageQ_q_osTimerMessageQ            0x20007330   Data          32  rtx_conf_cm.o(.bss)
    os_idle_TCB                              0x200078b0   Data          52  rt_task.o(.bss)
    os_rdy                                   0x200078e4   Data          24  rt_list.o(.bss)
    os_dly                                   0x200078fc   Data          24  rt_list.o(.bss)
    __libspace_start                         0x20007914   Data          96  libspace.o(.bss)
    __temporary_stack_top$libspace           0x20007974   Data           0  libspace.o(.bss)



==============================================================================

Memory Map of the image

  Image Entry point : 0x08000131

  Load Region LR_IROM1 (Base: 0x08000000, Size: 0x00009b40, Max: 0x00040000, ABSOLUTE, COMPRESSED[0x00009a00])

    Execution Region ER_IROM1 (Base: 0x08000000, Size: 0x000099a4, Max: 0x00040000, ABSOLUTE)

    Base Addr    Size         Type   Attr      Idx    E Section Name        Object

    0x08000000   0x00000130   Data   RO         3745    RESET               startup_stm32f10x_hd.o
    0x08000130   0x00000008   Code   RO         5083  * !!!main             c_w.l(__main.o)
    0x08000138   0x00000034   Code   RO         5255    !!!scatter          c_w.l(__scatter.o)
    0x0800016c   0x0000005a   Code   RO         5253    !!dczerorl2         c_w.l(__dczerorl2.o)
    0x080001c6   0x00000002   PAD
    0x080001c8   0x0000001c   Code   RO         5257    !!handler_zi        c_w.l(__scatter_zi.o)
    0x080001e4   0x00000000   Code   RO         5064    .ARM.Collect$$_printf_percent$$00000000  c_w.l(_printf_percent.o)
    0x080001e4   0x00000006   Code   RO         5063    .ARM.Collect$$_printf_percent$$00000009  c_w.l(_printf_d.o)
    0x080001ea   0x00000006   Code   RO         5062    .ARM.Collect$$_printf_percent$$0000000C  c_w.l(_printf_x.o)
    0x080001f0   0x00000004   Code   RO         5098    .ARM.Collect$$_printf_percent$$00000017  c_w.l(_printf_percent_end.o)
    0x080001f4   0x00000002   Code   RO         5139    .ARM.Collect$$libinit$$00000000  c_w.l(libinit.o)
    0x080001f6   0x00000000   Code   RO         5151    .ARM.Collect$$libinit$$00000002  c_w.l(libinit2.o)
    0x080001f6   0x00000000   Code   RO         5153    .ARM.Collect$$libinit$$00000004  c_w.l(libinit2.o)
    0x080001f6   0x00000000   Code   RO         5156    .ARM.Collect$$libinit$$0000000A  c_w.l(libinit2.o)
    0x080001f6   0x00000000   Code   RO         5158    .ARM.Collect$$libinit$$0000000C  c_w.l(libinit2.o)
    0x080001f6   0x00000000   Code   RO         5160    .ARM.Collect$$libinit$$0000000E  c_w.l(libinit2.o)
    0x080001f6   0x00000000   Code   RO         5163    .ARM.Collect$$libinit$$00000011  c_w.l(libinit2.o)
    0x080001f6   0x00000000   Code   RO         5165    .ARM.Collect$$libinit$$00000013  c_w.l(libinit2.o)
    0x080001f6   0x00000000   Code   RO         5167    .ARM.Collect$$libinit$$00000015  c_w.l(libinit2.o)
    0x080001f6   0x00000000   Code   RO         5169    .ARM.Collect$$libinit$$00000017  c_w.l(libinit2.o)
    0x080001f6   0x00000000   Code   RO         5171    .ARM.Collect$$libinit$$00000019  c_w.l(libinit2.o)
    0x080001f6   0x00000000   Code   RO         5173    .ARM.Collect$$libinit$$0000001B  c_w.l(libinit2.o)
    0x080001f6   0x00000000   Code   RO         5175    .ARM.Collect$$libinit$$0000001D  c_w.l(libinit2.o)
    0x080001f6   0x00000000   Code   RO         5177    .ARM.Collect$$libinit$$0000001F  c_w.l(libinit2.o)
    0x080001f6   0x00000000   Code   RO         5179    .ARM.Collect$$libinit$$00000021  c_w.l(libinit2.o)
    0x080001f6   0x00000000   Code   RO         5181    .ARM.Collect$$libinit$$00000023  c_w.l(libinit2.o)
    0x080001f6   0x00000000   Code   RO         5183    .ARM.Collect$$libinit$$00000025  c_w.l(libinit2.o)
    0x080001f6   0x00000000   Code   RO         5187    .ARM.Collect$$libinit$$0000002C  c_w.l(libinit2.o)
    0x080001f6   0x00000000   Code   RO         5189    .ARM.Collect$$libinit$$0000002E  c_w.l(libinit2.o)
    0x080001f6   0x00000000   Code   RO         5191    .ARM.Collect$$libinit$$00000030  c_w.l(libinit2.o)
    0x080001f6   0x00000000   Code   RO         5193    .ARM.Collect$$libinit$$00000032  c_w.l(libinit2.o)
    0x080001f6   0x00000002   Code   RO         5194    .ARM.Collect$$libinit$$00000033  c_w.l(libinit2.o)
    0x080001f8   0x00000002   Code   RO         5140    .ARM.Collect$$libshutdown$$00000000  c_w.l(libshutdown.o)
    0x080001fa   0x00000000   Code   RO         5196    .ARM.Collect$$libshutdown$$00000002  c_w.l(libshutdown2.o)
    0x080001fa   0x00000000   Code   RO         5198    .ARM.Collect$$libshutdown$$00000004  c_w.l(libshutdown2.o)
    0x080001fa   0x00000000   Code   RO         5201    .ARM.Collect$$libshutdown$$00000007  c_w.l(libshutdown2.o)
    0x080001fa   0x00000000   Code   RO         5204    .ARM.Collect$$libshutdown$$0000000A  c_w.l(libshutdown2.o)
    0x080001fa   0x00000000   Code   RO         5206    .ARM.Collect$$libshutdown$$0000000C  c_w.l(libshutdown2.o)
    0x080001fa   0x00000000   Code   RO         5209    .ARM.Collect$$libshutdown$$0000000F  c_w.l(libshutdown2.o)
    0x080001fa   0x00000002   Code   RO         5210    .ARM.Collect$$libshutdown$$00000010  c_w.l(libshutdown2.o)
    0x080001fc   0x00000000   Code   RO         5085    .ARM.Collect$$rtentry$$00000000  c_w.l(__rtentry.o)
    0x080001fc   0x00000000   Code   RO         5100    .ARM.Collect$$rtentry$$00000002  c_w.l(__rtentry2.o)
    0x080001fc   0x00000006   Code   RO         5112    .ARM.Collect$$rtentry$$00000004  c_w.l(__rtentry4.o)
    0x08000202   0x00000000   Code   RO         5102    .ARM.Collect$$rtentry$$00000009  c_w.l(__rtentry2.o)
    0x08000202   0x00000004   Code   RO         5103    .ARM.Collect$$rtentry$$0000000A  c_w.l(__rtentry2.o)
    0x08000206   0x00000008   Code   RO         5104    .ARM.Collect$$rtentry$$0000000B  c_w.l(__rtentry2.o)
    0x0800020e   0x00000008   Code   RO         5106    .ARM.Collect$$rtentry$$0000000D  c_w.l(__rtentry2.o)
    0x08000216   0x00000002   Code   RO         5086    .ARM.Collect$$rtexit$$00000000  c_w.l(rtexit.o)
    0x08000218   0x00000000   Code   RO         5115    .ARM.Collect$$rtexit$$00000002  c_w.l(rtexit2.o)
    0x08000218   0x00000004   Code   RO         5116    .ARM.Collect$$rtexit$$00000003  c_w.l(rtexit2.o)
    0x0800021c   0x00000006   Code   RO         5117    .ARM.Collect$$rtexit$$00000004  c_w.l(rtexit2.o)
    0x08000222   0x00000002   PAD
    0x08000224   0x0000001c   Code   RO         1287    .emb_text           rtx_conf_cm.o
    0x08000240   0x00000130   Code   RO         4991    .emb_text           RTX_CM3.lib(hal_cm3.o)
    0x08000370   0x00000040   Code   RO         3746    .text               startup_stm32f10x_hd.o
    0x080003b0   0x00000008   Code   RO         5006    .text               c_w.l(libspace.o)
    0x080003b8   0x00000028   Code   RO         5013    .text               c_w.l(noretval__2sprintf.o)
    0x080003e0   0x0000004e   Code   RO         5017    .text               c_w.l(_printf_pad.o)
    0x0800042e   0x00000002   PAD
    0x08000430   0x00000078   Code   RO         5019    .text               c_w.l(_printf_dec.o)
    0x080004a8   0x00000058   Code   RO         5024    .text               c_w.l(_printf_hex_int.o)
    0x08000500   0x00000138   Code   RO         5054    .text               c_w.l(__printf_flags_wp.o)
    0x08000638   0x00000012   Code   RO         5065    .text               c_w.l(exit.o)
    0x0800064a   0x00000024   Code   RO         5067    .text               c_w.l(strstr.o)
    0x0800066e   0x0000003e   Code   RO         5069    .text               c_w.l(strlen.o)
    0x080006ac   0x00000018   Code   RO         5071    .text               c_w.l(strcat.o)
    0x080006c4   0x0000008a   Code   RO         5073    .text               c_w.l(rt_memcpy_v6.o)
    0x0800074e   0x00000064   Code   RO         5075    .text               c_w.l(rt_memcpy_w.o)
    0x080007b2   0x00000044   Code   RO         5077    .text               c_w.l(rt_memclr.o)
    0x080007f6   0x0000004e   Code   RO         5079    .text               c_w.l(rt_memclr_w.o)
    0x08000844   0x00000006   Code   RO         5081    .text               c_w.l(heapauxi.o)
    0x0800084a   0x000000b2   Code   RO         5092    .text               c_w.l(_printf_intcommon.o)
    0x080008fc   0x00000030   Code   RO         5094    .text               c_w.l(_printf_char_common.o)
    0x0800092c   0x0000000a   Code   RO         5096    .text               c_w.l(_sputc.o)
    0x08000936   0x00000002   PAD
    0x08000938   0x0000000c   Code   RO         5125    .text               c_w.l(sys_exit.o)
    0x08000944   0x0000004a   Code   RO         5127    .text               c_w.l(sys_stackheap_outer.o)
    0x0800098e   0x00000002   Code   RO         5141    .text               c_w.l(use_no_semi.o)
    0x08000990   0x00000000   Code   RO         5143    .text               c_w.l(indicate_semi.o)
    0x08000990   0x00000004   Code   RO         5001    SVC_TABLE           RTX_CM3.lib(svc_table.o)
    0x08000994   0x00000016   Code   RO         1624    i.ADC_Cmd           stm32f10x_adc.o
    0x080009aa   0x00000002   PAD
    0x080009ac   0x0000005c   Code   RO         1626    i.ADC_DeInit        stm32f10x_adc.o
    0x08000a08   0x00000014   Code   RO         1632    i.ADC_GetCalibrationStatus  stm32f10x_adc.o
    0x08000a1c   0x00000008   Code   RO         1633    i.ADC_GetConversionValue  stm32f10x_adc.o
    0x08000a24   0x00000012   Code   RO         1635    i.ADC_GetFlagStatus  stm32f10x_adc.o
    0x08000a36   0x00000014   Code   RO         1638    i.ADC_GetResetCalibrationStatus  stm32f10x_adc.o
    0x08000a4a   0x00000002   PAD
    0x08000a4c   0x00000050   Code   RO         1642    i.ADC_Init          stm32f10x_adc.o
    0x08000a9c   0x000000b8   Code   RO         1646    i.ADC_RegularChannelConfig  stm32f10x_adc.o
    0x08000b54   0x0000000a   Code   RO         1647    i.ADC_ResetCalibration  stm32f10x_adc.o
    0x08000b5e   0x00000016   Code   RO         1649    i.ADC_SoftwareStartConvCmd  stm32f10x_adc.o
    0x08000b74   0x0000000a   Code   RO         1651    i.ADC_StartCalibration  stm32f10x_adc.o
    0x08000b7e   0x0000001c   Code   RO          866    i.ADD_CHECK         finger_id.o
    0x08000b9a   0x0000000c   Code   RO          163    i.BSP_Init          bsp.o
    0x08000ba6   0x00000004   Code   RO          187    i.BusFault_Handler  stm32f10x_it.o
    0x08000baa   0x00000002   PAD
    0x08000bac   0x000000ec   Code   RO         1357    i.CAN1_RX1_IRQHandler  can_stm32f10x.o
    0x08000c98   0x00000094   Code   RO         1358    i.CAN1_SCE_IRQHandler  can_stm32f10x.o
    0x08000d2c   0x00000002   Code   RO          188    i.DebugMon_Handler  stm32f10x_it.o
    0x08000d2e   0x00000002   PAD
    0x08000d30   0x00000158   Code   RO          738    i.EXTI15_10_IRQHandler  infratrans.o
    0x08000e88   0x0000000c   Code   RO         1990    i.EXTI_ClearFlag    stm32f10x_exti.o
    0x08000e94   0x0000000c   Code   RO         1991    i.EXTI_ClearITPendingBit  stm32f10x_exti.o
    0x08000ea0   0x00000028   Code   RO         1995    i.EXTI_GetITStatus  stm32f10x_exti.o
    0x08000ec8   0x00000094   Code   RO         1996    i.EXTI_Init         stm32f10x_exti.o
    0x08000f5c   0x00000002   Code   RO          867    i.FID_USARTInitCallback  finger_id.o
    0x08000f5e   0x00000002   PAD
    0x08000f60   0x0000009c   Code   RO         3704    i.GPIO_AFConfigure  gpio_stm32f10x.o
    0x08000ffc   0x00000040   Code   RO         2245    i.GPIO_EXTILineConfig  stm32f10x_gpio.o
    0x0800103c   0x00000098   Code   RO         3705    i.GPIO_GetPortClockState  gpio_stm32f10x.o
    0x080010d4   0x00000116   Code   RO         2248    i.GPIO_Init         stm32f10x_gpio.o
    0x080011ea   0x00000078   Code   RO         3706    i.GPIO_PinConfigure  gpio_stm32f10x.o
    0x08001262   0x00000002   PAD
    0x08001264   0x00000090   Code   RO         2250    i.GPIO_PinRemapConfig  stm32f10x_gpio.o
    0x080012f4   0x0000013c   Code   RO         3707    i.GPIO_PortClock    gpio_stm32f10x.o
    0x08001430   0x00000008   Code   RO         2251    i.GPIO_ReadInputData  stm32f10x_gpio.o
    0x08001438   0x00000012   Code   RO         2252    i.GPIO_ReadInputDataBit  stm32f10x_gpio.o
    0x0800144a   0x00000004   Code   RO         2256    i.GPIO_SetBits      stm32f10x_gpio.o
    0x0800144e   0x0000000a   Code   RO         2259    i.GPIO_WriteBit     stm32f10x_gpio.o
    0x08001458   0x00000030   Code   RO          739    i.HW_ReceiveTime    infratrans.o
    0x08001488   0x00000004   Code   RO          189    i.HardFault_Handler  stm32f10x_it.o
    0x0800148c   0x000000f8   Code   RO          740    i.IFR_Send          infratrans.o
    0x08001584   0x00000108   Code   RO          543    i.LCD144GUI_DrawFont16  gui_1.44.o
    0x0800168c   0x00000118   Code   RO          544    i.LCD144GUI_DrawFont24  gui_1.44.o
    0x080017a4   0x00000108   Code   RO          545    i.LCD144GUI_DrawFont32  gui_1.44.o
    0x080018ac   0x00000174   Code   RO          381    i.LCD144Test_Thread  lcd_1.44.o
    0x08001a20   0x000001a2   Code   RO          382    i.LCD144_Init       lcd_1.44.o
    0x08001bc2   0x00000002   PAD
    0x08001bc4   0x0000001c   Code   RO          383    i.LCD144_test       lcd_1.44.o
    0x08001be0   0x00000048   Code   RO          384    i.LCD_1_44_Clear    lcd_1.44.o
    0x08001c28   0x0000001c   Code   RO          386    i.LCD_1_44_DrawPoint  lcd_1.44.o
    0x08001c44   0x00000020   Code   RO          388    i.LCD_1_44_RESET    lcd_1.44.o
    0x08001c64   0x00000014   Code   RO          389    i.LCD_1_44_SetCursor  lcd_1.44.o
    0x08001c78   0x0000002c   Code   RO          390    i.LCD_1_44_SetParam  lcd_1.44.o
    0x08001ca4   0x00000054   Code   RO          391    i.LCD_1_44_SetWindows  lcd_1.44.o
    0x08001cf8   0x00000128   Code   RO          551    i.LCD_1_44_ShowChar  gui_1.44.o
    0x08001e20   0x000000f4   Code   RO          553    i.LCD_1_44_ShowNum2412  gui_1.44.o
    0x08001f14   0x00000034   Code   RO          392    i.LCD_1_44_WR_DATA  lcd_1.44.o
    0x08001f48   0x0000003c   Code   RO          393    i.LCD_1_44_WR_DATA_16Bit  lcd_1.44.o
    0x08001f84   0x00000034   Code   RO          394    i.LCD_1_44_WR_REG   lcd_1.44.o
    0x08001fb8   0x00000010   Code   RO          395    i.LCD_1_44_WriteRAM_Prepare  lcd_1.44.o
    0x08001fc8   0x00000014   Code   RO          396    i.LCD_1_44_WriteReg  lcd_1.44.o
    0x08001fdc   0x00000030   Code   RO          741    i.LW_ReceiveTime    infratrans.o
    0x0800200c   0x000002e4   Code   RO          327    i.MBDEC_Thread      moudle_dec.o
    0x080022f0   0x00000004   Code   RO          190    i.MemManage_Handler  stm32f10x_it.o
    0x080022f4   0x0000001c   Code   RO          328    i.MoudleDEC_Init    moudle_dec.o
    0x08002310   0x00000074   Code   RO          329    i.MoudleDEC_ioInit  moudle_dec.o
    0x08002384   0x00000002   Code   RO          191    i.NMI_Handler       stm32f10x_it.o
    0x08002386   0x00000002   PAD
    0x08002388   0x00000070   Code   RO         1570    i.NVIC_Init         misc.o
    0x080023f8   0x00000014   Code   RO         1571    i.NVIC_PriorityGroupConfig  misc.o
    0x0800240c   0x00000018   Code   RO         2584    i.RCC_ADCCLKConfig  stm32f10x_rcc.o
    0x08002424   0x00000020   Code   RO         2586    i.RCC_APB1PeriphClockCmd  stm32f10x_rcc.o
    0x08002444   0x00000020   Code   RO         2588    i.RCC_APB2PeriphClockCmd  stm32f10x_rcc.o
    0x08002464   0x00000020   Code   RO         2589    i.RCC_APB2PeriphResetCmd  stm32f10x_rcc.o
    0x08002484   0x000000b0   Code   RO          742    i.Remote_Init       infratrans.o
    0x08002534   0x000000cc   Code   RO          397    i.SPI3_Init         lcd_1.44.o
    0x08002600   0x00000018   Code   RO         2801    i.SPI_Cmd           stm32f10x_spi.o
    0x08002618   0x0000003c   Code   RO         2814    i.SPI_Init          stm32f10x_spi.o
    0x08002654   0x00000022   Code   RO          399    i.SPI_WriteByte     lcd_1.44.o
    0x08002676   0x00000008   Code   RO         3753    i.SetSysClock       system_stm32f10x.o
    0x0800267e   0x00000002   PAD
    0x08002680   0x000000e0   Code   RO         3754    i.SetSysClockTo72   system_stm32f10x.o
    0x08002760   0x00000110   Code   RO          555    i.Show_Str          gui_1.44.o
    0x08002870   0x00000060   Code   RO         3756    i.SystemInit        system_stm32f10x.o
    0x080028d0   0x00000064   Code   RO          926    i.USART1Debug_Init  datatrans_usart.o
    0x08002934   0x00000018   Code   RO         1023    i.USART1_Control    usart_stm32f10x.o
    0x0800294c   0x00000010   Code   RO         1024    i.USART1_GetCapabilities  usart_stm32f10x.o
    0x0800295c   0x00000010   Code   RO         1025    i.USART1_GetModemStatus  usart_stm32f10x.o
    0x0800296c   0x00000010   Code   RO         1026    i.USART1_GetRxCount  usart_stm32f10x.o
    0x0800297c   0x00000010   Code   RO         1027    i.USART1_GetStatus  usart_stm32f10x.o
    0x0800298c   0x00000010   Code   RO         1028    i.USART1_GetTxCount  usart_stm32f10x.o
    0x0800299c   0x00000010   Code   RO         1029    i.USART1_IRQHandler  usart_stm32f10x.o
    0x080029ac   0x00000014   Code   RO         1030    i.USART1_Initialize  usart_stm32f10x.o
    0x080029c0   0x00000014   Code   RO         1031    i.USART1_PowerControl  usart_stm32f10x.o
    0x080029d4   0x00000018   Code   RO         1032    i.USART1_Receive    usart_stm32f10x.o
    0x080029ec   0x00000018   Code   RO         1033    i.USART1_Send       usart_stm32f10x.o
    0x08002a04   0x00000014   Code   RO         1034    i.USART1_SetModemControl  usart_stm32f10x.o
    0x08002a18   0x0000001c   Code   RO         1035    i.USART1_Transfer   usart_stm32f10x.o
    0x08002a34   0x00000010   Code   RO         1036    i.USART1_Uninitialize  usart_stm32f10x.o
    0x08002a44   0x00000064   Code   RO          868    i.USART1fingerID_Init  finger_id.o
    0x08002aa8   0x00000070   Code   RO          927    i.USART2Wirless_Init  datatrans_usart.o
    0x08002b18   0x00000018   Code   RO         1037    i.USART2_Control    usart_stm32f10x.o
    0x08002b30   0x00000010   Code   RO         1038    i.USART2_GetCapabilities  usart_stm32f10x.o
    0x08002b40   0x00000010   Code   RO         1039    i.USART2_GetModemStatus  usart_stm32f10x.o
    0x08002b50   0x00000010   Code   RO         1040    i.USART2_GetRxCount  usart_stm32f10x.o
    0x08002b60   0x00000010   Code   RO         1041    i.USART2_GetStatus  usart_stm32f10x.o
    0x08002b70   0x00000010   Code   RO         1042    i.USART2_GetTxCount  usart_stm32f10x.o
    0x08002b80   0x00000010   Code   RO         1043    i.USART2_IRQHandler  usart_stm32f10x.o
    0x08002b90   0x00000014   Code   RO         1044    i.USART2_Initialize  usart_stm32f10x.o
    0x08002ba4   0x00000014   Code   RO         1045    i.USART2_PowerControl  usart_stm32f10x.o
    0x08002bb8   0x00000018   Code   RO         1046    i.USART2_Receive    usart_stm32f10x.o
    0x08002bd0   0x00000018   Code   RO         1047    i.USART2_Send       usart_stm32f10x.o
    0x08002be8   0x00000014   Code   RO         1048    i.USART2_SetModemControl  usart_stm32f10x.o
    0x08002bfc   0x0000001c   Code   RO         1049    i.USART2_Transfer   usart_stm32f10x.o
    0x08002c18   0x00000010   Code   RO         1050    i.USART2_Uninitialize  usart_stm32f10x.o
    0x08002c28   0x00000080   Code   RO          928    i.USARTDebug_Thread  datatrans_usart.o
    0x08002ca8   0x00000028   Code   RO          929    i.USARTWireless_Thread  datatrans_usart.o
    0x08002cd0   0x00000820   Code   RO         1051    i.USART_Control     usart_stm32f10x.o
    0x080034f0   0x00000006   Code   RO         1052    i.USART_GetCapabilities  usart_stm32f10x.o
    0x080034f6   0x00000090   Code   RO         1053    i.USART_GetModemStatus  usart_stm32f10x.o
    0x08003586   0x00000008   Code   RO         1054    i.USART_GetRxCount  usart_stm32f10x.o
    0x0800358e   0x000000d4   Code   RO         1055    i.USART_GetStatus   usart_stm32f10x.o
    0x08003662   0x00000008   Code   RO         1056    i.USART_GetTxCount  usart_stm32f10x.o
    0x0800366a   0x00000276   Code   RO         1057    i.USART_IRQHandler  usart_stm32f10x.o
    0x080038e0   0x000000a2   Code   RO         1058    i.USART_Initialize  usart_stm32f10x.o
    0x08003982   0x00000002   PAD
    0x08003984   0x000000d8   Code   RO         1059    i.USART_PeripheralReset  usart_stm32f10x.o
    0x08003a5c   0x00000228   Code   RO         1060    i.USART_PowerControl  usart_stm32f10x.o
    0x08003c84   0x000000a2   Code   RO         1061    i.USART_Receive     usart_stm32f10x.o
    0x08003d26   0x00000088   Code   RO         1062    i.USART_Send        usart_stm32f10x.o
    0x08003dae   0x0000009c   Code   RO         1063    i.USART_SetModemControl  usart_stm32f10x.o
    0x08003e4a   0x0000006a   Code   RO         1064    i.USART_Transfer    usart_stm32f10x.o
    0x08003eb4   0x0000006c   Code   RO         1065    i.USART_Uninitialize  usart_stm32f10x.o
    0x08003f20   0x0000000c   Code   RO          930    i.USART_allInit     datatrans_usart.o
    0x08003f2c   0x00000030   Code   RO          931    i.USARTthread_Active  datatrans_usart.o
    0x08003f5c   0x00000010   Code   RO         1066    i.USARTx_GetVersion  usart_stm32f10x.o
    0x08003f6c   0x00000118   Code   RO         1379    i.USB_HP_CAN1_TX_IRQHandler  can_stm32f10x.o
    0x08004084   0x000000ec   Code   RO         1380    i.USB_LP_CAN1_RX0_IRQHandler  can_stm32f10x.o
    0x08004170   0x00000004   Code   RO          192    i.UsageFault_Handler  stm32f10x_it.o
    0x08004174   0x00000046   Code   RO         4890    i._init_box         RTX_CM3.lib(rt_membox.o)
    0x080041ba   0x0000000e   Code   RO         5052    i._is_digit         c_w.l(__printf_wp.o)
    0x080041c8   0x00000020   Code   RO         1289    i._mutex_acquire    rtx_conf_cm.o
    0x080041e8   0x0000001c   Code   RO         1291    i._mutex_release    rtx_conf_cm.o
    0x08004204   0x00000020   Code   RO          674    i.abc               key&tips.o
    0x08004224   0x00000028   Code   RO          244    i.bsp_delayinit     delay.o
    0x0800424c   0x00000030   Code   RO         4943    i.dbg_init          RTX_CM3.lib(hal_cm.o)
    0x0800427c   0x00000020   Code   RO         4944    i.dbg_task_notify   RTX_CM3.lib(hal_cm.o)
    0x0800429c   0x00000010   Code   RO         4945    i.dbg_task_switch   RTX_CM3.lib(hal_cm.o)
    0x080042ac   0x00000030   Code   RO          245    i.delay_us          delay.o
    0x080042dc   0x00000018   Code   RO          869    i.fingerID_Active   finger_id.o
    0x080042f4   0x00000074   Code   RO          870    i.fingerID_Thread   finger_id.o
    0x08004368   0x00000074   Code   RO          871    i.frameLoad_TX      finger_id.o
    0x080043dc   0x00000014   Code   RO          932    i.funDB_keyIFR_OFF  datatrans_usart.o
    0x080043f0   0x00000014   Code   RO          933    i.funDB_keyIFR_ON   datatrans_usart.o
    0x08004404   0x00000014   Code   RO          934    i.funDB_keyMB_OFF   datatrans_usart.o
    0x08004418   0x00000014   Code   RO          935    i.funDB_keyMB_ON    datatrans_usart.o
    0x0800442c   0x000001d4   Code   RO          675    i.getKey            key&tips.o
    0x08004600   0x000001d4   Code   RO          743    i.getKey2           infratrans.o
    0x080047d4   0x0000002a   Code   RO         3799    i.isrMessageGet     RTX_CM3.lib(rt_cmsis.o)
    0x080047fe   0x0000002c   Code   RO         3800    i.isrMessagePut     RTX_CM3.lib(rt_cmsis.o)
    0x0800482a   0x00000024   Code   RO         3802    i.isrSignalSet      RTX_CM3.lib(rt_cmsis.o)
    0x0800484e   0x00000002   PAD
    0x08004850   0x00000028   Code   RO         4627    i.isr_evt_set       RTX_CM3.lib(rt_event.o)
    0x08004878   0x00000056   Code   RO         4745    i.isr_mbx_receive   RTX_CM3.lib(rt_mailbox.o)
    0x080048ce   0x0000000e   Code   RO         4746    i.isr_mbx_send      RTX_CM3.lib(rt_mailbox.o)
    0x080048dc   0x00000018   Code   RO          745    i.keyIFRActive      infratrans.o
    0x080048f4   0x00000034   Code   RO          746    i.keyIFRGet_Adc     infratrans.o
    0x08004928   0x00000094   Code   RO          748    i.keyIFR_ADCInit    infratrans.o
    0x080049bc   0x0000002a   Code   RO          749    i.keyIFR_Scan       infratrans.o
    0x080049e6   0x00000002   PAD
    0x080049e8   0x00000078   Code   RO          750    i.keyIFR_Thread     infratrans.o
    0x08004a60   0x0000002c   Code   RO          676    i.keyInit           key&tips.o
    0x08004a8c   0x00000018   Code   RO          677    i.keyMboardActive   key&tips.o
    0x08004aa4   0x0000005c   Code   RO          678    i.keyMboard_Thread  key&tips.o
    0x08004b00   0x0000002c   Code   RO          679    i.keyScan           key&tips.o
    0x08004b2c   0x000004a4   Code   RO          680    i.key_Thread        key&tips.o
    0x08004fd0   0x000004a4   Code   RO          751    i.key_Thread2       infratrans.o
    0x08005474   0x0000002c   Code   RO            4    i.main              main.o
    0x080054a0   0x00000002   Code   RO          936    i.myUSART1_callback  datatrans_usart.o
    0x080054a2   0x00000002   Code   RO          937    i.myUSART2_callback  datatrans_usart.o
    0x080054a4   0x00000018   Code   RO         3803    i.osDelay           RTX_CM3.lib(rt_cmsis.o)
    0x080054bc   0x00000024   Code   RO         3804    i.osKernelInitialize  RTX_CM3.lib(rt_cmsis.o)
    0x080054e0   0x0000006c   Code   RO         3806    i.osKernelStart     RTX_CM3.lib(rt_cmsis.o)
    0x0800554c   0x00000018   Code   RO         3807    i.osKernelSysTick   RTX_CM3.lib(rt_cmsis.o)
    0x08005564   0x00000018   Code   RO         3815    i.osMessageGet      RTX_CM3.lib(rt_cmsis.o)
    0x0800557c   0x00000018   Code   RO         3829    i.osSignalClear     RTX_CM3.lib(rt_cmsis.o)
    0x08005594   0x00000018   Code   RO         3830    i.osSignalSet       RTX_CM3.lib(rt_cmsis.o)
    0x080055ac   0x00000018   Code   RO         3831    i.osSignalWait      RTX_CM3.lib(rt_cmsis.o)
    0x080055c4   0x0000002c   Code   RO         3832    i.osThreadCreate    RTX_CM3.lib(rt_cmsis.o)
    0x080055f0   0x00000018   Code   RO         3833    i.osThreadExit      RTX_CM3.lib(rt_cmsis.o)
    0x08005608   0x00000018   Code   RO         3834    i.osThreadGetId     RTX_CM3.lib(rt_cmsis.o)
    0x08005620   0x00000018   Code   RO         3837    i.osThreadTerminate  RTX_CM3.lib(rt_cmsis.o)
    0x08005638   0x0000000c   Code   RO         3839    i.osTimerCall       RTX_CM3.lib(rt_cmsis.o)
    0x08005644   0x0000002c   Code   RO         3844    i.osTimerThread     RTX_CM3.lib(rt_cmsis.o)
    0x08005670   0x00000022   Code   RO         1292    i.os_error          rtx_conf_cm.o
    0x08005692   0x00000004   Code   RO         1293    i.os_idle_demon     rtx_conf_cm.o
    0x08005696   0x00000002   PAD
    0x08005698   0x00000028   Code   RO         4537    i.os_tick_init      RTX_CM3.lib(rt_system.o)
    0x080056c0   0x00000002   Code   RO         4538    i.os_tick_irqack    RTX_CM3.lib(rt_system.o)
    0x080056c2   0x00000002   PAD
    0x080056c4   0x00000010   Code   RO         4539    i.os_tick_ovf       RTX_CM3.lib(rt_system.o)
    0x080056d4   0x00000014   Code   RO         4540    i.os_tick_val       RTX_CM3.lib(rt_system.o)
    0x080056e8   0x0000001a   Code   RO         4891    i.rt_alloc_box      RTX_CM3.lib(rt_membox.o)
    0x08005702   0x0000003e   Code   RO         4919    i.rt_alloc_mem      RTX_CM3.lib(rt_memory.o)
    0x08005740   0x00000038   Code   RO         4418    i.rt_block          RTX_CM3.lib(rt_task.o)
    0x08005778   0x00000048   Code   RO         4868    i.rt_chk_robin      RTX_CM3.lib(rt_robin.o)
    0x080057c0   0x00000070   Code   RO         4669    i.rt_dec_dly        RTX_CM3.lib(rt_list.o)
    0x08005830   0x00000044   Code   RO         4419    i.rt_dispatch       RTX_CM3.lib(rt_task.o)
    0x08005874   0x00000006   Code   RO         4835    i.rt_dly_wait       RTX_CM3.lib(rt_time.o)
    0x0800587a   0x00000002   PAD
    0x0800587c   0x0000001c   Code   RO         4628    i.rt_evt_clr        RTX_CM3.lib(rt_event.o)
    0x08005898   0x00000050   Code   RO         4630    i.rt_evt_psh        RTX_CM3.lib(rt_event.o)
    0x080058e8   0x0000005c   Code   RO         4631    i.rt_evt_set        RTX_CM3.lib(rt_event.o)
    0x08005944   0x0000003c   Code   RO         4632    i.rt_evt_wait       RTX_CM3.lib(rt_event.o)
    0x08005980   0x0000002c   Code   RO         4892    i.rt_free_box       RTX_CM3.lib(rt_membox.o)
    0x080059ac   0x00000028   Code   RO         4920    i.rt_free_mem       RTX_CM3.lib(rt_memory.o)
    0x080059d4   0x00000028   Code   RO         4670    i.rt_get_first      RTX_CM3.lib(rt_list.o)
    0x080059fc   0x00000008   Code   RO         3849    i.rt_id2obj         RTX_CM3.lib(rt_cmsis.o)
    0x08005a04   0x00000048   Code   RO         4420    i.rt_init_context   RTX_CM3.lib(rt_task.o)
    0x08005a4c   0x0000001a   Code   RO         4921    i.rt_init_mem       RTX_CM3.lib(rt_memory.o)
    0x08005a66   0x00000002   PAD
    0x08005a68   0x00000018   Code   RO         4869    i.rt_init_robin     RTX_CM3.lib(rt_robin.o)
    0x08005a80   0x00000080   Code   RO         4946    i.rt_init_stack     RTX_CM3.lib(hal_cm.o)
    0x08005b00   0x00000008   Code   RO         4747    i.rt_mbx_check      RTX_CM3.lib(rt_mailbox.o)
    0x08005b08   0x0000001a   Code   RO         4748    i.rt_mbx_init       RTX_CM3.lib(rt_mailbox.o)
    0x08005b22   0x00000002   PAD
    0x08005b24   0x000000f0   Code   RO         4749    i.rt_mbx_psh        RTX_CM3.lib(rt_mailbox.o)
    0x08005c14   0x000000b4   Code   RO         4751    i.rt_mbx_wait       RTX_CM3.lib(rt_mailbox.o)
    0x08005cc8   0x00000044   Code   RO         3850    i.rt_ms2tick        RTX_CM3.lib(rt_cmsis.o)
    0x08005d0c   0x000000d8   Code   RO         4504    i.rt_mut_release    RTX_CM3.lib(rt_mutex.o)
    0x08005de4   0x00000078   Code   RO         4505    i.rt_mut_wait       RTX_CM3.lib(rt_mutex.o)
    0x08005e5c   0x0000007c   Code   RO         4541    i.rt_pop_req        RTX_CM3.lib(rt_system.o)
    0x08005ed8   0x00000020   Code   RO         4542    i.rt_psh_req        RTX_CM3.lib(rt_system.o)
    0x08005ef8   0x0000005c   Code   RO         4672    i.rt_psq_enq        RTX_CM3.lib(rt_list.o)
    0x08005f54   0x00000048   Code   RO         4673    i.rt_put_dly        RTX_CM3.lib(rt_list.o)
    0x08005f9c   0x00000036   Code   RO         4674    i.rt_put_prio       RTX_CM3.lib(rt_list.o)
    0x08005fd2   0x00000002   PAD
    0x08005fd4   0x00000014   Code   RO         4675    i.rt_put_rdy_first  RTX_CM3.lib(rt_list.o)
    0x08005fe8   0x00000034   Code   RO         4676    i.rt_resort_prio    RTX_CM3.lib(rt_list.o)
    0x0800601c   0x00000006   Code   RO         4947    i.rt_ret_val        RTX_CM3.lib(hal_cm.o)
    0x08006022   0x00000008   Code   RO         4948    i.rt_ret_val2       RTX_CM3.lib(hal_cm.o)
    0x0800602a   0x00000028   Code   RO         4677    i.rt_rmv_dly        RTX_CM3.lib(rt_list.o)
    0x08006052   0x00000002   PAD
    0x08006054   0x00000030   Code   RO         4678    i.rt_rmv_list       RTX_CM3.lib(rt_list.o)
    0x08006084   0x00000034   Code   RO         4796    i.rt_sem_psh        RTX_CM3.lib(rt_semaphore.o)
    0x080060b8   0x00000024   Code   RO         4544    i.rt_stk_check      RTX_CM3.lib(rt_system.o)
    0x080060dc   0x00000028   Code   RO         4421    i.rt_switch_req     RTX_CM3.lib(rt_task.o)
    0x08006104   0x000000cc   Code   RO         4422    i.rt_sys_init       RTX_CM3.lib(rt_task.o)
    0x080061d0   0x00000078   Code   RO         4423    i.rt_sys_start      RTX_CM3.lib(rt_task.o)
    0x08006248   0x00000040   Code   RO         4546    i.rt_systick        RTX_CM3.lib(rt_system.o)
    0x08006288   0x00000012   Code   RO         3851    i.rt_tid2ptcb       RTX_CM3.lib(rt_cmsis.o)
    0x0800629a   0x00000002   PAD
    0x0800629c   0x00000034   Code   RO         3852    i.rt_timer_insert   RTX_CM3.lib(rt_cmsis.o)
    0x080062d0   0x00000088   Code   RO         4424    i.rt_tsk_create     RTX_CM3.lib(rt_task.o)
    0x08006358   0x0000017c   Code   RO         4425    i.rt_tsk_delete     RTX_CM3.lib(rt_task.o)
    0x080064d4   0x0000007c   Code   RO         4427    i.rt_tsk_prio       RTX_CM3.lib(rt_task.o)
    0x08006550   0x00000010   Code   RO         4428    i.rt_tsk_self       RTX_CM3.lib(rt_task.o)
    0x08006560   0x00000012   Code   RO         3854    i.svcDelay          RTX_CM3.lib(rt_cmsis.o)
    0x08006572   0x00000002   PAD
    0x08006574   0x00000070   Code   RO         3855    i.svcKernelInitialize  RTX_CM3.lib(rt_cmsis.o)
    0x080065e4   0x00000048   Code   RO         3857    i.svcKernelStart    RTX_CM3.lib(rt_cmsis.o)
    0x0800662c   0x00000038   Code   RO         3858    i.svcKernelSysTick  RTX_CM3.lib(rt_cmsis.o)
    0x08006664   0x00000024   Code   RO         3860    i.svcMessageCreate  RTX_CM3.lib(rt_cmsis.o)
    0x08006688   0x0000003a   Code   RO         3861    i.svcMessageGet     RTX_CM3.lib(rt_cmsis.o)
    0x080066c2   0x00000024   Code   RO         3872    i.svcSignalClear    RTX_CM3.lib(rt_cmsis.o)
    0x080066e6   0x00000024   Code   RO         3873    i.svcSignalSet      RTX_CM3.lib(rt_cmsis.o)
    0x0800670a   0x00000002   PAD
    0x0800670c   0x00000054   Code   RO         3874    i.svcSignalWait     RTX_CM3.lib(rt_cmsis.o)
    0x08006760   0x0000006c   Code   RO         3875    i.svcThreadCreate   RTX_CM3.lib(rt_cmsis.o)
    0x080067cc   0x0000001c   Code   RO         3876    i.svcThreadGetId    RTX_CM3.lib(rt_cmsis.o)
    0x080067e8   0x00000038   Code   RO         3879    i.svcThreadTerminate  RTX_CM3.lib(rt_cmsis.o)
    0x08006820   0x00000018   Code   RO         3881    i.svcTimerCall      RTX_CM3.lib(rt_cmsis.o)
    0x08006838   0x0000005c   Code   RO         3890    i.sysTimerTick      RTX_CM3.lib(rt_cmsis.o)
    0x08006894   0x00000038   Code   RO          278    i.testInit          tips.o
    0x080068cc   0x00000020   Code   RO          752    i.test_s10          infratrans.o
    0x080068ec   0x0000000c   Code   RO          753    i.usr_sigin         infratrans.o
    0x080068f8   0x00000024   Code   RO          754    i.usr_sigout        infratrans.o
    0x0800691c   0x00000010   Data   RO          330    .constdata          moudle_dec.o
    0x0800692c   0x00000010   Data   RO          402    .constdata          lcd_1.44.o
    0x0800693c   0x00002ce8   Data   RO          559    .constdata          gui_1.44.o
    0x08009624   0x00000010   Data   RO          682    .constdata          key&tips.o
    0x08009634   0x00000012   Data   RO          756    .constdata          infratrans.o
    0x08009646   0x00000002   PAD
    0x08009648   0x0000002c   Data   RO          873    .constdata          finger_id.o
    0x08009674   0x00000078   Data   RO          939    .constdata          datatrans_usart.o
    0x080096ec   0x00000104   Data   RO         1068    .constdata          usart_stm32f10x.o
    0x080097f0   0x00000068   Data   RO         1295    .constdata          rtx_conf_cm.o
    0x08009858   0x00000028   Data   RO         5025    .constdata          c_w.l(_printf_hex_int.o)
    0x08009880   0x00000011   Data   RO         5055    .constdata          c_w.l(__printf_flags_wp.o)
    0x08009891   0x00000003   PAD
    0x08009894   0x000000ed   Data   RO          940    .conststring        datatrans_usart.o
    0x08009981   0x00000003   PAD
    0x08009984   0x00000020   Data   RO         5251    Region$$Table       anon$$obj.o


    Execution Region RW_IRAM1 (Base: 0x20000000, Size: 0x00007f78, Max: 0x0000c000, ABSOLUTE, COMPRESSED[0x0000005c])

    Base Addr    Size         Type   Attr      Idx    E Section Name        Object

    0x20000000   0x00000009   Data   RW          331    .data               moudle_dec.o
    0x20000009   0x00000003   PAD
    0x2000000c   0x0000000a   Data   RW          403    .data               lcd_1.44.o
    0x20000016   0x00000002   PAD
    0x20000018   0x0000002c   Data   RW          683    .data               key&tips.o
    0x20000044   0x00000034   Data   RW          757    .data               infratrans.o
    0x20000078   0x0000000c   Data   RW          874    .data               finger_id.o
    0x20000084   0x000000b8   Data   RW          941    .data               datatrans_usart.o
    0x2000013c   0x00000014   Data   RW         1296    .data               rtx_conf_cm.o
    0x20000150   0x00000010   Data   RW         1385    .data               can_stm32f10x.o
    0x20000160   0x00000014   Data   RW         3757    .data               system_stm32f10x.o
    0x20000174   0x00000008   Data   RW         3893    .data               RTX_CM3.lib(rt_cmsis.o)
    0x2000017c   0x00000008   Data   RW         4430    .data               RTX_CM3.lib(rt_task.o)
    0x20000184   0x00000008   Data   RW         4549    .data               RTX_CM3.lib(rt_system.o)
    0x2000018c   0x00000004   Data   RW         4839    .data               RTX_CM3.lib(rt_time.o)
    0x20000190   0x00000008   Data   RW         4870    .data               RTX_CM3.lib(rt_robin.o)
    0x20000198   0x00000001   Data   RW         4949    .data               RTX_CM3.lib(hal_cm.o)
    0x20000199   0x00000003   PAD
    0x2000019c   0x0000000e   Zero   RW          401    .bss                lcd_1.44.o
    0x200001aa   0x00000002   PAD
    0x200001ac   0x000004e4   Zero   RW          681    .bss                key&tips.o
    0x20000690   0x00000cf0   Zero   RW          755    .bss                infratrans.o
    0x20001380   0x0000009c   Zero   RW          872    .bss                finger_id.o
    0x2000141c   0x00000010   Zero   RW          938    .bss                datatrans_usart.o
    0x2000142c   0x00000070   Zero   RW         1067    .bss                usart_stm32f10x.o
    0x2000149c   0x00000004   PAD
    0x200014a0   0x00006410   Zero   RW         1294    .bss                rtx_conf_cm.o
    0x200078b0   0x00000034   Zero   RW         4429    .bss                RTX_CM3.lib(rt_task.o)
    0x200078e4   0x00000030   Zero   RW         4679    .bss                RTX_CM3.lib(rt_list.o)
    0x20007914   0x00000060   Zero   RW         5007    .bss                c_w.l(libspace.o)
    0x20007974   0x00000004   PAD
    0x20007978   0x00000200   Zero   RW         3744    HEAP                startup_stm32f10x_hd.o
    0x20007b78   0x00000400   Zero   RW         3743    STACK               startup_stm32f10x_hd.o


==============================================================================

Image component sizes


      Code (inc. data)   RO Data    RW Data    ZI Data      Debug   Object Name

        12          0          0          0          0        423   bsp.o
       900         60          0         16          0      12603   can_stm32f10x.o
       524        166        357        184         16       7744   datatrans_usart.o
        88         22          0          0          0        959   delay.o
       386         68         44         12        156       4856   finger_id.o
       744         76          0          0          0       3409   gpio_stm32f10x.o
      1620         68      11496          0          0       7870   gui_1.44.o
      2986        422         18         52       3312      11542   infratrans.o
      1892        298         16         44       1252       5896   key&tips.o
      1536        196         16         10         14      11909   lcd_1.44.o
        44          0          0          0          0     251657   main.o
       132         22          0          0          0       1723   misc.o
       884        240         16          9          0       3412   moudle_dec.o
       126         26        104         20      25616       9227   rtx_conf_cm.o
        64         26        304          0       1536        828   startup_stm32f10x_hd.o
       486         24          0          0          0       9198   stm32f10x_adc.o
       212         24          0          0          0       2897   stm32f10x_exti.o
       526         10          0          0          0       6120   stm32f10x_gpio.o
        20          0          0          0          0       2569   stm32f10x_it.o
       120         24          0          0          0       2442   stm32f10x_rcc.o
        84          0          0          0          0       2317   stm32f10x_spi.o
       328         28          0         20          0       2329   system_stm32f10x.o
        56          4          0          0          0        471   tips.o
      5246        252        260          0        112      62496   usart_stm32f10x.o

    ----------------------------------------------------------------------
     19040       2056      12668        372      32020     424897   Object Totals
         0          0         32          0          0          0   (incl. Generated)
        24          0          5          5          6          0   (incl. Padding)

    ----------------------------------------------------------------------

      Code (inc. data)   RO Data    RW Data    ZI Data      Debug   Library Member Name

       238         24          0          1          0       3312   hal_cm.o
       304         36          0          0          0        768   hal_cm3.o
      1544        192          0          8          0      39928   rt_cmsis.o
       300         24          0          0          0       3183   rt_event.o
       530         34          0          0         48       8253   rt_list.o
       554         10          0          0          0       3949   rt_mailbox.o
       140          0          0          0          0       1925   rt_membox.o
       128          0          0          0          0       2307   rt_memory.o
       336         14          0          0          0       1643   rt_mutex.o
        96         22          0          8          0       1158   rt_robin.o
        52          4          0          0          0        573   rt_semaphore.o
       334         64          0          8          0       7091   rt_system.o
      1216        174          0          8         52       9649   rt_task.o
         6          0          0          4          0        652   rt_time.o
         4          4          0          0          0        208   svc_table.o
        90          0          0          0          0          0   __dczerorl2.o
         8          0          0          0          0         68   __main.o
       312          4         17          0          0         92   __printf_flags_wp.o
        14          0          0          0          0         68   __printf_wp.o
         0          0          0          0          0          0   __rtentry.o
        20          0          0          0          0          0   __rtentry2.o
         6          0          0          0          0          0   __rtentry4.o
        52          8          0          0          0          0   __scatter.o
        28          0          0          0          0          0   __scatter_zi.o
        48          6          0          0          0         96   _printf_char_common.o
         6          0          0          0          0          0   _printf_d.o
       120         16          0          0          0         92   _printf_dec.o
        88          4         40          0          0         88   _printf_hex_int.o
       178          0          0          0          0         88   _printf_intcommon.o
        78          0          0          0          0        108   _printf_pad.o
         0          0          0          0          0          0   _printf_percent.o
         4          0          0          0          0          0   _printf_percent_end.o
         6          0          0          0          0          0   _printf_x.o
        10          0          0          0          0         68   _sputc.o
        18          0          0          0          0         80   exit.o
         6          0          0          0          0        152   heapauxi.o
         0          0          0          0          0          0   indicate_semi.o
         2          0          0          0          0          0   libinit.o
         2          0          0          0          0          0   libinit2.o
         2          0          0          0          0          0   libshutdown.o
         2          0          0          0          0          0   libshutdown2.o
         8          4          0          0         96         68   libspace.o
        40          6          0          0          0         84   noretval__2sprintf.o
        68          0          0          0          0         68   rt_memclr.o
        78          0          0          0          0         80   rt_memclr_w.o
       138          0          0          0          0         68   rt_memcpy_v6.o
       100          0          0          0          0         80   rt_memcpy_w.o
         2          0          0          0          0          0   rtexit.o
        10          0          0          0          0          0   rtexit2.o
        24          0          0          0          0         68   strcat.o
        62          0          0          0          0         76   strlen.o
        36          0          0          0          0         80   strstr.o
        12          4          0          0          0         68   sys_exit.o
        74          0          0          0          0         80   sys_stackheap_outer.o
         2          0          0          0          0         68   use_no_semi.o

    ----------------------------------------------------------------------
      7564        654         60         40        200      86487   Library Totals
        28          0          3          3          4          0   (incl. Padding)

    ----------------------------------------------------------------------

      Code (inc. data)   RO Data    RW Data    ZI Data      Debug   Library Name

      5782        602          0         37        100      84599   RTX_CM3.lib
      1754         52         57          0         96       1888   c_w.l

    ----------------------------------------------------------------------
      7564        654         60         40        200      86487   Library Totals

    ----------------------------------------------------------------------

==============================================================================


      Code (inc. data)   RO Data    RW Data    ZI Data      Debug   

     26604       2710      12728        412      32220     497444   Grand Totals
     26604       2710      12728         92      32220     497444   ELF Image Totals (compressed)
     26604       2710      12728         92          0          0   ROM Totals

==============================================================================

    Total RO  Size (Code + RO Data)                39332 (  38.41kB)
    Total RW  Size (RW Data + ZI Data)             32632 (  31.87kB)
    Total ROM Size (Code + RO Data + RW Data)      39424 (  38.50kB)

==============================================================================

