Component: ARM Compiler 5.06 update 1 (build 61) Tool: armlink [4d35a8]

==============================================================================

Section Cross References

    main.o(i.main) refers to rt_cmsis.o(i.osKernelInitialize) for osKernelInitialize
    main.o(i.main) refers to bsp.o(i.BSP_Init) for BSP_Init
    main.o(i.main) refers to finger_id.o(i.fingerID_Active) for fingerID_Active
    main.o(i.main) refers to datatrans_usart.o(i.wirelessThread_Active) for wirelessThread_Active
    main.o(i.main) refers to rt_cmsis.o(i.osKernelStart) for osKernelStart
    bsp.o(i.BSP_Init) refers to delay.o(i.bsp_delayinit) for bsp_delayinit
    bsp.o(i.BSP_Init) refers to debuguart.o(i.debugThread_Active) for debugThread_Active
    delay.o(i.delay_us) refers to system_stm32f10x.o(.data) for SystemCoreClock
    tips.o(i.LED_Breath) refers to delay.o(i.delay_us) for delay_us
    tips.o(i.LED_Flash) refers to rt_cmsis.o(i.osDelay) for osDelay
    tips.o(i.TTask0) refers to rt_cmsis.o(i.osDelay) for osDelay
    tips.o(i.tipsBoardActive) refers to tips.o(i.LED_Breath) for LED_Breath
    tips.o(i.tipsBoardActive) refers to rt_cmsis.o(i.osDelay) for osDelay
    tips.o(i.tipsInit) refers to stm32f10x_rcc.o(i.RCC_APB2PeriphClockCmd) for RCC_APB2PeriphClockCmd
    tips.o(i.tipsInit) refers to stm32f10x_gpio.o(i.GPIO_Init) for GPIO_Init
    tips.o(i.tipsInit) refers to stm32f10x_gpio.o(i.GPIO_WriteBit) for GPIO_WriteBit
    tips.o(i.tipsLEDActive) refers to tips.o(i.tipsInit) for tipsInit
    tips.o(i.tipsLEDActive) refers to rt_cmsis.o(i.osThreadCreate) for osThreadCreate
    tips.o(i.tipsLEDActive) refers to tips.o(i.tips_beep) for tips_beep
    tips.o(i.tipsLEDActive) refers to tips.o(.constdata) for os_thread_def_tipsThread
    tips.o(i.tipsLEDActive) refers to tips.o(.data) for tid_tips
    tips.o(i.tipsThread) refers to rt_cmsis.o(i.osTimerCreate) for osTimerCreate
    tips.o(i.tipsThread) refers to rt_cmsis.o(i.osSignalSet) for osSignalSet
    tips.o(i.tipsThread) refers to rt_cmsis.o(i.osTimerStart) for osTimerStart
    tips.o(i.tipsThread) refers to rt_cmsis.o(i.osSignalWait) for osSignalWait
    tips.o(i.tipsThread) refers to tips.o(i.LED_Flash) for LED_Flash
    tips.o(i.tipsThread) refers to rt_cmsis.o(i.osDelay) for osDelay
    tips.o(i.tipsThread) refers to tips.o(i.LED_Breath) for LED_Breath
    tips.o(i.tipsThread) refers to rt_cmsis.o(i.osSignalClear) for osSignalClear
    tips.o(i.tipsThread) refers to tips.o(i.TTask0) for TTask0
    tips.o(i.tipsThread) refers to tips.o(.constdata) for os_timer_def_Tim0
    tips.o(i.tipsThread) refers to moudle_dec.o(.data) for tid_MBDEC_Thread
    tips.o(i.tipsThread) refers to tips.o(.data) for tid_tips
    tips.o(i.tips_beep) refers to delay.o(i.delay_us) for delay_us
    tips.o(.constdata) refers to tips.o(i.tipsThread) for tipsThread
    tips.o(.constdata) refers to tips.o(i.TTask0) for TTask0
    tips.o(.constdata) refers to tips.o(.bss) for os_timer_cb_Tim0
    moudle_dec.o(i.MBDEC_Thread) refers to _printf_pad.o(.text) for _printf_pre_padding
    moudle_dec.o(i.MBDEC_Thread) refers to _printf_percent.o(.ARM.Collect$$_printf_percent$$00000000) for _printf_percent
    moudle_dec.o(i.MBDEC_Thread) refers to _printf_x.o(.ARM.Collect$$_printf_percent$$0000000C) for _printf_x
    moudle_dec.o(i.MBDEC_Thread) refers to _printf_hex_int.o(.text) for _printf_longlong_hex
    moudle_dec.o(i.MBDEC_Thread) refers to rt_cmsis.o(i.osSignalWait) for osSignalWait
    moudle_dec.o(i.MBDEC_Thread) refers to rt_cmsis.o(i.osSignalClear) for osSignalClear
    moudle_dec.o(i.MBDEC_Thread) refers to stm32f10x_gpio.o(i.GPIO_ReadInputData) for GPIO_ReadInputData
    moudle_dec.o(i.MBDEC_Thread) refers to rt_cmsis.o(i.osDelay) for osDelay
    moudle_dec.o(i.MBDEC_Thread) refers to rt_cmsis.o(i.osSignalSet) for osSignalSet
    moudle_dec.o(i.MBDEC_Thread) refers to rt_memclr_w.o(.text) for __aeabi_memclr4
    moudle_dec.o(i.MBDEC_Thread) refers to noretval__2sprintf.o(.text) for __2sprintf
    moudle_dec.o(i.MBDEC_Thread) refers to strlen.o(.text) for strlen
    moudle_dec.o(i.MBDEC_Thread) refers to datatrans_usart.o(i.wirelessThread_Active) for wirelessThread_Active
    moudle_dec.o(i.MBDEC_Thread) refers to rt_cmsis.o(i.osThreadTerminate) for osThreadTerminate
    moudle_dec.o(i.MBDEC_Thread) refers to finger_id.o(i.fingerID_Active) for fingerID_Active
    moudle_dec.o(i.MBDEC_Thread) refers to infratrans.o(i.keyIFRActive) for keyIFRActive
    moudle_dec.o(i.MBDEC_Thread) refers to moudle_dec.o(.data) for tid_MBDEC_Thread
    moudle_dec.o(i.MBDEC_Thread) refers to tips.o(.data) for tid_tips
    moudle_dec.o(i.MBDEC_Thread) refers to usart_stm32f10x.o(.constdata) for Driver_USART1
    moudle_dec.o(i.MBDEC_Thread) refers to infratrans.o(.data) for tid_keyIFR_Thread
    moudle_dec.o(i.MBDEC_Thread) refers to debuguart.o(.data) for tid_USARTDebug_Thread
    moudle_dec.o(i.MBDEC_Thread) refers to datatrans_usart.o(.data) for tid_USARTWireless_Thread
[...]
    __ARM_use_no_argv                        0x00000000   Number         0  main.o ABSOLUTE
    _printf_flags                            0x00000000   Number         0  printf_stubs.o ABSOLUTE
    _printf_return_value                     0x00000000   Number         0  printf_stubs.o ABSOLUTE
    _printf_sizespec                         0x00000000   Number         0  printf_stubs.o ABSOLUTE
    _printf_widthprec                        0x00000000   Number         0  printf_stubs.o ABSOLUTE
    __ARM_exceptions_init                     - Undefined Weak Reference
    __alloca_initialize                       - Undefined Weak Reference
    __arm_preinit_                            - Undefined Weak Reference
    __cpp_initialize__aeabi_                  - Undefined Weak Reference
    __cxa_finalize                            - Undefined Weak Reference
    __rt_locale                               - Undefined Weak Reference
    __sigvec_lookup                           - Undefined Weak Reference
    _atexit_init                              - Undefined Weak Reference
    _call_atexit_fns                          - Undefined Weak Reference
    _clock_init                               - Undefined Weak Reference
    _fp_trap_init                             - Undefined Weak Reference
    _fp_trap_shutdown                         - Undefined Weak Reference
    _get_lc_collate                           - Undefined Weak Reference
    _get_lc_ctype                             - Undefined Weak Reference
    _get_lc_monetary                          - Undefined Weak Reference
    _get_lc_numeric                           - Undefined Weak Reference
    _get_lc_time                              - Undefined Weak Reference
    _getenv_init                              - Undefined Weak Reference
    _handle_redirection                       - Undefined Weak Reference
    _init_alloc                               - Undefined Weak Reference
    _init_user_alloc                          - Undefined Weak Reference
    _initio                                   - Undefined Weak Reference
    _printf_truncate_signed                   - Undefined Weak Reference
    _printf_truncate_unsigned                 - Undefined Weak Reference
    _rand_init                                - Undefined Weak Reference
    _signal_finish                            - Undefined Weak Reference
    _signal_init                              - Undefined Weak Reference
    _terminate_alloc                          - Undefined Weak Reference
    _terminate_user_alloc                     - Undefined Weak Reference
    _terminateio                              - Undefined Weak Reference
    __Vectors_Size                           0x00000130   Number         0  startup_stm32f10x_hd.o ABSOLUTE
    __RL_RTX_VER                             0x00000482   Number         0  rt_system.o ABSOLUTE
    __Vectors                                0x08000000   Data           4  startup_stm32f10x_hd.o(RESET)
    __Vectors_End                            0x08000130   Data           0  startup_stm32f10x_hd.o(RESET)
    __main                                   0x08000131   Thumb Code     8  __main.o(!!!main)
    __scatterload                            0x08000139   Thumb Code     0  __scatter.o(!!!scatter)
    __scatterload_rt2                        0x08000139   Thumb Code    44  __scatter.o(!!!scatter)
    __scatterload_rt2_thumb_only             0x08000139   Thumb Code     0  __scatter.o(!!!scatter)
    __scatterload_null                       0x08000147   Thumb Code     0  __scatter.o(!!!scatter)
    __decompress                             0x0800016d   Thumb Code    90  __dczerorl2.o(!!dczerorl2)
    __decompress1                            0x0800016d   Thumb Code     0  __dczerorl2.o(!!dczerorl2)
    __scatterload_zeroinit                   0x080001c9   Thumb Code    28  __scatter_zi.o(!!handler_zi)
    __rt_lib_init                            0x080001e5   Thumb Code     0  libinit.o(.ARM.Collect$$libinit$$00000000)
    __rt_lib_init_alloca_1                   0x080001e7   Thumb Code     0  libinit2.o(.ARM.Collect$$libinit$$0000002E)
    __rt_lib_init_argv_1                     0x080001e7   Thumb Code     0  libinit2.o(.ARM.Collect$$libinit$$0000002C)
    __rt_lib_init_atexit_1                   0x080001e7   Thumb Code     0  libinit2.o(.ARM.Collect$$libinit$$0000001B)
    __rt_lib_init_clock_1                    0x080001e7   Thumb Code     0  libinit2.o(.ARM.Collect$$libinit$$00000021)
    __rt_lib_init_cpp_1                      0x080001e7   Thumb Code     0  libinit2.o(.ARM.Collect$$libinit$$00000032)
    __rt_lib_init_exceptions_1               0x080001e7   Thumb Code     0  libinit2.o(.ARM.Collect$$libinit$$00000030)
    __rt_lib_init_fp_1                       0x080001e7   Thumb Code     0  libinit2.o(.ARM.Collect$$libinit$$00000002)
    __rt_lib_init_fp_trap_1                  0x080001e7   Thumb Code     0  libinit2.o(.ARM.Collect$$libinit$$0000001F)
    __rt_lib_init_getenv_1                   0x080001e7   Thumb Code     0  libinit2.o(.ARM.Collect$$libinit$$00000023)
    __rt_lib_init_heap_1                     0x080001e7   Thumb Code     0  libinit2.o(.ARM.Collect$$libinit$$0000000A)
    __rt_lib_init_lc_collate_1               0x080001e7   Thumb Code     0  libinit2.o(.ARM.Collect$$libinit$$00000011)
    __rt_lib_init_lc_ctype_1                 0x080001e7   Thumb Code     0  libinit2.o(.ARM.Collect$$libinit$$00000013)
    __rt_lib_init_lc_monetary_1              0x080001e7   Thumb Code     0  libinit2.o(.ARM.Collect$$libinit$$00000015)
    __rt_lib_init_lc_numeric_1               0x080001e7   Thumb Code     0  libinit2.o(.ARM.Collect$$libinit$$00000017)
    __rt_lib_init_lc_time_1                  0x080001e7   Thumb Code     0  libinit2.o(.ARM.Collect$$libinit$$00000019)
    __rt_lib_init_preinit_1                  0x080001e7   Thumb Code     0  libinit2.o(.ARM.Collect$$libinit$$00000004)
    __rt_lib_init_rand_1                     0x080001e7   Thumb Code     0  libinit2.o(.ARM.Collect$$libinit$$0000000E)
    __rt_lib_init_return                     0x080001e7   Thumb Code     0  libinit2.o(.ARM.Collect$$libinit$$00000033)
    __rt_lib_init_signal_1                   0x080001e7   Thumb Code     0  libinit2.o(.ARM.Collect$$libinit$$0000001D)
    __rt_lib_init_stdio_1                    0x080001e7   Thumb Code     0  libinit2.o(.ARM.Collect$$libinit$$00000025)
    __rt_lib_init_user_alloc_1               0x080001e7   Thumb Code     0  libinit2.o(.ARM.Collect$$libinit$$0000000C)
    __rt_lib_shutdown                        0x080001e9   Thumb Code     0  libshutdown.o(.ARM.Collect$$libshutdown$$00000000)
    __rt_lib_shutdown_cpp_1                  0x080001eb   Thumb Code     0  libshutdown2.o(.ARM.Collect$$libshutdown$$00000002)
    __rt_lib_shutdown_fp_trap_1              0x080001eb   Thumb Code     0  libshutdown2.o(.ARM.Collect$$libshutdown$$00000007)
    __rt_lib_shutdown_heap_1                 0x080001eb   Thumb Code     0  libshutdown2.o(.ARM.Collect$$libshutdown$$0000000F)
    __rt_lib_shutdown_return                 0x080001eb   Thumb Code     0  libshutdown2.o(.ARM.Collect$$libshutdown$$00000010)
    __rt_lib_shutdown_signal_1               0x080001eb   Thumb Code     0  libshutdown2.o(.ARM.Collect$$libshutdown$$0000000A)
    __rt_lib_shutdown_stdio_1                0x080001eb   Thumb Code     0  libshutdown2.o(.ARM.Collect$$libshutdown$$00000004)
    __rt_lib_shutdown_user_alloc_1           0x080001eb   Thumb Code     0  libshutdown2.o(.ARM.Collect$$libshutdown$$0000000C)
    __rt_entry                               0x080001ed   Thumb Code     0  __rtentry.o(.ARM.Collect$$rtentry$$00000000)
    __rt_entry_presh_1                       0x080001ed   Thumb Code     0  __rtentry2.o(.ARM.Collect$$rtentry$$00000002)
    __rt_entry_sh                            0x080001ed   Thumb Code     0  __rtentry4.o(.ARM.Collect$$rtentry$$00000004)
    __rt_entry_li                            0x080001f3   Thumb Code     0  __rtentry2.o(.ARM.Collect$$rtentry$$0000000A)
    __rt_entry_postsh_1                      0x080001f3   Thumb Code     0  __rtentry2.o(.ARM.Collect$$rtentry$$00000009)
    __rt_entry_postli_1                      0x080001f7   Thumb Code     0  __rtentry2.o(.ARM.Collect$$rtentry$$0000000B)
    __rt_entry_main                          0x080001ff   Thumb Code     0  __rtentry2.o(.ARM.Collect$$rtentry$$0000000D)
    __rt_exit                                0x08000207   Thumb Code     0  rtexit.o(.ARM.Collect$$rtexit$$00000000)
    __rt_exit_ls                             0x08000209   Thumb Code     0  rtexit2.o(.ARM.Collect$$rtexit$$00000003)
    __rt_exit_prels_1                        0x08000209   Thumb Code     0  rtexit2.o(.ARM.Collect$$rtexit$$00000002)
    __rt_exit_exit                           0x0800020d   Thumb Code     0  rtexit2.o(.ARM.Collect$$rtexit$$00000004)
    _platform_post_lib_init                  0x08000215   Thumb Code    24  rtx_conf_cm.o(.emb_text)
    rt_set_PSP                               0x08000231   Thumb Code     6  hal_cm3.o(.emb_text)
    rt_get_PSP                               0x08000237   Thumb Code     6  hal_cm3.o(.emb_text)
    os_set_env                               0x0800023d   Thumb Code    24  hal_cm3.o(.emb_text)
    _alloc_box                               0x08000259   Thumb Code    28  hal_cm3.o(.emb_text)
    _free_box                                0x08000279   Thumb Code    28  hal_cm3.o(.emb_text)
    SVC_Handler                              0x08000299   Thumb Code   108  hal_cm3.o(.emb_text)
    PendSV_Handler                           0x08000311   Thumb Code    56  hal_cm3.o(.emb_text)
    SysTick_Handler                          0x0800034d   Thumb Code     8  hal_cm3.o(.emb_text)
    OS_Tick_Handler                          0x08000355   Thumb Code    12  hal_cm3.o(.emb_text)
    Reset_Handler                            0x08000361   Thumb Code     8  startup_stm32f10x_hd.o(.text)
    ADC1_2_IRQHandler                        0x0800037b   Thumb Code     0  startup_stm32f10x_hd.o(.text)
    ADC3_IRQHandler                          0x0800037b   Thumb Code     0  startup_stm32f10x_hd.o(.text)
    DMA1_Channel1_IRQHandler                 0x0800037b   Thumb Code     0  startup_stm32f10x_hd.o(.text)
    DMA1_Channel2_IRQHandler                 0x0800037b   Thumb Code     0  startup_stm32f10x_hd.o(.text)
    DMA1_Channel3_IRQHandler                 0x0800037b   Thumb Code     0  startup_stm32f10x_hd.o(.text)
    DMA1_Channel4_IRQHandler                 0x0800037b   Thumb Code     0  startup_stm32f10x_hd.o(.text)
    DMA1_Channel5_IRQHandler                 0x0800037b   Thumb Code     0  startup_stm32f10x_hd.o(.text)
    DMA1_Channel6_IRQHandler                 0x0800037b   Thumb Code     0  startup_stm32f10x_hd.o(.text)
    DMA1_Channel7_IRQHandler                 0x0800037b   Thumb Code     0  startup_stm32f10x_hd.o(.text)
    DMA2_Channel1_IRQHandler                 0x0800037b   Thumb Code     0  startup_stm32f10x_hd.o(.text)
    DMA2_Channel2_IRQHandler                 0x0800037b   Thumb Code     0  startup_stm32f10x_hd.o(.text)
    DMA2_Channel3_IRQHandler                 0x0800037b   Thumb Code     0  startup_stm32f10x_hd.o(.text)
    DMA2_Channel4_5_IRQHandler               0x0800037b   Thumb Code     0  startup_stm32f10x_hd.o(.text)
    EXTI0_IRQHandler                         0x0800037b   Thumb Code     0  startup_stm32f10x_hd.o(.text)
    EXTI1_IRQHandler                         0x0800037b   Thumb Code     0  startup_stm32f10x_hd.o(.text)
    EXTI2_IRQHandler                         0x0800037b   Thumb Code     0  startup_stm32f10x_hd.o(.text)
    EXTI3_IRQHandler                         0x0800037b   Thumb Code     0  startup_stm32f10x_hd.o(.text)
    EXTI4_IRQHandler                         0x0800037b   Thumb Code     0  startup_stm32f10x_hd.o(.text)
    EXTI9_5_IRQHandler                       0x0800037b   Thumb Code     0  startup_stm32f10x_hd.o(.text)
    FLASH_IRQHandler                         0x0800037b   Thumb Code     0  startup_stm32f10x_hd.o(.text)
    FSMC_IRQHandler                          0x0800037b   Thumb Code     0  startup_stm32f10x_hd.o(.text)
    I2C1_ER_IRQHandler                       0x0800037b   Thumb Code     0  startup_stm32f10x_hd.o(.text)
    I2C1_EV_IRQHandler                       0x0800037b   Thumb Code     0  startup_stm32f10x_hd.o(.text)
    I2C2_ER_IRQHandler                       0x0800037b   Thumb Code     0  startup_stm32f10x_hd.o(.text)
    I2C2_EV_IRQHandler                       0x0800037b   Thumb Code     0  startup_stm32f10x_hd.o(.text)
    PVD_IRQHandler                           0x0800037b   Thumb Code     0  startup_stm32f10x_hd.o(.text)
    RCC_IRQHandler                           0x0800037b   Thumb Code     0  startup_stm32f10x_hd.o(.text)
    RTCAlarm_IRQHandler                      0x0800037b   Thumb Code     0  startup_stm32f10x_hd.o(.text)
    RTC_IRQHandler                           0x0800037b   Thumb Code     0  startup_stm32f10x_hd.o(.text)
    SDIO_IRQHandler                          0x0800037b   Thumb Code     0  startup_stm32f10x_hd.o(.text)
    SPI1_IRQHandler                          0x0800037b   Thumb Code     0  startup_stm32f10x_hd.o(.text)
    SPI2_IRQHandler                          0x0800037b   Thumb Code     0  startup_stm32f10x_hd.o(.text)
    SPI3_IRQHandler                          0x0800037b   Thumb Code     0  startup_stm32f10x_hd.o(.text)
    TAMPER_IRQHandler                        0x0800037b   Thumb Code     0  startup_stm32f10x_hd.o(.text)
    TIM1_BRK_IRQHandler                      0x0800037b   Thumb Code     0  startup_stm32f10x_hd.o(.text)
    TIM1_CC_IRQHandler                       0x0800037b   Thumb Code     0  startup_stm32f10x_hd.o(.text)
    TIM1_TRG_COM_IRQHandler                  0x0800037b   Thumb Code     0  startup_stm32f10x_hd.o(.text)
    TIM1_UP_IRQHandler                       0x0800037b   Thumb Code     0  startup_stm32f10x_hd.o(.text)
    TIM2_IRQHandler                          0x0800037b   Thumb Code     0  startup_stm32f10x_hd.o(.text)
    TIM3_IRQHandler                          0x0800037b   Thumb Code     0  startup_stm32f10x_hd.o(.text)
    TIM4_IRQHandler                          0x0800037b   Thumb Code     0  startup_stm32f10x_hd.o(.text)
    TIM5_IRQHandler                          0x0800037b   Thumb Code     0  startup_stm32f10x_hd.o(.text)
    TIM6_IRQHandler                          0x0800037b   Thumb Code     0  startup_stm32f10x_hd.o(.text)
    TIM7_IRQHandler                          0x0800037b   Thumb Code     0  startup_stm32f10x_hd.o(.text)
    TIM8_BRK_IRQHandler                      0x0800037b   Thumb Code     0  startup_stm32f10x_hd.o(.text)
    TIM8_CC_IRQHandler                       0x0800037b   Thumb Code     0  startup_stm32f10x_hd.o(.text)
    TIM8_TRG_COM_IRQHandler                  0x0800037b   Thumb Code     0  startup_stm32f10x_hd.o(.text)
    TIM8_UP_IRQHandler                       0x0800037b   Thumb Code     0  startup_stm32f10x_hd.o(.text)
    UART4_IRQHandler                         0x0800037b   Thumb Code     0  startup_stm32f10x_hd.o(.text)
    UART5_IRQHandler                         0x0800037b   Thumb Code     0  startup_stm32f10x_hd.o(.text)
    USART3_IRQHandler                        0x0800037b   Thumb Code     0  startup_stm32f10x_hd.o(.text)
    USBWakeUp_IRQHandler                     0x0800037b   Thumb Code     0  startup_stm32f10x_hd.o(.text)
    WWDG_IRQHandler                          0x0800037b   Thumb Code     0  startup_stm32f10x_hd.o(.text)
    __user_initial_stackheap                 0x0800037d   Thumb Code     0  startup_stm32f10x_hd.o(.text)
    __user_libspace                          0x080003a1   Thumb Code     8  libspace.o(.text)
    __user_perproc_libspace                  0x080003a1   Thumb Code     0  libspace.o(.text)
    exit                                     0x080003a9   Thumb Code    18  exit.o(.text)
    strstr                                   0x080003bb   Thumb Code    36  strstr.o(.text)
    memcmp                                   0x080003df   Thumb Code    88  memcmp.o(.text)
    strlen                                   0x08000437   Thumb Code    62  strlen.o(.text)
    strcat                                   0x08000475   Thumb Code    24  strcat.o(.text)
    __aeabi_memcpy                           0x0800048d   Thumb Code     0  rt_memcpy_v6.o(.text)
    __rt_memcpy                              0x0800048d   Thumb Code   138  rt_memcpy_v6.o(.text)
    _memcpy_lastbytes                        0x080004f3   Thumb Code     0  rt_memcpy_v6.o(.text)
    __aeabi_memcpy4                          0x08000517   Thumb Code     0  rt_memcpy_w.o(.text)
    __aeabi_memcpy8                          0x08000517   Thumb Code     0  rt_memcpy_w.o(.text)
    __rt_memcpy_w                            0x08000517   Thumb Code   100  rt_memcpy_w.o(.text)
    _memcpy_lastbytes_aligned                0x0800055f   Thumb Code     0  rt_memcpy_w.o(.text)
    __aeabi_memclr                           0x0800057b   Thumb Code     0  rt_memclr.o(.text)
    __rt_memclr                              0x0800057b   Thumb Code    68  rt_memclr.o(.text)
    _memset                                  0x0800057f   Thumb Code     0  rt_memclr.o(.text)
    __aeabi_memclr4                          0x080005bf   Thumb Code     0  rt_memclr_w.o(.text)
    __aeabi_memclr8                          0x080005bf   Thumb Code     0  rt_memclr_w.o(.text)
    __rt_memclr_w                            0x080005bf   Thumb Code    78  rt_memclr_w.o(.text)
    _memset_w                                0x080005c3   Thumb Code     0  rt_memclr_w.o(.text)
    __use_two_region_memory                  0x0800060d   Thumb Code     2  heapauxi.o(.text)
    __rt_heap_escrow$2region                 0x0800060f   Thumb Code     2  heapauxi.o(.text)
    __rt_heap_expand$2region                 0x08000611   Thumb Code     2  heapauxi.o(.text)
    _sys_exit                                0x08000615   Thumb Code     8  sys_exit.o(.text)
    __user_setup_stackheap                   0x08000621   Thumb Code    74  sys_stackheap_outer.o(.text)
    __I$use$semihosting                      0x0800066b   Thumb Code     0  use_no_semi.o(.text)
    __use_no_semihosting_swi                 0x0800066b   Thumb Code     2  use_no_semi.o(.text)
    SVC_Count                                0x0800066c   Data           4  svc_table.o(SVC_TABLE)
    __semihosting_library_function           0x0800066d   Thumb Code     0  indicate_semi.o(.text)
    ADC_Cmd                                  0x08000671   Thumb Code    22  stm32f10x_adc.o(i.ADC_Cmd)
    SVC_Table                                0x08000670   Data           0  svc_table.o(SVC_TABLE)
    ADC_DeInit                               0x08000689   Thumb Code    78  stm32f10x_adc.o(i.ADC_DeInit)
    ADC_GetCalibrationStatus                 0x080006e5   Thumb Code    20  stm32f10x_adc.o(i.ADC_GetCalibrationStatus)
    ADC_GetConversionValue                   0x080006f9   Thumb Code     8  stm32f10x_adc.o(i.ADC_GetConversionValue)
    ADC_GetFlagStatus                        0x08000701   Thumb Code    18  stm32f10x_adc.o(i.ADC_GetFlagStatus)
    ADC_GetResetCalibrationStatus            0x08000713   Thumb Code    20  stm32f10x_adc.o(i.ADC_GetResetCalibrationStatus)
    ADC_Init                                 0x08000729   Thumb Code    70  stm32f10x_adc.o(i.ADC_Init)
    ADC_RegularChannelConfig                 0x08000779   Thumb Code   184  stm32f10x_adc.o(i.ADC_RegularChannelConfig)
    ADC_ResetCalibration                     0x08000831   Thumb Code    10  stm32f10x_adc.o(i.ADC_ResetCalibration)
    ADC_SoftwareStartConvCmd                 0x0800083b   Thumb Code    22  stm32f10x_adc.o(i.ADC_SoftwareStartConvCmd)
    ADC_StartCalibration                     0x08000851   Thumb Code    10  stm32f10x_adc.o(i.ADC_StartCalibration)
    ADD_CHECK                                0x0800085b   Thumb Code    28  finger_id.o(i.ADD_CHECK)
    BSP_Init                                 0x08000877   Thumb Code    12  bsp.o(i.BSP_Init)
    BusFault_Handler                         0x08000883   Thumb Code     4  stm32f10x_it.o(i.BusFault_Handler)
    CAN1_RX1_IRQHandler                      0x08000889   Thumb Code   218  can_stm32f10x.o(i.CAN1_RX1_IRQHandler)
    CAN1_SCE_IRQHandler                      0x08000975   Thumb Code   140  can_stm32f10x.o(i.CAN1_SCE_IRQHandler)
    DebugMon_Handler                         0x08000a09   Thumb Code     2  stm32f10x_it.o(i.DebugMon_Handler)
    EXTI15_10_IRQHandler                     0x08000a0d   Thumb Code   300  infratrans.o(i.EXTI15_10_IRQHandler)
    EXTI_ClearFlag                           0x08000b61   Thumb Code     6  stm32f10x_exti.o(i.EXTI_ClearFlag)
    EXTI_ClearITPendingBit                   0x08000b6d   Thumb Code     6  stm32f10x_exti.o(i.EXTI_ClearITPendingBit)
    EXTI_GetITStatus                         0x08000b79   Thumb Code    34  stm32f10x_exti.o(i.EXTI_GetITStatus)
    EXTI_Init                                0x08000ba1   Thumb Code   142  stm32f10x_exti.o(i.EXTI_Init)
    FID_USARTInitCallback                    0x08000c35   Thumb Code     2  finger_id.o(i.FID_USARTInitCallback)
    FIDframeLoad_TX                          0x08000c39   Thumb Code   108  finger_id.o(i.FIDframeLoad_TX)
    GPIO_AFConfigure                         0x08000cad   Thumb Code   146  gpio_stm32f10x.o(i.GPIO_AFConfigure)
    GPIO_EXTILineConfig                      0x08000d49   Thumb Code    60  stm32f10x_gpio.o(i.GPIO_EXTILineConfig)
    GPIO_GetPortClockState                   0x08000d89   Thumb Code   118  gpio_stm32f10x.o(i.GPIO_GetPortClockState)
    GPIO_Init                                0x08000e21   Thumb Code   278  stm32f10x_gpio.o(i.GPIO_Init)
    GPIO_PinConfigure                        0x08000f37   Thumb Code   120  gpio_stm32f10x.o(i.GPIO_PinConfigure)
    GPIO_PortClock                           0x08000fb1   Thumb Code   284  gpio_stm32f10x.o(i.GPIO_PortClock)
    GPIO_SetBits                             0x080010ed   Thumb Code     4  stm32f10x_gpio.o(i.GPIO_SetBits)
    HW_ReceiveTime                           0x080010f1   Thumb Code    44  infratrans.o(i.HW_ReceiveTime)
    HardFault_Handler                        0x08001121   Thumb Code     4  stm32f10x_it.o(i.HardFault_Handler)
    IFR_Send                                 0x08001125   Thumb Code   200  infratrans.o(i.IFR_Send)
    LW_ReceiveTime                           0x080011f5   Thumb Code    44  infratrans.o(i.LW_ReceiveTime)
    MemManage_Handler                        0x08001225   Thumb Code     4  stm32f10x_it.o(i.MemManage_Handler)
    NMI_Handler                              0x08001229   Thumb Code     2  stm32f10x_it.o(i.NMI_Handler)
    NVIC_Init                                0x0800122d   Thumb Code   100  misc.o(i.NVIC_Init)
    NVIC_PriorityGroupConfig                 0x0800129d   Thumb Code    10  misc.o(i.NVIC_PriorityGroupConfig)
    RCC_ADCCLKConfig                         0x080012b1   Thumb Code    18  stm32f10x_rcc.o(i.RCC_ADCCLKConfig)
    RCC_APB2PeriphClockCmd                   0x080012c9   Thumb Code    26  stm32f10x_rcc.o(i.RCC_APB2PeriphClockCmd)
    RCC_APB2PeriphResetCmd                   0x080012e9   Thumb Code    26  stm32f10x_rcc.o(i.RCC_APB2PeriphResetCmd)
    Remote_Init                              0x08001309   Thumb Code   166  infratrans.o(i.Remote_Init)
    SystemInit                               0x080014a1   Thumb Code    78  system_stm32f10x.o(i.SystemInit)
    USART1Debug_Init                         0x08001501   Thumb Code    62  debuguart.o(i.USART1Debug_Init)
    USART1_IRQHandler                        0x080015cd   Thumb Code    10  usart_stm32f10x.o(i.USART1_IRQHandler)
    USART1fingerID_Init                      0x08001675   Thumb Code    62  finger_id.o(i.USART1fingerID_Init)
    USART2Wirless_Init                       0x080016d9   Thumb Code    62  datatrans_usart.o(i.USART2Wirless_Init)
    USART2_IRQHandler                        0x080017b1   Thumb Code    10  usart_stm32f10x.o(i.USART2_IRQHandler)
    USARTDebug_Thread                        0x08001859   Thumb Code   132  debuguart.o(i.USARTDebug_Thread)
    USARTWireless_Thread                     0x080018f5   Thumb Code   656  datatrans_usart.o(i.USARTWireless_Thread)
    USART_IRQHandler                         0x08002557   Thumb Code   630  usart_stm32f10x.o(i.USART_IRQHandler)
    USART_WirelessInit                       0x08002e0d   Thumb Code     8  datatrans_usart.o(i.USART_WirelessInit)
    USART_debugInit                          0x08002e15   Thumb Code     8  debuguart.o(i.USART_debugInit)
    USB_HP_CAN1_TX_IRQHandler                0x08002e2d   Thumb Code   264  can_stm32f10x.o(i.USB_HP_CAN1_TX_IRQHandler)
    USB_LP_CAN1_RX0_IRQHandler               0x08002f45   Thumb Code   218  can_stm32f10x.o(i.USB_LP_CAN1_RX0_IRQHandler)
    UsageFault_Handler                       0x08003031   Thumb Code     4  stm32f10x_it.o(i.UsageFault_Handler)
    _init_box                                0x08003035   Thumb Code    70  rt_membox.o(i._init_box)
    _mutex_acquire                           0x0800307d   Thumb Code    22  rtx_conf_cm.o(i._mutex_acquire)
    _mutex_release                           0x0800309d   Thumb Code    18  rtx_conf_cm.o(i._mutex_release)
    bsp_delayinit                            0x080030b9   Thumb Code    30  delay.o(i.bsp_delayinit)
    dataTransFrameLoad_TX                    0x080030e1   Thumb Code    86  datatrans_usart.o(i.dataTransFrameLoad_TX)
    dbg_init                                 0x08003145   Thumb Code    34  hal_cm.o(i.dbg_init)
    dbg_task_notify                          0x08003175   Thumb Code    32  hal_cm.o(i.dbg_task_notify)
    dbg_task_switch                          0x08003195   Thumb Code    16  hal_cm.o(i.dbg_task_switch)
    debugThread_Active                       0x080031a5   Thumb Code    20  debuguart.o(i.debugThread_Active)
    delay_us                                 0x080031c1   Thumb Code    36  delay.o(i.delay_us)
    fingerID_Active                          0x080031f1   Thumb Code    62  finger_id.o(i.fingerID_Active)
    fingerID_CMDTX                           0x08003259   Thumb Code   308  finger_id.o(i.fingerID_CMDTX)
    fingerID_Thread                          0x080033a9   Thumb Code  1076  finger_id.o(i.fingerID_Thread)
    funDB_keyIFR_OFF                         0x080037e1   Thumb Code    14  debuguart.o(i.funDB_keyIFR_OFF)
    funDB_keyIFR_ON                          0x080037f5   Thumb Code    14  debuguart.o(i.funDB_keyIFR_ON)
    funDB_keyMB_OFF                          0x08003809   Thumb Code    14  debuguart.o(i.funDB_keyMB_OFF)
    funDB_keyMB_ON                           0x0800381d   Thumb Code    14  debuguart.o(i.funDB_keyMB_ON)
    isrMessageGet                            0x08003bd9   Thumb Code    42  rt_cmsis.o(i.isrMessageGet)
    isrMessagePut                            0x08003c03   Thumb Code    44  rt_cmsis.o(i.isrMessagePut)
    isrSignalSet                             0x08003c2f   Thumb Code    36  rt_cmsis.o(i.isrSignalSet)
    isr_evt_set                              0x08003c55   Thumb Code    34  rt_event.o(i.isr_evt_set)
    isr_mbx_receive                          0x08003c7d   Thumb Code    86  rt_mailbox.o(i.isr_mbx_receive)
    isr_mbx_send                             0x08003cd3   Thumb Code    14  rt_mailbox.o(i.isr_mbx_send)
    keyIFRActive                             0x08003ce1   Thumb Code    60  infratrans.o(i.keyIFRActive)
    keyIFRGet_Adc                            0x08003d3d   Thumb Code    46  infratrans.o(i.keyIFRGet_Adc)
    keyIFR_ADCInit                           0x08003d71   Thumb Code   138  infratrans.o(i.keyIFR_ADCInit)
    keyIFR_Scan                              0x08003e05   Thumb Code    42  infratrans.o(i.keyIFR_Scan)
    keyIFR_Thread                            0x08003e31   Thumb Code    62  infratrans.o(i.keyIFR_Thread)
    key_Thread                               0x08003ea5   Thumb Code   980  key&tips.o(i.key_Thread)
    key_Thread2                              0x08004349   Thumb Code   980  infratrans.o(i.key_Thread2)
    main                                     0x080047ed   Thumb Code    28  main.o(i.main)
    memmem                                   0x08004809   Thumb Code    58  datatrans_usart.o(i.memmem)
    myUSART1_callback                        0x08004843   Thumb Code     2  debuguart.o(i.myUSART1_callback)
    myUSART2_callback                        0x08004845   Thumb Code     2  datatrans_usart.o(i.myUSART2_callback)
    osDelay                                  0x08004849   Thumb Code    18  rt_cmsis.o(i.osDelay)
    osKernelInitialize                       0x08004861   Thumb Code    30  rt_cmsis.o(i.osKernelInitialize)
    osKernelStart                            0x08004885   Thumb Code    98  rt_cmsis.o(i.osKernelStart)
    osKernelSysTick                          0x080048f1   Thumb Code    18  rt_cmsis.o(i.osKernelSysTick)
    osMessageCreate                          0x08004909   Thumb Code    36  rt_cmsis.o(i.osMessageCreate)
    osMessageGet                             0x08004935   Thumb Code    18  rt_cmsis.o(i.osMessageGet)
    osMessagePut                             0x0800494d   Thumb Code    18  rt_cmsis.o(i.osMessagePut)
    osPoolCAlloc                             0x08004965   Thumb Code    48  rt_cmsis.o(i.osPoolCAlloc)
    osPoolCreate                             0x08004999   Thumb Code    36  rt_cmsis.o(i.osPoolCreate)
    osPoolFree                               0x080049c5   Thumb Code    26  rt_cmsis.o(i.osPoolFree)
    osSignalClear                            0x080049e5   Thumb Code    20  rt_cmsis.o(i.osSignalClear)
    osSignalSet                              0x080049fd   Thumb Code    18  rt_cmsis.o(i.osSignalSet)
    osSignalWait                             0x08004a15   Thumb Code    18  rt_cmsis.o(i.osSignalWait)
    osThreadCreate                           0x08004a2d   Thumb Code    36  rt_cmsis.o(i.osThreadCreate)
    osThreadExit                             0x08004a59   Thumb Code    14  rt_cmsis.o(i.osThreadExit)
    osThreadGetId                            0x08004a71   Thumb Code    18  rt_cmsis.o(i.osThreadGetId)
    osThreadTerminate                        0x08004a89   Thumb Code    18  rt_cmsis.o(i.osThreadTerminate)
    osTimerCall                              0x08004aa1   Thumb Code     8  rt_cmsis.o(i.osTimerCall)
    osTimerThread                            0x08004aad   Thumb Code    38  rt_cmsis.o(i.osTimerThread)
    os_error                                 0x08004ad9   Thumb Code    34  rtx_conf_cm.o(i.os_error)
    os_idle_demon                            0x08004afb   Thumb Code     4  rtx_conf_cm.o(i.os_idle_demon)
    os_tick_init                             0x08004b01   Thumb Code    32  rt_system.o(i.os_tick_init)
    os_tick_irqack                           0x08004b29   Thumb Code     2  rt_system.o(i.os_tick_irqack)
    os_tick_ovf                              0x08004b2d   Thumb Code    10  rt_system.o(i.os_tick_ovf)
    os_tick_val                              0x08004b3d   Thumb Code    14  rt_system.o(i.os_tick_val)
    rt_alloc_box                             0x08004b51   Thumb Code    26  rt_membox.o(i.rt_alloc_box)
    rt_alloc_mem                             0x08004b6b   Thumb Code    62  rt_memory.o(i.rt_alloc_mem)
    rt_block                                 0x08004ba9   Thumb Code    48  rt_task.o(i.rt_block)
    rt_chk_robin                             0x08004be1   Thumb Code    60  rt_robin.o(i.rt_chk_robin)
    rt_dec_dly                               0x08004c41   Thumb Code   102  rt_list.o(i.rt_dec_dly)
    rt_dispatch                              0x08004cb1   Thumb Code    60  rt_task.o(i.rt_dispatch)
    rt_dly_wait                              0x08004cf5   Thumb Code     6  rt_time.o(i.rt_dly_wait)
    rt_evt_clr                               0x08004cfd   Thumb Code    22  rt_event.o(i.rt_evt_clr)
    rt_evt_psh                               0x08004d19   Thumb Code    76  rt_event.o(i.rt_evt_psh)
    rt_evt_set                               0x08004d69   Thumb Code    88  rt_event.o(i.rt_evt_set)
    rt_evt_wait                              0x08004dc5   Thumb Code    56  rt_event.o(i.rt_evt_wait)
    rt_free_box                              0x08004e01   Thumb Code    44  rt_membox.o(i.rt_free_box)
    rt_free_mem                              0x08004e2d   Thumb Code    40  rt_memory.o(i.rt_free_mem)
    rt_get_first                             0x08004e55   Thumb Code    40  rt_list.o(i.rt_get_first)
    rt_init_mem                              0x08004ecd   Thumb Code    26  rt_memory.o(i.rt_init_mem)
    rt_init_robin                            0x08004ee9   Thumb Code    14  rt_robin.o(i.rt_init_robin)
    rt_init_stack                            0x08004f01   Thumb Code   118  hal_cm.o(i.rt_init_stack)
    rt_mbx_check                             0x08004f81   Thumb Code     8  rt_mailbox.o(i.rt_mbx_check)
    rt_mbx_init                              0x08004f89   Thumb Code    26  rt_mailbox.o(i.rt_mbx_init)
    rt_mbx_psh                               0x08004fa5   Thumb Code   236  rt_mailbox.o(i.rt_mbx_psh)
    rt_mbx_send                              0x08005095   Thumb Code   148  rt_mailbox.o(i.rt_mbx_send)
    rt_mbx_wait                              0x0800512d   Thumb Code   174  rt_mailbox.o(i.rt_mbx_wait)
    rt_mut_release                           0x08005225   Thumb Code   208  rt_mutex.o(i.rt_mut_release)
    rt_mut_wait                              0x080052fd   Thumb Code   114  rt_mutex.o(i.rt_mut_wait)
    rt_pop_req                               0x08005375   Thumb Code   112  rt_system.o(i.rt_pop_req)
    rt_psh_req                               0x080053f1   Thumb Code    22  rt_system.o(i.rt_psh_req)
    rt_psq_enq                               0x08005411   Thumb Code    88  rt_list.o(i.rt_psq_enq)
    rt_put_dly                               0x0800546d   Thumb Code    68  rt_list.o(i.rt_put_dly)
    rt_put_prio                              0x080054b5   Thumb Code    54  rt_list.o(i.rt_put_prio)
    rt_put_rdy_first                         0x080054ed   Thumb Code    14  rt_list.o(i.rt_put_rdy_first)
    rt_resort_prio                           0x08005501   Thumb Code    46  rt_list.o(i.rt_resort_prio)
    rt_ret_val                               0x08005535   Thumb Code     6  hal_cm.o(i.rt_ret_val)
    rt_ret_val2                              0x0800553b   Thumb Code     8  hal_cm.o(i.rt_ret_val2)
    rt_rmv_dly                               0x08005543   Thumb Code    40  rt_list.o(i.rt_rmv_dly)
    rt_rmv_list                              0x0800556d   Thumb Code    44  rt_list.o(i.rt_rmv_list)
    rt_sem_psh                               0x0800559d   Thumb Code    48  rt_semaphore.o(i.rt_sem_psh)
    rt_stk_check                             0x080055d1   Thumb Code    28  rt_system.o(i.rt_stk_check)
    rt_switch_req                            0x080055f5   Thumb Code    30  rt_task.o(i.rt_switch_req)
    rt_sys_init                              0x0800561d   Thumb Code   138  rt_task.o(i.rt_sys_init)
    rt_sys_start                             0x080056e9   Thumb Code   110  rt_task.o(i.rt_sys_start)
    rt_systick                               0x08005761   Thumb Code    50  rt_system.o(i.rt_systick)
    rt_tsk_create                            0x080057e9   Thumb Code   118  rt_task.o(i.rt_tsk_create)
    rt_tsk_delete                            0x08005871   Thumb Code   352  rt_task.o(i.rt_tsk_delete)
    rt_tsk_prio                              0x080059ed   Thumb Code   108  rt_task.o(i.rt_tsk_prio)
    rt_tsk_self                              0x08005a69   Thumb Code    12  rt_task.o(i.rt_tsk_self)
    svcDelay                                 0x08005a79   Thumb Code    18  rt_cmsis.o(i.svcDelay)
    svcKernelInitialize                      0x08005a8d   Thumb Code    80  rt_cmsis.o(i.svcKernelInitialize)
    svcKernelStart                           0x08005afd   Thumb Code    62  rt_cmsis.o(i.svcKernelStart)
    svcKernelSysTick                         0x08005b45   Thumb Code    46  rt_cmsis.o(i.svcKernelSysTick)
    svcMessageCreate                         0x08005b7d   Thumb Code    36  rt_cmsis.o(i.svcMessageCreate)
    svcMessageGet                            0x08005ba1   Thumb Code    58  rt_cmsis.o(i.svcMessageGet)
    svcMessagePut                            0x08005bdb   Thumb Code    54  rt_cmsis.o(i.svcMessagePut)
    svcPoolCreate                            0x08005c11   Thumb Code    40  rt_cmsis.o(i.svcPoolCreate)
    svcSignalClear                           0x08005c39   Thumb Code    36  rt_cmsis.o(i.svcSignalClear)
    svcSignalSet                             0x08005c5d   Thumb Code    36  rt_cmsis.o(i.svcSignalSet)
    svcSignalWait                            0x08005c81   Thumb Code    80  rt_cmsis.o(i.svcSignalWait)
    svcThreadCreate                          0x08005cd5   Thumb Code    96  rt_cmsis.o(i.svcThreadCreate)
    svcThreadGetId                           0x08005d41   Thumb Code    22  rt_cmsis.o(i.svcThreadGetId)
    svcThreadTerminate                       0x08005d5d   Thumb Code    50  rt_cmsis.o(i.svcThreadTerminate)
    svcTimerCall                             0x08005d95   Thumb Code    24  rt_cmsis.o(i.svcTimerCall)
    sysPoolAlloc                             0x08005dad   Thumb Code    10  rt_cmsis.o(i.sysPoolAlloc)
    sysPoolFree                              0x08005db7   Thumb Code    20  rt_cmsis.o(i.sysPoolFree)
    sysTimerTick                             0x08005dcd   Thumb Code    84  rt_cmsis.o(i.sysTimerTick)
    test_s10                                 0x08005e29   Thumb Code    20  infratrans.o(i.test_s10)
    usr_sigin                                0x08005e49   Thumb Code     8  infratrans.o(i.usr_sigin)
    usr_sigout                               0x08005e55   Thumb Code    20  infratrans.o(i.usr_sigout)
    wirelessThread_Active                    0x08005e79   Thumb Code    20  datatrans_usart.o(i.wirelessThread_Active)
    os_thread_def_fingerID_Thread            0x08005e94   Data          16  finger_id.o(.constdata)
    os_pool_def_FID_pool                     0x08005ea4   Data          12  finger_id.o(.constdata)
    os_messageQ_def_MsgBox_FID               0x08005eb0   Data           8  finger_id.o(.constdata)
    os_messageQ_def_MsgBox_MTFID             0x08005eb8   Data           8  finger_id.o(.constdata)
    os_messageQ_def_MsgBox_DPFID             0x08005ec0   Data           8  finger_id.o(.constdata)
    FID_FrameHead_size                       0x08005ec8   Data           1  finger_id.o(.constdata)
    FID_ADDR_size                            0x08005ec9   Data           1  finger_id.o(.constdata)
    FID_FrameHead                            0x08005eca   Data           3  finger_id.o(.constdata)
    FID_ADDR                                 0x08005ecd   Data           5  finger_id.o(.constdata)
    FID_CMD_TYPENUM                          0x08005ed2   Data           1  finger_id.o(.constdata)
    FID_CMD_SIZEMAX                          0x08005ed3   Data           1  finger_id.o(.constdata)
    FID_CMD                                  0x08005ed4   Data         400  finger_id.o(.constdata)
    FID_CMDSIZE                              0x08006064   Data          20  finger_id.o(.constdata)
    FID_CMDlen                               0x08006078   Data           1  finger_id.o(.constdata)
    os_thread_def_keyIFR_Thread              0x0800607c   Data          16  infratrans.o(.constdata)
    os_pool_def_IFR_pool                     0x0800608c   Data          12  infratrans.o(.constdata)
    os_messageQ_def_MsgBox_IFR               0x08006098   Data           8  infratrans.o(.constdata)
    os_messageQ_def_MsgBox_MTIFR             0x080060a0   Data           8  infratrans.o(.constdata)
    os_messageQ_def_MsgBox_DPIFR             0x080060a8   Data           8  infratrans.o(.constdata)
    Tab_size                                 0x080060b0   Data           1  infratrans.o(.constdata)
    IFR_PER                                  0x080060b1   Data           1  infratrans.o(.constdata)
    os_thread_def_USARTWireless_Thread       0x080060b4   Data          16  datatrans_usart.o(.constdata)
    dataTransFrameHead_size                  0x080060c4   Data           1  datatrans_usart.o(.constdata)
    dataTransFrameHead                       0x080060c5   Data           2  datatrans_usart.o(.constdata)
    dataTransFrameTail_size                  0x080060c7   Data           1  datatrans_usart.o(.constdata)
    dataTransFrameTail                       0x080060c8   Data           3  datatrans_usart.o(.constdata)
    TestCMD_PAGSIZE                          0x080060cc   Data           1  debuguart.o(.constdata)
    TestCMD_MAXSIZE                          0x080060cd   Data           1  debuguart.o(.constdata)
    os_thread_def_USARTDebug_Thread          0x080060d0   Data          16  debuguart.o(.constdata)
    Driver_USART1                            0x080061c4   Data          56  usart_stm32f10x.o(.constdata)
    Driver_USART2                            0x080061fc   Data          56  usart_stm32f10x.o(.constdata)
    os_maxtaskrun                            0x08006234   Data           2  rtx_conf_cm.o(.constdata)
    os_stackinfo                             0x08006238   Data           4  rtx_conf_cm.o(.constdata)
    os_rrobin                                0x0800623c   Data           4  rtx_conf_cm.o(.constdata)
    os_tickfreq                              0x08006240   Data           4  rtx_conf_cm.o(.constdata)
    os_tickus_i                              0x08006244   Data           2  rtx_conf_cm.o(.constdata)
    os_tickus_f                              0x08006246   Data           2  rtx_conf_cm.o(.constdata)
    os_trv                                   0x08006248   Data           4  rtx_conf_cm.o(.constdata)
    os_flags                                 0x0800624c   Data           1  rtx_conf_cm.o(.constdata)
    CMSIS_RTOS_API_Version                   0x08006250   Data           4  rtx_conf_cm.o(.constdata)
    CMSIS_RTOS_RTX_Version                   0x08006254   Data           4  rtx_conf_cm.o(.constdata)
    os_clockrate                             0x08006258   Data           4  rtx_conf_cm.o(.constdata)
    os_timernum                              0x0800625c   Data           4  rtx_conf_cm.o(.constdata)
    mp_tcb_size                              0x08006260   Data           2  rtx_conf_cm.o(.constdata)
    mp_stk_size                              0x08006264   Data           4  rtx_conf_cm.o(.constdata)
    os_stack_sz                              0x08006268   Data           4  rtx_conf_cm.o(.constdata)
    os_fifo_size                             0x0800626c   Data           1  rtx_conf_cm.o(.constdata)
    os_thread_def_osTimerThread              0x08006270   Data          16  rtx_conf_cm.o(.constdata)
    os_messageQ_def_osTimerMessageQ          0x08006280   Data           8  rtx_conf_cm.o(.constdata)
    mp_tmr_size                              0x08006288   Data           2  rtx_conf_cm.o(.constdata)
    os_thread_def_main                       0x0800628c   Data          16  rtx_conf_cm.o(.constdata)
    Region$$Table$$Base                      0x0800638c   Number         0  anon$$obj.o(Region$$Table)
    Region$$Table$$Limit                     0x080063ac   Number         0  anon$$obj.o(Region$$Table)
    Moudle_GTA                               0x20000000   Data           3  moudle_dec.o(.data)
    tid_MBDEC_Thread                         0x20000004   Data           4  moudle_dec.o(.data)
    tid_fireMS_Thread                        0x2000000c   Data           4  firems.o(.data)
    fireMS_pool                              0x20000010   Data           4  firems.o(.data)
    MsgBox_fireMS                            0x20000014   Data           4  firems.o(.data)
    MsgBox_MTfireMS                          0x20000018   Data           4  firems.o(.data)
    MsgBox_DPfireMS                          0x2000001c   Data           4  firems.o(.data)
    tid_gasMS_Thread                         0x20000020   Data           4  gasms.o(.data)
    gasMS_pool                               0x20000024   Data           4  gasms.o(.data)
    MsgBox_gasMS                             0x20000028   Data           4  gasms.o(.data)
    MsgBox_MTgasMS                           0x2000002c   Data           4  gasms.o(.data)
    MsgBox_DPgasMS                           0x20000030   Data           4  gasms.o(.data)
    tid_lightMS_Thread                       0x20000034   Data           4  lightms.o(.data)
    lightMS_pool                             0x20000038   Data           4  lightms.o(.data)
    MsgBox_lightMS                           0x2000003c   Data           4  lightms.o(.data)
    MsgBox_MTlightMS                         0x20000040   Data           4  lightms.o(.data)
    MsgBox_DPlightMS                         0x20000044   Data           4  lightms.o(.data)
    tid_pyroMS_Thread                        0x20000048   Data           4  pyroms.o(.data)
    pyroMS_pool                              0x2000004c   Data           4  pyroms.o(.data)
    MsgBox_pyroMS                            0x20000050   Data           4  pyroms.o(.data)
    MsgBox_MTpyroMS                          0x20000054   Data           4  pyroms.o(.data)
    MsgBox_DPpyroMS                          0x20000058   Data           4  pyroms.o(.data)
    tid_simuMS_Thread                        0x2000005c   Data           4  simums.o(.data)
    simuMS_pool                              0x20000060   Data           4  simums.o(.data)
    MsgBox_simuMS                            0x20000064   Data           4  simums.o(.data)
    MsgBox_MTsimuMS                          0x20000068   Data           4  simums.o(.data)
    MsgBox_DPsimuMS                          0x2000006c   Data           4  simums.o(.data)
    tid_smokeMS_Thread                       0x20000070   Data           4  smokems.o(.data)
    smokeMS_pool                             0x20000074   Data           4  smokems.o(.data)
    MsgBox_smokeMS                           0x20000078   Data           4  smokems.o(.data)
    MsgBox_MTsmokeMS                         0x2000007c   Data           4  smokems.o(.data)
    MsgBox_DPsmokeMS                         0x20000080   Data           4  smokems.o(.data)
    tid_tempMS_Thread                        0x20000084   Data           4  tempms.o(.data)
    tempMS_pool                              0x20000088   Data           4  tempms.o(.data)
    MsgBox_tempMS                            0x2000008c   Data           4  tempms.o(.data)
    MsgBox_MTtempMS                          0x20000090   Data           4  tempms.o(.data)
    MsgBox_DPtempMS                          0x20000094   Data           4  tempms.o(.data)
    tid_fingerID_Thread                      0x20000098   Data           4  finger_id.o(.data)
    FID_pool                                 0x2000009c   Data           4  finger_id.o(.data)
    MsgBox_FID                               0x200000a0   Data           4  finger_id.o(.data)
    MsgBox_MTFID                             0x200000a4   Data           4  finger_id.o(.data)
    MsgBox_DPFID                             0x200000a8   Data           4  finger_id.o(.data)
    FID_CMDptr                               0x200000ac   Data           1  finger_id.o(.data)
    FID_CMDusr                               0x200000ad   Data           1  finger_id.o(.data)
    tid_keyMboard_Thread                     0x200000b0   Data           4  key&tips.o(.data)
    tid_keyIFR_Thread                        0x200000dc   Data           4  infratrans.o(.data)
    IFR_pool                                 0x200000e0   Data           4  infratrans.o(.data)
    MsgBox_IFR                               0x200000e4   Data           4  infratrans.o(.data)
    MsgBox_MTIFR                             0x200000e8   Data           4  infratrans.o(.data)
    MsgBox_DPIFR                             0x200000ec   Data           4  infratrans.o(.data)
    measure_en                               0x200000f0   Data           1  infratrans.o(.data)
    tabHp                                    0x200000f1   Data           1  infratrans.o(.data)
    tabLp                                    0x200000f2   Data           1  infratrans.o(.data)
    tid_USARTWireless_Thread                 0x20000120   Data           4  datatrans_usart.o(.data)
    TestCMD                                  0x20000124   Data          80  debuguart.o(.data)
    TestREP                                  0x20000174   Data          80  debuguart.o(.data)
    funDebugTab                              0x200001c4   Data          16  debuguart.o(.data)
    tid_USARTDebug_Thread                    0x200001d4   Data           4  debuguart.o(.data)
    osThreadId_osTimerThread                 0x200001d8   Data           4  rtx_conf_cm.o(.data)
    osMessageQId_osTimerMessageQ             0x200001dc   Data           4  rtx_conf_cm.o(.data)
    os_tmr                                   0x200001e0   Data           4  rtx_conf_cm.o(.data)
    m_tmr                                    0x200001e4   Data           4  rtx_conf_cm.o(.data)
    SystemCoreClock                          0x200001fc   Data           4  system_stm32f10x.o(.data)
    AHBPrescTable                            0x20000200   Data          16  system_stm32f10x.o(.data)
    os_initialized                           0x20000210   Data           1  rt_cmsis.o(.data)
    os_running                               0x20000211   Data           1  rt_cmsis.o(.data)
    os_timer_head                            0x20000214   Data           4  rt_cmsis.o(.data)
    os_tsk                                   0x20000218   Data           8  rt_task.o(.data)
    os_tick_irqn                             0x20000224   Data           4  rt_system.o(.data)
    os_time                                  0x20000228   Data           4  rt_time.o(.data)
    os_robin                                 0x2000022c   Data           8  rt_robin.o(.data)
    dbg_msg                                  0x20000234   Data           1  hal_cm.o(.data)
    os_pool_m_FID_pool                       0x20000238   Data          32  finger_id.o(.bss)
    os_messageQ_q_MsgBox_FID                 0x20000258   Data          20  finger_id.o(.bss)
    os_messageQ_q_MsgBox_MTFID               0x2000026c   Data          20  finger_id.o(.bss)
    os_messageQ_q_MsgBox_DPFID               0x20000280   Data          20  finger_id.o(.bss)
    os_pool_m_IFR_pool                       0x20000778   Data          52  infratrans.o(.bss)
    os_messageQ_q_MsgBox_IFR                 0x200007ac   Data          24  infratrans.o(.bss)
    os_messageQ_q_MsgBox_MTIFR               0x200007c4   Data          24  infratrans.o(.bss)
    os_messageQ_q_MsgBox_DPIFR               0x200007dc   Data          24  infratrans.o(.bss)
    HTtab                                    0x200007f4   Data         510  infratrans.o(.bss)
    LTtab                                    0x200009f2   Data         510  infratrans.o(.bss)
    mp_tcb                                   0x20001558   Data         688  rtx_conf_cm.o(.bss)
    mp_stk                                   0x20001808   Data        1552  rtx_conf_cm.o(.bss)
    os_stack_mem                             0x20001e18   Data       21784  rtx_conf_cm.o(.bss)
    os_fifo                                  0x20007330   Data         132  rtx_conf_cm.o(.bss)
    os_active_TCB                            0x200073b4   Data          52  rtx_conf_cm.o(.bss)
    os_messageQ_q_osTimerMessageQ            0x200073e8   Data          32  rtx_conf_cm.o(.bss)
    os_idle_TCB                              0x20007968   Data          52  rt_task.o(.bss)
    os_rdy                                   0x2000799c   Data          24  rt_list.o(.bss)
    os_dly                                   0x200079b4   Data          24  rt_list.o(.bss)
    __libspace_start                         0x200079cc   Data          96  libspace.o(.bss)
    __temporary_stack_top$libspace           0x20007a2c   Data           0  libspace.o(.bss)



==============================================================================

Memory Map of the image

  Image Entry point : 0x08000131

  Load Region LR_IROM1 (Base: 0x08000000, Size: 0x000065e4, Max: 0x00040000, ABSOLUTE, COMPRESSED[0x00006404])

    Execution Region ER_IROM1 (Base: 0x08000000, Size: 0x000063ac, Max: 0x00040000, ABSOLUTE)

    Base Addr    Size         Type   Attr      Idx    E Section Name        Object

    0x08000000   0x00000130   Data   RO         4198    RESET               startup_stm32f10x_hd.o
    0x08000130   0x00000008   Code   RO         5538  * !!!main             c_w.l(__main.o)
    0x08000138   0x00000034   Code   RO         5710    !!!scatter          c_w.l(__scatter.o)
    0x0800016c   0x0000005a   Code   RO         5708    !!dczerorl2         c_w.l(__dczerorl2.o)
    0x080001c6   0x00000002   PAD
    0x080001c8   0x0000001c   Code   RO         5712    !!handler_zi        c_w.l(__scatter_zi.o)
    0x080001e4   0x00000002   Code   RO         5594    .ARM.Collect$$libinit$$00000000  c_w.l(libinit.o)
    0x080001e6   0x00000000   Code   RO         5606    .ARM.Collect$$libinit$$00000002  c_w.l(libinit2.o)
    0x080001e6   0x00000000   Code   RO         5608    .ARM.Collect$$libinit$$00000004  c_w.l(libinit2.o)
    0x080001e6   0x00000000   Code   RO         5611    .ARM.Collect$$libinit$$0000000A  c_w.l(libinit2.o)
    0x080001e6   0x00000000   Code   RO         5613    .ARM.Collect$$libinit$$0000000C  c_w.l(libinit2.o)
    0x080001e6   0x00000000   Code   RO         5615    .ARM.Collect$$libinit$$0000000E  c_w.l(libinit2.o)
    0x080001e6   0x00000000   Code   RO         5618    .ARM.Collect$$libinit$$00000011  c_w.l(libinit2.o)
    0x080001e6   0x00000000   Code   RO         5620    .ARM.Collect$$libinit$$00000013  c_w.l(libinit2.o)
    0x080001e6   0x00000000   Code   RO         5622    .ARM.Collect$$libinit$$00000015  c_w.l(libinit2.o)
    0x080001e6   0x00000000   Code   RO         5624    .ARM.Collect$$libinit$$00000017  c_w.l(libinit2.o)
    0x080001e6   0x00000000   Code   RO         5626    .ARM.Collect$$libinit$$00000019  c_w.l(libinit2.o)
    0x080001e6   0x00000000   Code   RO         5628    .ARM.Collect$$libinit$$0000001B  c_w.l(libinit2.o)
    0x080001e6   0x00000000   Code   RO         5630    .ARM.Collect$$libinit$$0000001D  c_w.l(libinit2.o)
    0x080001e6   0x00000000   Code   RO         5632    .ARM.Collect$$libinit$$0000001F  c_w.l(libinit2.o)
    0x080001e6   0x00000000   Code   RO         5634    .ARM.Collect$$libinit$$00000021  c_w.l(libinit2.o)
    0x080001e6   0x00000000   Code   RO         5636    .ARM.Collect$$libinit$$00000023  c_w.l(libinit2.o)
    0x080001e6   0x00000000   Code   RO         5638    .ARM.Collect$$libinit$$00000025  c_w.l(libinit2.o)
    0x080001e6   0x00000000   Code   RO         5642    .ARM.Collect$$libinit$$0000002C  c_w.l(libinit2.o)
    0x080001e6   0x00000000   Code   RO         5644    .ARM.Collect$$libinit$$0000002E  c_w.l(libinit2.o)
    0x080001e6   0x00000000   Code   RO         5646    .ARM.Collect$$libinit$$00000030  c_w.l(libinit2.o)
    0x080001e6   0x00000000   Code   RO         5648    .ARM.Collect$$libinit$$00000032  c_w.l(libinit2.o)
    0x080001e6   0x00000002   Code   RO         5649    .ARM.Collect$$libinit$$00000033  c_w.l(libinit2.o)
    0x080001e8   0x00000002   Code   RO         5595    .ARM.Collect$$libshutdown$$00000000  c_w.l(libshutdown.o)
    0x080001ea   0x00000000   Code   RO         5651    .ARM.Collect$$libshutdown$$00000002  c_w.l(libshutdown2.o)
    0x080001ea   0x00000000   Code   RO         5653    .ARM.Collect$$libshutdown$$00000004  c_w.l(libshutdown2.o)
    0x080001ea   0x00000000   Code   RO         5656    .ARM.Collect$$libshutdown$$00000007  c_w.l(libshutdown2.o)
    0x080001ea   0x00000000   Code   RO         5659    .ARM.Collect$$libshutdown$$0000000A  c_w.l(libshutdown2.o)
    0x080001ea   0x00000000   Code   RO         5661    .ARM.Collect$$libshutdown$$0000000C  c_w.l(libshutdown2.o)
    0x080001ea   0x00000000   Code   RO         5664    .ARM.Collect$$libshutdown$$0000000F  c_w.l(libshutdown2.o)
    0x080001ea   0x00000002   Code   RO         5665    .ARM.Collect$$libshutdown$$00000010  c_w.l(libshutdown2.o)
    0x080001ec   0x00000000   Code   RO         5540    .ARM.Collect$$rtentry$$00000000  c_w.l(__rtentry.o)
    0x080001ec   0x00000000   Code   RO         5555    .ARM.Collect$$rtentry$$00000002  c_w.l(__rtentry2.o)
    0x080001ec   0x00000006   Code   RO         5567    .ARM.Collect$$rtentry$$00000004  c_w.l(__rtentry4.o)
    0x080001f2   0x00000000   Code   RO         5557    .ARM.Collect$$rtentry$$00000009  c_w.l(__rtentry2.o)
    0x080001f2   0x00000004   Code   RO         5558    .ARM.Collect$$rtentry$$0000000A  c_w.l(__rtentry2.o)
    0x080001f6   0x00000008   Code   RO         5559    .ARM.Collect$$rtentry$$0000000B  c_w.l(__rtentry2.o)
    0x080001fe   0x00000008   Code   RO         5561    .ARM.Collect$$rtentry$$0000000D  c_w.l(__rtentry2.o)
    0x08000206   0x00000002   Code   RO         5541    .ARM.Collect$$rtexit$$00000000  c_w.l(rtexit.o)
    0x08000208   0x00000000   Code   RO         5570    .ARM.Collect$$rtexit$$00000002  c_w.l(rtexit2.o)
    0x08000208   0x00000004   Code   RO         5571    .ARM.Collect$$rtexit$$00000003  c_w.l(rtexit2.o)
    0x0800020c   0x00000006   Code   RO         5572    .ARM.Collect$$rtexit$$00000004  c_w.l(rtexit2.o)
    0x08000212   0x00000002   PAD
    0x08000214   0x0000001c   Code   RO         1740    .emb_text           rtx_conf_cm.o
    0x08000230   0x00000130   Code   RO         5444    .emb_text           RTX_CM3.lib(hal_cm3.o)
    0x08000360   0x00000040   Code   RO         4199    .text               startup_stm32f10x_hd.o
    0x080003a0   0x00000008   Code   RO         5459    .text               c_w.l(libspace.o)
    0x080003a8   0x00000012   Code   RO         5518    .text               c_w.l(exit.o)
    0x080003ba   0x00000024   Code   RO         5520    .text               c_w.l(strstr.o)
    0x080003de   0x00000058   Code   RO         5522    .text               c_w.l(memcmp.o)
    0x08000436   0x0000003e   Code   RO         5524    .text               c_w.l(strlen.o)
    0x08000474   0x00000018   Code   RO         5526    .text               c_w.l(strcat.o)
    0x0800048c   0x0000008a   Code   RO         5528    .text               c_w.l(rt_memcpy_v6.o)
    0x08000516   0x00000064   Code   RO         5530    .text               c_w.l(rt_memcpy_w.o)
    0x0800057a   0x00000044   Code   RO         5532    .text               c_w.l(rt_memclr.o)
    0x080005be   0x0000004e   Code   RO         5534    .text               c_w.l(rt_memclr_w.o)
    0x0800060c   0x00000006   Code   RO         5536    .text               c_w.l(heapauxi.o)
    0x08000612   0x00000002   PAD
    0x08000614   0x0000000c   Code   RO         5580    .text               c_w.l(sys_exit.o)
    0x08000620   0x0000004a   Code   RO         5582    .text               c_w.l(sys_stackheap_outer.o)
    0x0800066a   0x00000002   Code   RO         5596    .text               c_w.l(use_no_semi.o)
    0x0800066c   0x00000000   Code   RO         5598    .text               c_w.l(indicate_semi.o)
    0x0800066c   0x00000004   Code   RO         5454    SVC_TABLE           RTX_CM3.lib(svc_table.o)
    0x08000670   0x00000016   Code   RO         2077    i.ADC_Cmd           stm32f10x_adc.o
    0x08000686   0x00000002   PAD
    0x08000688   0x0000005c   Code   RO         2079    i.ADC_DeInit        stm32f10x_adc.o
    0x080006e4   0x00000014   Code   RO         2085    i.ADC_GetCalibrationStatus  stm32f10x_adc.o
    0x080006f8   0x00000008   Code   RO         2086    i.ADC_GetConversionValue  stm32f10x_adc.o
    0x08000700   0x00000012   Code   RO         2088    i.ADC_GetFlagStatus  stm32f10x_adc.o
    0x08000712   0x00000014   Code   RO         2091    i.ADC_GetResetCalibrationStatus  stm32f10x_adc.o
    0x08000726   0x00000002   PAD
    0x08000728   0x00000050   Code   RO         2095    i.ADC_Init          stm32f10x_adc.o
    0x08000778   0x000000b8   Code   RO         2099    i.ADC_RegularChannelConfig  stm32f10x_adc.o
    0x08000830   0x0000000a   Code   RO         2100    i.ADC_ResetCalibration  stm32f10x_adc.o
    0x0800083a   0x00000016   Code   RO         2102    i.ADC_SoftwareStartConvCmd  stm32f10x_adc.o
    0x08000850   0x0000000a   Code   RO         2104    i.ADC_StartCalibration  stm32f10x_adc.o
    0x0800085a   0x0000001c   Code   RO          760    i.ADD_CHECK         finger_id.o
    0x08000876   0x0000000c   Code   RO          199    i.BSP_Init          bsp.o
    0x08000882   0x00000004   Code   RO          223    i.BusFault_Handler  stm32f10x_it.o
    0x08000886   0x00000002   PAD
    0x08000888   0x000000ec   Code   RO         1810    i.CAN1_RX1_IRQHandler  can_stm32f10x.o
    0x08000974   0x00000094   Code   RO         1811    i.CAN1_SCE_IRQHandler  can_stm32f10x.o
    0x08000a08   0x00000002   Code   RO          224    i.DebugMon_Handler  stm32f10x_it.o
    0x08000a0a   0x00000002   PAD
    0x08000a0c   0x00000154   Code   RO         1196    i.EXTI15_10_IRQHandler  infratrans.o
    0x08000b60   0x0000000c   Code   RO         2443    i.EXTI_ClearFlag    stm32f10x_exti.o
    0x08000b6c   0x0000000c   Code   RO         2444    i.EXTI_ClearITPendingBit  stm32f10x_exti.o
    0x08000b78   0x00000028   Code   RO         2448    i.EXTI_GetITStatus  stm32f10x_exti.o
    0x08000ba0   0x00000094   Code   RO         2449    i.EXTI_Init         stm32f10x_exti.o
    0x08000c34   0x00000002   Code   RO          761    i.FID_USARTInitCallback  finger_id.o
    0x08000c36   0x00000002   PAD
    0x08000c38   0x00000074   Code   RO          762    i.FIDframeLoad_TX   finger_id.o
    0x08000cac   0x0000009c   Code   RO         4157    i.GPIO_AFConfigure  gpio_stm32f10x.o
    0x08000d48   0x00000040   Code   RO         2698    i.GPIO_EXTILineConfig  stm32f10x_gpio.o
    0x08000d88   0x00000098   Code   RO         4158    i.GPIO_GetPortClockState  gpio_stm32f10x.o
    0x08000e20   0x00000116   Code   RO         2701    i.GPIO_Init         stm32f10x_gpio.o
    0x08000f36   0x00000078   Code   RO         4159    i.GPIO_PinConfigure  gpio_stm32f10x.o
    0x08000fae   0x00000002   PAD
    0x08000fb0   0x0000013c   Code   RO         4160    i.GPIO_PortClock    gpio_stm32f10x.o
    0x080010ec   0x00000004   Code   RO         2709    i.GPIO_SetBits      stm32f10x_gpio.o
    0x080010f0   0x00000030   Code   RO         1197    i.HW_ReceiveTime    infratrans.o
    0x08001120   0x00000004   Code   RO          225    i.HardFault_Handler  stm32f10x_it.o
    0x08001124   0x000000d0   Code   RO         1198    i.IFR_Send          infratrans.o
    0x080011f4   0x00000030   Code   RO         1199    i.LW_ReceiveTime    infratrans.o
    0x08001224   0x00000004   Code   RO          226    i.MemManage_Handler  stm32f10x_it.o
    0x08001228   0x00000002   Code   RO          227    i.NMI_Handler       stm32f10x_it.o
    0x0800122a   0x00000002   PAD
    0x0800122c   0x00000070   Code   RO         2023    i.NVIC_Init         misc.o
    0x0800129c   0x00000014   Code   RO         2024    i.NVIC_PriorityGroupConfig  misc.o
    0x080012b0   0x00000018   Code   RO         3037    i.RCC_ADCCLKConfig  stm32f10x_rcc.o
    0x080012c8   0x00000020   Code   RO         3041    i.RCC_APB2PeriphClockCmd  stm32f10x_rcc.o
    0x080012e8   0x00000020   Code   RO         3042    i.RCC_APB2PeriphResetCmd  stm32f10x_rcc.o
    0x08001308   0x000000b0   Code   RO         1200    i.Remote_Init       infratrans.o
    0x080013b8   0x00000008   Code   RO         4206    i.SetSysClock       system_stm32f10x.o
    0x080013c0   0x000000e0   Code   RO         4207    i.SetSysClockTo72   system_stm32f10x.o
    0x080014a0   0x00000060   Code   RO         4209    i.SystemInit        system_stm32f10x.o
    0x08001500   0x00000064   Code   RO         1395    i.USART1Debug_Init  debuguart.o
    0x08001564   0x00000018   Code   RO         1476    i.USART1_Control    usart_stm32f10x.o
    0x0800157c   0x00000010   Code   RO         1477    i.USART1_GetCapabilities  usart_stm32f10x.o
    0x0800158c   0x00000010   Code   RO         1478    i.USART1_GetModemStatus  usart_stm32f10x.o
    0x0800159c   0x00000010   Code   RO         1479    i.USART1_GetRxCount  usart_stm32f10x.o
    0x080015ac   0x00000010   Code   RO         1480    i.USART1_GetStatus  usart_stm32f10x.o
    0x080015bc   0x00000010   Code   RO         1481    i.USART1_GetTxCount  usart_stm32f10x.o
    0x080015cc   0x00000010   Code   RO         1482    i.USART1_IRQHandler  usart_stm32f10x.o
    0x080015dc   0x00000014   Code   RO         1483    i.USART1_Initialize  usart_stm32f10x.o
    0x080015f0   0x00000014   Code   RO         1484    i.USART1_PowerControl  usart_stm32f10x.o
    0x08001604   0x00000018   Code   RO         1485    i.USART1_Receive    usart_stm32f10x.o
    0x0800161c   0x00000018   Code   RO         1486    i.USART1_Send       usart_stm32f10x.o
    0x08001634   0x00000014   Code   RO         1487    i.USART1_SetModemControl  usart_stm32f10x.o
    0x08001648   0x0000001c   Code   RO         1488    i.USART1_Transfer   usart_stm32f10x.o
    0x08001664   0x00000010   Code   RO         1489    i.USART1_Uninitialize  usart_stm32f10x.o
    0x08001674   0x00000064   Code   RO          763    i.USART1fingerID_Init  finger_id.o
    0x080016d8   0x00000070   Code   RO         1327    i.USART2Wirless_Init  datatrans_usart.o
    0x08001748   0x00000018   Code   RO         1490    i.USART2_Control    usart_stm32f10x.o
    0x08001760   0x00000010   Code   RO         1491    i.USART2_GetCapabilities  usart_stm32f10x.o
    0x08001770   0x00000010   Code   RO         1492    i.USART2_GetModemStatus  usart_stm32f10x.o
    0x08001780   0x00000010   Code   RO         1493    i.USART2_GetRxCount  usart_stm32f10x.o
    0x08001790   0x00000010   Code   RO         1494    i.USART2_GetStatus  usart_stm32f10x.o
    0x080017a0   0x00000010   Code   RO         1495    i.USART2_GetTxCount  usart_stm32f10x.o
    0x080017b0   0x00000010   Code   RO         1496    i.USART2_IRQHandler  usart_stm32f10x.o
    0x080017c0   0x00000014   Code   RO         1497    i.USART2_Initialize  usart_stm32f10x.o
    0x080017d4   0x00000014   Code   RO         1498    i.USART2_PowerControl  usart_stm32f10x.o
    0x080017e8   0x00000018   Code   RO         1499    i.USART2_Receive    usart_stm32f10x.o
    0x08001800   0x00000018   Code   RO         1500    i.USART2_Send       usart_stm32f10x.o
    0x08001818   0x00000014   Code   RO         1501    i.USART2_SetModemControl  usart_stm32f10x.o
    0x0800182c   0x0000001c   Code   RO         1502    i.USART2_Transfer   usart_stm32f10x.o
    0x08001848   0x00000010   Code   RO         1503    i.USART2_Uninitialize  usart_stm32f10x.o
    0x08001858   0x0000009c   Code   RO         1396    i.USARTDebug_Thread  debuguart.o
    0x080018f4   0x000002c8   Code   RO         1328    i.USARTWireless_Thread  datatrans_usart.o
    0x08001bbc   0x00000820   Code   RO         1504    i.USART_Control     usart_stm32f10x.o
    0x080023dc   0x00000006   Code   RO         1505    i.USART_GetCapabilities  usart_stm32f10x.o
    0x080023e2   0x00000090   Code   RO         1506    i.USART_GetModemStatus  usart_stm32f10x.o
    0x08002472   0x00000008   Code   RO         1507    i.USART_GetRxCount  usart_stm32f10x.o
    0x0800247a   0x000000d4   Code   RO         1508    i.USART_GetStatus   usart_stm32f10x.o
    0x0800254e   0x00000008   Code   RO         1509    i.USART_GetTxCount  usart_stm32f10x.o
    0x08002556   0x00000276   Code   RO         1510    i.USART_IRQHandler  usart_stm32f10x.o
    0x080027cc   0x000000a2   Code   RO         1511    i.USART_Initialize  usart_stm32f10x.o
    0x0800286e   0x00000002   PAD
    0x08002870   0x000000d8   Code   RO         1512    i.USART_PeripheralReset  usart_stm32f10x.o
    0x08002948   0x00000228   Code   RO         1513    i.USART_PowerControl  usart_stm32f10x.o
    0x08002b70   0x000000a2   Code   RO         1514    i.USART_Receive     usart_stm32f10x.o
    0x08002c12   0x00000088   Code   RO         1515    i.USART_Send        usart_stm32f10x.o
    0x08002c9a   0x0000009c   Code   RO         1516    i.USART_SetModemControl  usart_stm32f10x.o
    0x08002d36   0x0000006a   Code   RO         1517    i.USART_Transfer    usart_stm32f10x.o
    0x08002da0   0x0000006c   Code   RO         1518    i.USART_Uninitialize  usart_stm32f10x.o
    0x08002e0c   0x00000008   Code   RO         1329    i.USART_WirelessInit  datatrans_usart.o
    0x08002e14   0x00000008   Code   RO         1397    i.USART_debugInit   debuguart.o
    0x08002e1c   0x00000010   Code   RO         1519    i.USARTx_GetVersion  usart_stm32f10x.o
    0x08002e2c   0x00000118   Code   RO         1832    i.USB_HP_CAN1_TX_IRQHandler  can_stm32f10x.o
    0x08002f44   0x000000ec   Code   RO         1833    i.USB_LP_CAN1_RX0_IRQHandler  can_stm32f10x.o
    0x08003030   0x00000004   Code   RO          228    i.UsageFault_Handler  stm32f10x_it.o
    0x08003034   0x00000046   Code   RO         5343    i._init_box         RTX_CM3.lib(rt_membox.o)
    0x0800307a   0x00000002   PAD
    0x0800307c   0x00000020   Code   RO         1742    i._mutex_acquire    rtx_conf_cm.o
    0x0800309c   0x0000001c   Code   RO         1744    i._mutex_release    rtx_conf_cm.o
    0x080030b8   0x00000028   Code   RO          280    i.bsp_delayinit     delay.o
    0x080030e0   0x00000064   Code   RO         1330    i.dataTransFrameLoad_TX  datatrans_usart.o
    0x08003144   0x00000030   Code   RO         5396    i.dbg_init          RTX_CM3.lib(hal_cm.o)
    0x08003174   0x00000020   Code   RO         5397    i.dbg_task_notify   RTX_CM3.lib(hal_cm.o)
    0x08003194   0x00000010   Code   RO         5398    i.dbg_task_switch   RTX_CM3.lib(hal_cm.o)
    0x080031a4   0x0000001c   Code   RO         1398    i.debugThread_Active  debuguart.o
    0x080031c0   0x00000030   Code   RO          281    i.delay_us          delay.o
    0x080031f0   0x00000068   Code   RO          764    i.fingerID_Active   finger_id.o
    0x08003258   0x00000150   Code   RO          765    i.fingerID_CMDTX    finger_id.o
    0x080033a8   0x00000438   Code   RO          766    i.fingerID_Thread   finger_id.o
    0x080037e0   0x00000014   Code   RO         1399    i.funDB_keyIFR_OFF  debuguart.o
    0x080037f4   0x00000014   Code   RO         1400    i.funDB_keyIFR_ON   debuguart.o
    0x08003808   0x00000014   Code   RO         1401    i.funDB_keyMB_OFF   debuguart.o
    0x0800381c   0x00000014   Code   RO         1402    i.funDB_keyMB_ON    debuguart.o
    0x08003830   0x000001d4   Code   RO         1133    i.getKey            key&tips.o
    0x08003a04   0x000001d4   Code   RO         1201    i.getKey2           infratrans.o
    0x08003bd8   0x0000002a   Code   RO         4252    i.isrMessageGet     RTX_CM3.lib(rt_cmsis.o)
    0x08003c02   0x0000002c   Code   RO         4253    i.isrMessagePut     RTX_CM3.lib(rt_cmsis.o)
    0x08003c2e   0x00000024   Code   RO         4255    i.isrSignalSet      RTX_CM3.lib(rt_cmsis.o)
    0x08003c52   0x00000002   PAD
    0x08003c54   0x00000028   Code   RO         5080    i.isr_evt_set       RTX_CM3.lib(rt_event.o)
    0x08003c7c   0x00000056   Code   RO         5198    i.isr_mbx_receive   RTX_CM3.lib(rt_mailbox.o)
    0x08003cd2   0x0000000e   Code   RO         5199    i.isr_mbx_send      RTX_CM3.lib(rt_mailbox.o)
    0x08003ce0   0x0000005c   Code   RO         1203    i.keyIFRActive      infratrans.o
    0x08003d3c   0x00000034   Code   RO         1204    i.keyIFRGet_Adc     infratrans.o
    0x08003d70   0x00000094   Code   RO         1206    i.keyIFR_ADCInit    infratrans.o
    0x08003e04   0x0000002a   Code   RO         1207    i.keyIFR_Scan       infratrans.o
    0x08003e2e   0x00000002   PAD
    0x08003e30   0x00000074   Code   RO         1208    i.keyIFR_Thread     infratrans.o
    0x08003ea4   0x000004a4   Code   RO         1138    i.key_Thread        key&tips.o
    0x08004348   0x000004a4   Code   RO         1209    i.key_Thread2       infratrans.o
    0x080047ec   0x0000001c   Code   RO            4    i.main              main.o
    0x08004808   0x0000003a   Code   RO         1331    i.memmem            datatrans_usart.o
    0x08004842   0x00000002   Code   RO         1403    i.myUSART1_callback  debuguart.o
    0x08004844   0x00000002   Code   RO         1332    i.myUSART2_callback  datatrans_usart.o
    0x08004846   0x00000002   PAD
    0x08004848   0x00000018   Code   RO         4256    i.osDelay           RTX_CM3.lib(rt_cmsis.o)
    0x08004860   0x00000024   Code   RO         4257    i.osKernelInitialize  RTX_CM3.lib(rt_cmsis.o)
    0x08004884   0x0000006c   Code   RO         4259    i.osKernelStart     RTX_CM3.lib(rt_cmsis.o)
    0x080048f0   0x00000018   Code   RO         4260    i.osKernelSysTick   RTX_CM3.lib(rt_cmsis.o)
    0x08004908   0x0000002c   Code   RO         4267    i.osMessageCreate   RTX_CM3.lib(rt_cmsis.o)
    0x08004934   0x00000018   Code   RO         4268    i.osMessageGet      RTX_CM3.lib(rt_cmsis.o)
    0x0800494c   0x00000018   Code   RO         4269    i.osMessagePut      RTX_CM3.lib(rt_cmsis.o)
    0x08004964   0x00000034   Code   RO         4275    i.osPoolCAlloc      RTX_CM3.lib(rt_cmsis.o)
    0x08004998   0x0000002c   Code   RO         4276    i.osPoolCreate      RTX_CM3.lib(rt_cmsis.o)
    0x080049c4   0x00000020   Code   RO         4277    i.osPoolFree        RTX_CM3.lib(rt_cmsis.o)
    0x080049e4   0x00000018   Code   RO         4282    i.osSignalClear     RTX_CM3.lib(rt_cmsis.o)
    0x080049fc   0x00000018   Code   RO         4283    i.osSignalSet       RTX_CM3.lib(rt_cmsis.o)
    0x08004a14   0x00000018   Code   RO         4284    i.osSignalWait      RTX_CM3.lib(rt_cmsis.o)
    0x08004a2c   0x0000002c   Code   RO         4285    i.osThreadCreate    RTX_CM3.lib(rt_cmsis.o)
    0x08004a58   0x00000018   Code   RO         4286    i.osThreadExit      RTX_CM3.lib(rt_cmsis.o)
    0x08004a70   0x00000018   Code   RO         4287    i.osThreadGetId     RTX_CM3.lib(rt_cmsis.o)
    0x08004a88   0x00000018   Code   RO         4290    i.osThreadTerminate  RTX_CM3.lib(rt_cmsis.o)
    0x08004aa0   0x0000000c   Code   RO         4292    i.osTimerCall       RTX_CM3.lib(rt_cmsis.o)
    0x08004aac   0x0000002c   Code   RO         4297    i.osTimerThread     RTX_CM3.lib(rt_cmsis.o)
    0x08004ad8   0x00000022   Code   RO         1745    i.os_error          rtx_conf_cm.o
    0x08004afa   0x00000004   Code   RO         1746    i.os_idle_demon     rtx_conf_cm.o
    0x08004afe   0x00000002   PAD
    0x08004b00   0x00000028   Code   RO         4990    i.os_tick_init      RTX_CM3.lib(rt_system.o)
    0x08004b28   0x00000002   Code   RO         4991    i.os_tick_irqack    RTX_CM3.lib(rt_system.o)
    0x08004b2a   0x00000002   PAD
    0x08004b2c   0x00000010   Code   RO         4992    i.os_tick_ovf       RTX_CM3.lib(rt_system.o)
    0x08004b3c   0x00000014   Code   RO         4993    i.os_tick_val       RTX_CM3.lib(rt_system.o)
    0x08004b50   0x0000001a   Code   RO         5344    i.rt_alloc_box      RTX_CM3.lib(rt_membox.o)
    0x08004b6a   0x0000003e   Code   RO         5372    i.rt_alloc_mem      RTX_CM3.lib(rt_memory.o)
    0x08004ba8   0x00000038   Code   RO         4871    i.rt_block          RTX_CM3.lib(rt_task.o)
    0x08004be0   0x00000048   Code   RO         5321    i.rt_chk_robin      RTX_CM3.lib(rt_robin.o)
    0x08004c28   0x00000018   Code   RO         4301    i.rt_clr_box        RTX_CM3.lib(rt_cmsis.o)
    0x08004c40   0x00000070   Code   RO         5122    i.rt_dec_dly        RTX_CM3.lib(rt_list.o)
    0x08004cb0   0x00000044   Code   RO         4872    i.rt_dispatch       RTX_CM3.lib(rt_task.o)
    0x08004cf4   0x00000006   Code   RO         5288    i.rt_dly_wait       RTX_CM3.lib(rt_time.o)
    0x08004cfa   0x00000002   PAD
    0x08004cfc   0x0000001c   Code   RO         5081    i.rt_evt_clr        RTX_CM3.lib(rt_event.o)
    0x08004d18   0x00000050   Code   RO         5083    i.rt_evt_psh        RTX_CM3.lib(rt_event.o)
    0x08004d68   0x0000005c   Code   RO         5084    i.rt_evt_set        RTX_CM3.lib(rt_event.o)
    0x08004dc4   0x0000003c   Code   RO         5085    i.rt_evt_wait       RTX_CM3.lib(rt_event.o)
    0x08004e00   0x0000002c   Code   RO         5345    i.rt_free_box       RTX_CM3.lib(rt_membox.o)
    0x08004e2c   0x00000028   Code   RO         5373    i.rt_free_mem       RTX_CM3.lib(rt_memory.o)
    0x08004e54   0x00000028   Code   RO         5123    i.rt_get_first      RTX_CM3.lib(rt_list.o)
    0x08004e7c   0x00000008   Code   RO         4302    i.rt_id2obj         RTX_CM3.lib(rt_cmsis.o)
    0x08004e84   0x00000048   Code   RO         4873    i.rt_init_context   RTX_CM3.lib(rt_task.o)
    0x08004ecc   0x0000001a   Code   RO         5374    i.rt_init_mem       RTX_CM3.lib(rt_memory.o)
    0x08004ee6   0x00000002   PAD
    0x08004ee8   0x00000018   Code   RO         5322    i.rt_init_robin     RTX_CM3.lib(rt_robin.o)
    0x08004f00   0x00000080   Code   RO         5399    i.rt_init_stack     RTX_CM3.lib(hal_cm.o)
    0x08004f80   0x00000008   Code   RO         5200    i.rt_mbx_check      RTX_CM3.lib(rt_mailbox.o)
    0x08004f88   0x0000001a   Code   RO         5201    i.rt_mbx_init       RTX_CM3.lib(rt_mailbox.o)
    0x08004fa2   0x00000002   PAD
    0x08004fa4   0x000000f0   Code   RO         5202    i.rt_mbx_psh        RTX_CM3.lib(rt_mailbox.o)
    0x08005094   0x00000098   Code   RO         5203    i.rt_mbx_send       RTX_CM3.lib(rt_mailbox.o)
    0x0800512c   0x000000b4   Code   RO         5204    i.rt_mbx_wait       RTX_CM3.lib(rt_mailbox.o)
    0x080051e0   0x00000044   Code   RO         4303    i.rt_ms2tick        RTX_CM3.lib(rt_cmsis.o)
    0x08005224   0x000000d8   Code   RO         4957    i.rt_mut_release    RTX_CM3.lib(rt_mutex.o)
    0x080052fc   0x00000078   Code   RO         4958    i.rt_mut_wait       RTX_CM3.lib(rt_mutex.o)
    0x08005374   0x0000007c   Code   RO         4994    i.rt_pop_req        RTX_CM3.lib(rt_system.o)
    0x080053f0   0x00000020   Code   RO         4995    i.rt_psh_req        RTX_CM3.lib(rt_system.o)
    0x08005410   0x0000005c   Code   RO         5125    i.rt_psq_enq        RTX_CM3.lib(rt_list.o)
    0x0800546c   0x00000048   Code   RO         5126    i.rt_put_dly        RTX_CM3.lib(rt_list.o)
    0x080054b4   0x00000036   Code   RO         5127    i.rt_put_prio       RTX_CM3.lib(rt_list.o)
    0x080054ea   0x00000002   PAD
    0x080054ec   0x00000014   Code   RO         5128    i.rt_put_rdy_first  RTX_CM3.lib(rt_list.o)
    0x08005500   0x00000034   Code   RO         5129    i.rt_resort_prio    RTX_CM3.lib(rt_list.o)
    0x08005534   0x00000006   Code   RO         5400    i.rt_ret_val        RTX_CM3.lib(hal_cm.o)
    0x0800553a   0x00000008   Code   RO         5401    i.rt_ret_val2       RTX_CM3.lib(hal_cm.o)
    0x08005542   0x00000028   Code   RO         5130    i.rt_rmv_dly        RTX_CM3.lib(rt_list.o)
    0x0800556a   0x00000002   PAD
    0x0800556c   0x00000030   Code   RO         5131    i.rt_rmv_list       RTX_CM3.lib(rt_list.o)
    0x0800559c   0x00000034   Code   RO         5249    i.rt_sem_psh        RTX_CM3.lib(rt_semaphore.o)
    0x080055d0   0x00000024   Code   RO         4997    i.rt_stk_check      RTX_CM3.lib(rt_system.o)
    0x080055f4   0x00000028   Code   RO         4874    i.rt_switch_req     RTX_CM3.lib(rt_task.o)
    0x0800561c   0x000000cc   Code   RO         4875    i.rt_sys_init       RTX_CM3.lib(rt_task.o)
    0x080056e8   0x00000078   Code   RO         4876    i.rt_sys_start      RTX_CM3.lib(rt_task.o)
    0x08005760   0x00000040   Code   RO         4999    i.rt_systick        RTX_CM3.lib(rt_system.o)
    0x080057a0   0x00000012   Code   RO         4304    i.rt_tid2ptcb       RTX_CM3.lib(rt_cmsis.o)
    0x080057b2   0x00000002   PAD
    0x080057b4   0x00000034   Code   RO         4305    i.rt_timer_insert   RTX_CM3.lib(rt_cmsis.o)
    0x080057e8   0x00000088   Code   RO         4877    i.rt_tsk_create     RTX_CM3.lib(rt_task.o)
    0x08005870   0x0000017c   Code   RO         4878    i.rt_tsk_delete     RTX_CM3.lib(rt_task.o)
    0x080059ec   0x0000007c   Code   RO         4880    i.rt_tsk_prio       RTX_CM3.lib(rt_task.o)
    0x08005a68   0x00000010   Code   RO         4881    i.rt_tsk_self       RTX_CM3.lib(rt_task.o)
    0x08005a78   0x00000012   Code   RO         4307    i.svcDelay          RTX_CM3.lib(rt_cmsis.o)
    0x08005a8a   0x00000002   PAD
    0x08005a8c   0x00000070   Code   RO         4308    i.svcKernelInitialize  RTX_CM3.lib(rt_cmsis.o)
    0x08005afc   0x00000048   Code   RO         4310    i.svcKernelStart    RTX_CM3.lib(rt_cmsis.o)
    0x08005b44   0x00000038   Code   RO         4311    i.svcKernelSysTick  RTX_CM3.lib(rt_cmsis.o)
    0x08005b7c   0x00000024   Code   RO         4313    i.svcMessageCreate  RTX_CM3.lib(rt_cmsis.o)
    0x08005ba0   0x0000003a   Code   RO         4314    i.svcMessageGet     RTX_CM3.lib(rt_cmsis.o)
    0x08005bda   0x00000036   Code   RO         4315    i.svcMessagePut     RTX_CM3.lib(rt_cmsis.o)
    0x08005c10   0x00000028   Code   RO         4320    i.svcPoolCreate     RTX_CM3.lib(rt_cmsis.o)
    0x08005c38   0x00000024   Code   RO         4325    i.svcSignalClear    RTX_CM3.lib(rt_cmsis.o)
    0x08005c5c   0x00000024   Code   RO         4326    i.svcSignalSet      RTX_CM3.lib(rt_cmsis.o)
    0x08005c80   0x00000054   Code   RO         4327    i.svcSignalWait     RTX_CM3.lib(rt_cmsis.o)
    0x08005cd4   0x0000006c   Code   RO         4328    i.svcThreadCreate   RTX_CM3.lib(rt_cmsis.o)
    0x08005d40   0x0000001c   Code   RO         4329    i.svcThreadGetId    RTX_CM3.lib(rt_cmsis.o)
    0x08005d5c   0x00000038   Code   RO         4332    i.svcThreadTerminate  RTX_CM3.lib(rt_cmsis.o)
    0x08005d94   0x00000018   Code   RO         4334    i.svcTimerCall      RTX_CM3.lib(rt_cmsis.o)
    0x08005dac   0x0000000a   Code   RO         4341    i.sysPoolAlloc      RTX_CM3.lib(rt_cmsis.o)
    0x08005db6   0x00000014   Code   RO         4342    i.sysPoolFree       RTX_CM3.lib(rt_cmsis.o)
    0x08005dca   0x00000002   PAD
    0x08005dcc   0x0000005c   Code   RO         4343    i.sysTimerTick      RTX_CM3.lib(rt_cmsis.o)
    0x08005e28   0x00000020   Code   RO         1210    i.test_s10          infratrans.o
    0x08005e48   0x0000000c   Code   RO         1211    i.usr_sigin         infratrans.o
    0x08005e54   0x00000024   Code   RO         1212    i.usr_sigout        infratrans.o
    0x08005e78   0x0000001c   Code   RO         1333    i.wirelessThread_Active  datatrans_usart.o
    0x08005e94   0x000001e5   Data   RO          768    .constdata          finger_id.o
    0x08006079   0x00000003   PAD
    0x0800607c   0x00000036   Data   RO         1214    .constdata          infratrans.o
    0x080060b2   0x00000002   PAD
    0x080060b4   0x00000017   Data   RO         1334    .constdata          datatrans_usart.o
    0x080060cb   0x00000001   PAD
    0x080060cc   0x00000064   Data   RO         1404    .constdata          debuguart.o
    0x08006130   0x00000104   Data   RO         1521    .constdata          usart_stm32f10x.o
    0x08006234   0x00000068   Data   RO         1748    .constdata          rtx_conf_cm.o
    0x0800629c   0x000000ed   Data   RO         1405    .conststring        debuguart.o
    0x08006389   0x00000003   PAD
    0x0800638c   0x00000020   Data   RO         5706    Region$$Table       anon$$obj.o


    Execution Region RW_IRAM1 (Base: 0x20000000, Size: 0x00008030, Max: 0x0000c000, ABSOLUTE, COMPRESSED[0x00000058])

    Base Addr    Size         Type   Attr      Idx    E Section Name        Object

    0x20000000   0x00000009   Data   RW          388    .data               moudle_dec.o
    0x20000009   0x00000003   PAD
    0x2000000c   0x00000014   Data   RW          443    .data               firems.o
    0x20000020   0x00000014   Data   RW          495    .data               gasms.o
    0x20000034   0x00000014   Data   RW          540    .data               lightms.o
    0x20000048   0x00000014   Data   RW          585    .data               pyroms.o
    0x2000005c   0x00000014   Data   RW          630    .data               simums.o
    0x20000070   0x00000014   Data   RW          675    .data               smokems.o
    0x20000084   0x00000014   Data   RW          720    .data               tempms.o
    0x20000098   0x00000016   Data   RW          769    .data               finger_id.o
    0x200000ae   0x00000002   PAD
    0x200000b0   0x0000002c   Data   RW         1141    .data               key&tips.o
    0x200000dc   0x00000044   Data   RW         1215    .data               infratrans.o
    0x20000120   0x00000004   Data   RW         1335    .data               datatrans_usart.o
    0x20000124   0x000000b4   Data   RW         1406    .data               debuguart.o
    0x200001d8   0x00000014   Data   RW         1749    .data               rtx_conf_cm.o
    0x200001ec   0x00000010   Data   RW         1838    .data               can_stm32f10x.o
    0x200001fc   0x00000014   Data   RW         4210    .data               system_stm32f10x.o
    0x20000210   0x00000008   Data   RW         4346    .data               RTX_CM3.lib(rt_cmsis.o)
    0x20000218   0x00000008   Data   RW         4883    .data               RTX_CM3.lib(rt_task.o)
    0x20000220   0x00000008   Data   RW         5002    .data               RTX_CM3.lib(rt_system.o)
    0x20000228   0x00000004   Data   RW         5292    .data               RTX_CM3.lib(rt_time.o)
    0x2000022c   0x00000008   Data   RW         5323    .data               RTX_CM3.lib(rt_robin.o)
    0x20000234   0x00000001   Data   RW         5402    .data               RTX_CM3.lib(hal_cm.o)
    0x20000235   0x00000003   PAD
    0x20000238   0x0000005c   Zero   RW          767    .bss                finger_id.o
    0x20000294   0x000004e4   Zero   RW         1139    .bss                key&tips.o
    0x20000778   0x00000d6c   Zero   RW         1213    .bss                infratrans.o
    0x200014e4   0x00000070   Zero   RW         1520    .bss                usart_stm32f10x.o
    0x20001554   0x00000004   PAD
    0x20001558   0x00006410   Zero   RW         1747    .bss                rtx_conf_cm.o
    0x20007968   0x00000034   Zero   RW         4882    .bss                RTX_CM3.lib(rt_task.o)
    0x2000799c   0x00000030   Zero   RW         5132    .bss                RTX_CM3.lib(rt_list.o)
    0x200079cc   0x00000060   Zero   RW         5460    .bss                c_w.l(libspace.o)
    0x20007a2c   0x00000004   PAD
    0x20007a30   0x00000200   Zero   RW         4197    HEAP                startup_stm32f10x_hd.o
    0x20007c30   0x00000400   Zero   RW         4196    STACK               startup_stm32f10x_hd.o


==============================================================================

Image component sizes


      Code (inc. data)   RO Data    RW Data    ZI Data      Debug   Object Name

        12          0          0          0          0        423   bsp.o
       900         60          0         16          0      12603   can_stm32f10x.o
      1020        140         23          4          0       6423   datatrans_usart.o
       374         94        337        180          0       6319   debuguart.o
        88         22          0          0          0        959   delay.o
      1766        164        485         22         92       8768   finger_id.o
         0          0          0         20          0       1526   firems.o
         0          0          0         20          0       1488   gasms.o
       744         76          0          0          0       3409   gpio_stm32f10x.o
      3006        434         54         68       3436      12256   infratrans.o
      1656        234          0         44       1252       3918   key&tips.o
         0          0          0         20          0       1560   lightms.o
        28          0          0          0          0     250368   main.o
       132         22          0          0          0       1723   misc.o
         0          0          0          9          0       3056   moudle_dec.o
         0          0          0         20          0       1526   pyroms.o
       126         26        104         20      25616       9227   rtx_conf_cm.o
         0          0          0         20          0       1526   simums.o
         0          0          0         20          0       1560   smokems.o
        64         26        304          0       1536        828   startup_stm32f10x_hd.o
       486         24          0          0          0       9198   stm32f10x_adc.o
       212         24          0          0          0       2897   stm32f10x_exti.o
       346          4          0          0          0       3349   stm32f10x_gpio.o
        20          0          0          0          0       2569   stm32f10x_it.o
        88         18          0          0          0       1825   stm32f10x_rcc.o
       328         28          0         20          0       2329   system_stm32f10x.o
         0          0          0         20          0       1526   tempms.o
      5246        252        260          0        112      62496   usart_stm32f10x.o

    ----------------------------------------------------------------------
     16664       1648       1608        528      32048     415655   Object Totals
         0          0         32          0          0          0   (incl. Generated)
        22          0          9          5          4          0   (incl. Padding)

    ----------------------------------------------------------------------

      Code (inc. data)   RO Data    RW Data    ZI Data      Debug   Library Member Name

       238         24          0          1          0       3312   hal_cm.o
       304         36          0          0          0        768   hal_cm3.o
      1888        224          0          8          0      46197   rt_cmsis.o
       300         24          0          0          0       3183   rt_event.o
       530         34          0          0         48       8253   rt_list.o
       706         14          0          0          0       4787   rt_mailbox.o
       140          0          0          0          0       1925   rt_membox.o
       128          0          0          0          0       2307   rt_memory.o
       336         14          0          0          0       1643   rt_mutex.o
        96         22          0          8          0       1158   rt_robin.o
        52          4          0          0          0        573   rt_semaphore.o
       334         64          0          8          0       7091   rt_system.o
      1216        174          0          8         52       9649   rt_task.o
         6          0          0          4          0        652   rt_time.o
         4          4          0          0          0        208   svc_table.o
        90          0          0          0          0          0   __dczerorl2.o
         8          0          0          0          0         68   __main.o
         0          0          0          0          0          0   __rtentry.o
        20          0          0          0          0          0   __rtentry2.o
         6          0          0          0          0          0   __rtentry4.o
        52          8          0          0          0          0   __scatter.o
        28          0          0          0          0          0   __scatter_zi.o
        18          0          0          0          0         80   exit.o
         6          0          0          0          0        152   heapauxi.o
         0          0          0          0          0          0   indicate_semi.o
         2          0          0          0          0          0   libinit.o
         2          0          0          0          0          0   libinit2.o
         2          0          0          0          0          0   libshutdown.o
         2          0          0          0          0          0   libshutdown2.o
         8          4          0          0         96         68   libspace.o
        88          0          0          0          0         76   memcmp.o
        68          0          0          0          0         68   rt_memclr.o
        78          0          0          0          0         80   rt_memclr_w.o
       138          0          0          0          0         68   rt_memcpy_v6.o
       100          0          0          0          0         80   rt_memcpy_w.o
         2          0          0          0          0          0   rtexit.o
        10          0          0          0          0          0   rtexit2.o
        24          0          0          0          0         68   strcat.o
        62          0          0          0          0         76   strlen.o
        36          0          0          0          0         80   strstr.o
        12          4          0          0          0         68   sys_exit.o
        74          0          0          0          0         80   sys_stackheap_outer.o
         2          0          0          0          0         68   use_no_semi.o

    ----------------------------------------------------------------------
      7244        654          0         40        200      92886   Library Totals
        28          0          0          3          4          0   (incl. Padding)

    ----------------------------------------------------------------------

      Code (inc. data)   RO Data    RW Data    ZI Data      Debug   Library Name

      6278        638          0         37        100      91706   RTX_CM3.lib
       938         16          0          0         96       1180   c_w.l

    ----------------------------------------------------------------------
      7244        654          0         40        200      92886   Library Totals

    ----------------------------------------------------------------------

==============================================================================


      Code (inc. data)   RO Data    RW Data    ZI Data      Debug   

     23908       2302       1608        568      32248     496161   Grand Totals
     23908       2302       1608         88      32248     496161   ELF Image Totals (compressed)
     23908       2302       1608         88          0          0   ROM Totals

==============================================================================

    Total RO  Size (Code + RO Data)                25516 (  24.92kB)
    Total RW  Size (RW Data + ZI Data)             32816 (  32.05kB)
    Total ROM Size (Code + RO Data + RW Data)      25604 (  25.00kB)

==============================================================================

