Component: ARM Compiler 5.06 update 1 (build 61) Tool: armlink [4d35a8]

==============================================================================

Section Cross References

    bsp.o(i.BSP_Init) refers to test.o(i.testInit) for testInit
    bsp.o(i.BSP_Init) refers to wirelesstrans_usart.o(i.USARTInit1) for USARTInit1
    bsp.o(i.BSP_Init) refers to wirelesstrans_usart.o(i.USARTInit2) for USARTInit2
    bsp.o(i.BSP_Init) refers to key&tips.o(i.keyInit) for keyInit
    main.o(i.main) refers to rt_cmsis.o(i.osKernelInitialize) for osKernelInitialize
    main.o(i.main) refers to bsp.o(i.BSP_Init) for BSP_Init
    main.o(i.main) refers to wirelesstrans_usart.o(i.USARTTest) for USARTTest
    main.o(i.main) refers to key&tips.o(i.keyTest) for keyTest
    main.o(i.main) refers to test.o(i.LEDTest) for LEDTest
    main.o(i.main) refers to rt_cmsis.o(i.osKernelStart) for osKernelStart
    test.o(i.LEDTest) refers to test.o(i.testInit) for testInit
    test.o(i.LEDTest) refers to rt_cmsis.o(i.osThreadCreate) for osThreadCreate
    test.o(i.LEDTest) refers to test.o(.constdata) for os_thread_def_Task0
    test.o(i.LEDTest) refers to test.o(.data) for tid1
    test.o(i.TTask0) refers to stm32f10x_gpio.o(i.GPIO_WriteBit) for GPIO_WriteBit
    test.o(i.TTask0) refers to rt_cmsis.o(i.osDelay) for osDelay
    test.o(i.Task0) refers to rt_cmsis.o(i.osTimerCreate) for osTimerCreate
    test.o(i.Task0) refers to rt_cmsis.o(i.osTimerStart) for osTimerStart
    test.o(i.Task0) refers to stm32f10x_gpio.o(i.GPIO_WriteBit) for GPIO_WriteBit
    test.o(i.Task0) refers to rt_cmsis.o(i.osDelay) for osDelay
    test.o(i.Task0) refers to test.o(i.TTask0) for TTask0
    test.o(i.Task0) refers to test.o(.constdata) for os_timer_def_Tim0
    test.o(i.Task1) refers to stm32f10x_gpio.o(i.GPIO_WriteBit) for GPIO_WriteBit
    test.o(i.Task1) refers to rt_cmsis.o(i.osDelay) for osDelay
    test.o(i.testInit) refers to stm32f10x_rcc.o(i.RCC_APB2PeriphClockCmd) for RCC_APB2PeriphClockCmd
    test.o(i.testInit) refers to stm32f10x_gpio.o(i.GPIO_Init) for GPIO_Init
    test.o(i.testInit) refers to stm32f10x_gpio.o(i.GPIO_WriteBit) for GPIO_WriteBit
    test.o(.constdata) refers to test.o(i.Task0) for Task0
    test.o(.constdata) refers to test.o(i.TTask0) for TTask0
    test.o(.constdata) refers to test.o(.bss) for os_timer_cb_Tim0
    wirelesstrans_usart.o(i.USARTInit1) refers to stm32f10x_rcc.o(i.RCC_APB2PeriphClockCmd) for RCC_APB2PeriphClockCmd
    wirelesstrans_usart.o(i.USARTInit1) refers to stm32f10x_gpio.o(i.GPIO_Init) for GPIO_Init
    wirelesstrans_usart.o(i.USARTInit1) refers to stm32f10x_usart.o(i.USART_Init) for USART_Init
    wirelesstrans_usart.o(i.USARTInit1) refers to stm32f10x_usart.o(i.USART_Cmd) for USART_Cmd
    wirelesstrans_usart.o(i.USARTInit2) refers to usart_stm32f10x.o(.constdata) for Driver_USART1
    wirelesstrans_usart.o(i.USARTInit2) refers to wirelesstrans_usart.o(i.myUSART_callback) for myUSART_callback
    wirelesstrans_usart.o(i.USARTTest) refers to rt_cmsis.o(i.osThreadCreate) for osThreadCreate
    wirelesstrans_usart.o(i.USARTTest) refers to wirelesstrans_usart.o(.constdata) for os_thread_def_USARTTest_Thread
    wirelesstrans_usart.o(i.USARTTest) refers to wirelesstrans_usart.o(.data) for tid_USARTTest_Thread
    wirelesstrans_usart.o(i.USARTTest_Thread) refers to rt_memcpy_w.o(.text) for __aeabi_memcpy4
    wirelesstrans_usart.o(i.USARTTest_Thread) refers to rt_cmsis.o(i.osMutexCreate) for osMutexCreate
    wirelesstrans_usart.o(i.USARTTest_Thread) refers to rt_cmsis.o(i.osDelay) for osDelay
    wirelesstrans_usart.o(i.USARTTest_Thread) refers to strlen.o(.text) for strlen
    wirelesstrans_usart.o(i.USARTTest_Thread) refers to strstr.o(.text) for strstr
    wirelesstrans_usart.o(i.USARTTest_Thread) refers to rt_cmsis.o(i.osMutexRelease) for osMutexRelease
    wirelesstrans_usart.o(i.USARTTest_Thread) refers to rt_memclr_w.o(.text) for __aeabi_memclr4
    wirelesstrans_usart.o(i.USARTTest_Thread) refers to wirelesstrans_usart.o(.constdata) for .constdata
    wirelesstrans_usart.o(i.USARTTest_Thread) refers to wirelesstrans_usart.o(.data) for TestCMD
    wirelesstrans_usart.o(i.USARTTest_Thread) refers to usart_stm32f10x.o(.constdata) for Driver_USART1
    wirelesstrans_usart.o(.constdata) refers to wirelesstrans_usart.o(i.USARTTest_Thread) for USARTTest_Thread
    wirelesstrans_usart.o(.constdata) refers to wirelesstrans_usart.o(.bss) for os_mutex_cb_uart_mutex
    wirelesstrans_usart.o(.data) refers to wirelesstrans_usart.o(.conststring) for .conststring
    key&tips.o(i.getKey) refers to key&tips.o(i.keyScan) for keyScan
    key&tips.o(i.getKey) refers to rt_cmsis.o(i.osKernelSysTick) for osKernelSysTick
    key&tips.o(i.getKey) refers to key&tips.o(.data) for s_u16KeyState
    key&tips.o(i.keyInit) refers to stm32f10x_rcc.o(i.RCC_APB2PeriphClockCmd) for RCC_APB2PeriphClockCmd
    key&tips.o(i.keyInit) refers to stm32f10x_gpio.o(i.GPIO_Init) for GPIO_Init
[...]
    i.USARTInit2                             0x08001044   Section        0  wirelesstrans_usart.o(i.USARTInit2)
    i.USARTTest                              0x080010b0   Section        0  wirelesstrans_usart.o(i.USARTTest)
    i.USARTTest_Thread                       0x080010c8   Section        0  wirelesstrans_usart.o(i.USARTTest_Thread)
    i.USART_Cmd                              0x08001144   Section        0  stm32f10x_usart.o(i.USART_Cmd)
    i.USART_Control                          0x0800115c   Section        0  usart_stm32f10x.o(i.USART_Control)
    USART_Control                            0x0800115d   Thumb Code  2080  usart_stm32f10x.o(i.USART_Control)
    i.USART_GetCapabilities                  0x0800197c   Section        0  usart_stm32f10x.o(i.USART_GetCapabilities)
    USART_GetCapabilities                    0x0800197d   Thumb Code     6  usart_stm32f10x.o(i.USART_GetCapabilities)
    i.USART_GetModemStatus                   0x08001982   Section        0  usart_stm32f10x.o(i.USART_GetModemStatus)
    USART_GetModemStatus                     0x08001983   Thumb Code   144  usart_stm32f10x.o(i.USART_GetModemStatus)
    i.USART_GetRxCount                       0x08001a12   Section        0  usart_stm32f10x.o(i.USART_GetRxCount)
    USART_GetRxCount                         0x08001a13   Thumb Code     8  usart_stm32f10x.o(i.USART_GetRxCount)
    i.USART_GetStatus                        0x08001a1a   Section        0  usart_stm32f10x.o(i.USART_GetStatus)
    USART_GetStatus                          0x08001a1b   Thumb Code   212  usart_stm32f10x.o(i.USART_GetStatus)
    i.USART_GetTxCount                       0x08001aee   Section        0  usart_stm32f10x.o(i.USART_GetTxCount)
    USART_GetTxCount                         0x08001aef   Thumb Code     8  usart_stm32f10x.o(i.USART_GetTxCount)
    i.USART_IRQHandler                       0x08001af6   Section        0  usart_stm32f10x.o(i.USART_IRQHandler)
    i.USART_Init                             0x08001d68   Section        0  stm32f10x_usart.o(i.USART_Init)
    i.USART_Initialize                       0x08001e40   Section        0  usart_stm32f10x.o(i.USART_Initialize)
    USART_Initialize                         0x08001e41   Thumb Code   162  usart_stm32f10x.o(i.USART_Initialize)
    i.USART_PeripheralReset                  0x08001ee4   Section        0  usart_stm32f10x.o(i.USART_PeripheralReset)
    USART_PeripheralReset                    0x08001ee5   Thumb Code   190  usart_stm32f10x.o(i.USART_PeripheralReset)
    i.USART_PowerControl                     0x08001fbc   Section        0  usart_stm32f10x.o(i.USART_PowerControl)
    USART_PowerControl                       0x08001fbd   Thumb Code   520  usart_stm32f10x.o(i.USART_PowerControl)
    i.USART_Receive                          0x080021e4   Section        0  usart_stm32f10x.o(i.USART_Receive)
    USART_Receive                            0x080021e5   Thumb Code   162  usart_stm32f10x.o(i.USART_Receive)
    i.USART_Send                             0x08002286   Section        0  usart_stm32f10x.o(i.USART_Send)
    USART_Send                               0x08002287   Thumb Code   136  usart_stm32f10x.o(i.USART_Send)
    i.USART_SetModemControl                  0x0800230e   Section        0  usart_stm32f10x.o(i.USART_SetModemControl)
    USART_SetModemControl                    0x0800230f   Thumb Code   156  usart_stm32f10x.o(i.USART_SetModemControl)
    i.USART_Transfer                         0x080023aa   Section        0  usart_stm32f10x.o(i.USART_Transfer)
    USART_Transfer                           0x080023ab   Thumb Code   106  usart_stm32f10x.o(i.USART_Transfer)
    i.USART_Uninitialize                     0x08002414   Section        0  usart_stm32f10x.o(i.USART_Uninitialize)
    USART_Uninitialize                       0x08002415   Thumb Code   108  usart_stm32f10x.o(i.USART_Uninitialize)
    i.USARTx_GetVersion                      0x08002480   Section        0  usart_stm32f10x.o(i.USARTx_GetVersion)
    USARTx_GetVersion                        0x08002481   Thumb Code    10  usart_stm32f10x.o(i.USARTx_GetVersion)
    i.UsageFault_Handler                     0x08002490   Section        0  stm32f10x_it.o(i.UsageFault_Handler)
    i._init_box                              0x08002494   Section        0  rt_membox.o(i._init_box)
    i._mutex_acquire                         0x080024dc   Section        0  rtx_conf_cm.o(i._mutex_acquire)
    __tagsym$$used                           0x080024dd   Number         0  rtx_conf_cm.o(i._mutex_acquire)
    i._mutex_release                         0x080024fc   Section        0  rtx_conf_cm.o(i._mutex_release)
    __tagsym$$used                           0x080024fd   Number         0  rtx_conf_cm.o(i._mutex_release)
    i.dbg_init                               0x08002518   Section        0  hal_cm.o(i.dbg_init)
    i.dbg_task_notify                        0x08002548   Section        0  hal_cm.o(i.dbg_task_notify)
    i.dbg_task_switch                        0x08002568   Section        0  hal_cm.o(i.dbg_task_switch)
    i.getKey                                 0x08002578   Section        0  key&tips.o(i.getKey)
    i.isrMessageGet                          0x0800277c   Section        0  rt_cmsis.o(i.isrMessageGet)
    i.isrMessagePut                          0x080027a6   Section        0  rt_cmsis.o(i.isrMessagePut)
    i.isr_mbx_receive                        0x080027d4   Section        0  rt_mailbox.o(i.isr_mbx_receive)
    i.isr_mbx_send                           0x0800282a   Section        0  rt_mailbox.o(i.isr_mbx_send)
    i.keyInit                                0x08002838   Section        0  key&tips.o(i.keyInit)
    i.keyScan                                0x08002864   Section        0  key&tips.o(i.keyScan)
    keyScan                                  0x08002865   Thumb Code    36  key&tips.o(i.keyScan)
    i.keyTest                                0x0800288c   Section        0  key&tips.o(i.keyTest)
    i.keyTest_Thread                         0x080028a4   Section        0  key&tips.o(i.keyTest_Thread)
    i.main                                   0x08002d94   Section        0  main.o(i.main)
    i.myUSART_callback                       0x08002db4   Section        0  wirelesstrans_usart.o(i.myUSART_callback)
    i.osDelay                                0x08002db8   Section        0  rt_cmsis.o(i.osDelay)
    i.osKernelInitialize                     0x08002dd0   Section        0  rt_cmsis.o(i.osKernelInitialize)
    i.osKernelStart                          0x08002df4   Section        0  rt_cmsis.o(i.osKernelStart)
    i.osKernelSysTick                        0x08002e60   Section        0  rt_cmsis.o(i.osKernelSysTick)
    i.osMessageGet                           0x08002e78   Section        0  rt_cmsis.o(i.osMessageGet)
    i.osMutexCreate                          0x08002e90   Section        0  rt_cmsis.o(i.osMutexCreate)
    i.osMutexRelease                         0x08002ebc   Section        0  rt_cmsis.o(i.osMutexRelease)
    i.osThreadCreate                         0x08002ed4   Section        0  rt_cmsis.o(i.osThreadCreate)
    i.osThreadExit                           0x08002f00   Section        0  rt_cmsis.o(i.osThreadExit)
    i.osTimerCall                            0x08002f18   Section        0  rt_cmsis.o(i.osTimerCall)
    i.osTimerCreate                          0x08002f24   Section        0  rt_cmsis.o(i.osTimerCreate)
    i.osTimerStart                           0x08002f50   Section        0  rt_cmsis.o(i.osTimerStart)
    i.osTimerThread                          0x08002f68   Section        0  rt_cmsis.o(i.osTimerThread)
    i.os_error                               0x08002f94   Section        0  rtx_conf_cm.o(i.os_error)
    i.os_idle_demon                          0x08002fb6   Section        0  rtx_conf_cm.o(i.os_idle_demon)
    i.os_tick_init                           0x08002fbc   Section        0  rt_system.o(i.os_tick_init)
    i.os_tick_irqack                         0x08002fe4   Section        0  rt_system.o(i.os_tick_irqack)
    i.os_tick_ovf                            0x08002fe8   Section        0  rt_system.o(i.os_tick_ovf)
    i.os_tick_val                            0x08002ff8   Section        0  rt_system.o(i.os_tick_val)
    i.rt_alloc_box                           0x0800300c   Section        0  rt_membox.o(i.rt_alloc_box)
    i.rt_alloc_mem                           0x08003026   Section        0  rt_memory.o(i.rt_alloc_mem)
    i.rt_block                               0x08003064   Section        0  rt_task.o(i.rt_block)
    i.rt_chk_robin                           0x0800309c   Section        0  rt_robin.o(i.rt_chk_robin)
    i.rt_dec_dly                             0x080030e4   Section        0  rt_list.o(i.rt_dec_dly)
    i.rt_dispatch                            0x08003154   Section        0  rt_task.o(i.rt_dispatch)
    i.rt_dly_wait                            0x08003198   Section        0  rt_time.o(i.rt_dly_wait)
    i.rt_evt_psh                             0x080031a0   Section        0  rt_event.o(i.rt_evt_psh)
    i.rt_free_box                            0x080031f0   Section        0  rt_membox.o(i.rt_free_box)
    i.rt_free_mem                            0x0800321c   Section        0  rt_memory.o(i.rt_free_mem)
    i.rt_get_first                           0x08003244   Section        0  rt_list.o(i.rt_get_first)
    i.rt_id2obj                              0x0800326c   Section        0  rt_cmsis.o(i.rt_id2obj)
    rt_id2obj                                0x0800326d   Thumb Code     8  rt_cmsis.o(i.rt_id2obj)
    i.rt_init_context                        0x08003274   Section        0  rt_task.o(i.rt_init_context)
    rt_init_context                          0x08003275   Thumb Code    66  rt_task.o(i.rt_init_context)
    i.rt_init_mem                            0x080032bc   Section        0  rt_memory.o(i.rt_init_mem)
    i.rt_init_robin                          0x080032d8   Section        0  rt_robin.o(i.rt_init_robin)
    i.rt_init_stack                          0x080032f0   Section        0  hal_cm.o(i.rt_init_stack)
    i.rt_mbx_check                           0x08003370   Section        0  rt_mailbox.o(i.rt_mbx_check)
    i.rt_mbx_init                            0x08003378   Section        0  rt_mailbox.o(i.rt_mbx_init)
    i.rt_mbx_psh                             0x08003394   Section        0  rt_mailbox.o(i.rt_mbx_psh)
    i.rt_mbx_wait                            0x08003484   Section        0  rt_mailbox.o(i.rt_mbx_wait)
    i.rt_ms2tick                             0x08003538   Section        0  rt_cmsis.o(i.rt_ms2tick)
    rt_ms2tick                               0x08003539   Thumb Code    58  rt_cmsis.o(i.rt_ms2tick)
    i.rt_mut_init                            0x0800357c   Section        0  rt_mutex.o(i.rt_mut_init)
    i.rt_mut_release                         0x0800358c   Section        0  rt_mutex.o(i.rt_mut_release)
    i.rt_mut_wait                            0x08003664   Section        0  rt_mutex.o(i.rt_mut_wait)
    i.rt_pop_req                             0x080036dc   Section        0  rt_system.o(i.rt_pop_req)
    i.rt_psh_req                             0x08003758   Section        0  rt_system.o(i.rt_psh_req)
    i.rt_psq_enq                             0x08003778   Section        0  rt_list.o(i.rt_psq_enq)
    i.rt_put_dly                             0x080037d4   Section        0  rt_list.o(i.rt_put_dly)
    i.rt_put_prio                            0x0800381c   Section        0  rt_list.o(i.rt_put_prio)
    i.rt_put_rdy_first                       0x08003854   Section        0  rt_list.o(i.rt_put_rdy_first)
    i.rt_resort_prio                         0x08003868   Section        0  rt_list.o(i.rt_resort_prio)
    i.rt_ret_val                             0x0800389c   Section        0  hal_cm.o(i.rt_ret_val)
    i.rt_ret_val2                            0x080038a2   Section        0  hal_cm.o(i.rt_ret_val2)
    i.rt_rmv_dly                             0x080038aa   Section        0  rt_list.o(i.rt_rmv_dly)
    i.rt_rmv_list                            0x080038d4   Section        0  rt_list.o(i.rt_rmv_list)
    i.rt_sem_psh                             0x08003904   Section        0  rt_semaphore.o(i.rt_sem_psh)
    i.rt_stk_check                           0x08003938   Section        0  rt_system.o(i.rt_stk_check)
    i.rt_switch_req                          0x0800395c   Section        0  rt_task.o(i.rt_switch_req)
    i.rt_sys_init                            0x08003984   Section        0  rt_task.o(i.rt_sys_init)
    i.rt_sys_start                           0x08003a50   Section        0  rt_task.o(i.rt_sys_start)
    i.rt_systick                             0x08003ac8   Section        0  rt_system.o(i.rt_systick)
    i.rt_tid2ptcb                            0x08003b08   Section        0  rt_cmsis.o(i.rt_tid2ptcb)
    rt_tid2ptcb                              0x08003b09   Thumb Code    18  rt_cmsis.o(i.rt_tid2ptcb)
    i.rt_timer_insert                        0x08003b1c   Section        0  rt_cmsis.o(i.rt_timer_insert)
    rt_timer_insert                          0x08003b1d   Thumb Code    48  rt_cmsis.o(i.rt_timer_insert)
    i.rt_timer_remove                        0x08003b50   Section        0  rt_cmsis.o(i.rt_timer_remove)
    rt_timer_remove                          0x08003b51   Thumb Code    56  rt_cmsis.o(i.rt_timer_remove)
    i.rt_tsk_create                          0x08003b8c   Section        0  rt_task.o(i.rt_tsk_create)
    i.rt_tsk_delete                          0x08003c14   Section        0  rt_task.o(i.rt_tsk_delete)
    i.rt_tsk_prio                            0x08003d90   Section        0  rt_task.o(i.rt_tsk_prio)
    i.rt_tsk_self                            0x08003e0c   Section        0  rt_task.o(i.rt_tsk_self)
    i.svcDelay                               0x08003e1c   Section        0  rt_cmsis.o(i.svcDelay)
    i.svcKernelInitialize                    0x08003e30   Section        0  rt_cmsis.o(i.svcKernelInitialize)
    i.svcKernelStart                         0x08003ea0   Section        0  rt_cmsis.o(i.svcKernelStart)
    i.svcKernelSysTick                       0x08003ee8   Section        0  rt_cmsis.o(i.svcKernelSysTick)
    i.svcMessageCreate                       0x08003f20   Section        0  rt_cmsis.o(i.svcMessageCreate)
    i.svcMessageGet                          0x08003f44   Section        0  rt_cmsis.o(i.svcMessageGet)
    i.svcMutexCreate                         0x08003f7e   Section        0  rt_cmsis.o(i.svcMutexCreate)
    i.svcMutexRelease                        0x08003f9a   Section        0  rt_cmsis.o(i.svcMutexRelease)
    i.svcThreadCreate                        0x08003fbc   Section        0  rt_cmsis.o(i.svcThreadCreate)
    i.svcThreadGetId                         0x08004028   Section        0  rt_cmsis.o(i.svcThreadGetId)
    i.svcThreadTerminate                     0x08004044   Section        0  rt_cmsis.o(i.svcThreadTerminate)
    i.svcTimerCall                           0x0800407c   Section        0  rt_cmsis.o(i.svcTimerCall)
    i.svcTimerCreate                         0x08004094   Section        0  rt_cmsis.o(i.svcTimerCreate)
    i.svcTimerStart                          0x080040cc   Section        0  rt_cmsis.o(i.svcTimerStart)
    i.sysTimerTick                           0x08004130   Section        0  rt_cmsis.o(i.sysTimerTick)
    i.testInit                               0x0800418c   Section        0  test.o(i.testInit)
    .constdata                               0x080041c0   Section       24  test.o(.constdata)
    .constdata                               0x080041d8   Section       50  wirelesstrans_usart.o(.constdata)
    .constdata                               0x0800420c   Section       16  key&tips.o(.constdata)
    .constdata                               0x0800421c   Section      104  rtx_conf_cm.o(.constdata)
    __tagsym$$used                           0x08004238   Number         0  rtx_conf_cm.o(.constdata)
    __tagsym$$used                           0x0800423c   Number         0  rtx_conf_cm.o(.constdata)
    __tagsym$$used                           0x08004240   Number         0  rtx_conf_cm.o(.constdata)
    __tagsym$$used                           0x08004244   Number         0  rtx_conf_cm.o(.constdata)
    .constdata                               0x08004284   Section      132  usart_stm32f10x.o(.constdata)
    usart_driver_version                     0x08004284   Data           4  usart_stm32f10x.o(.constdata)
    USART1_tx                                0x08004288   Data           8  usart_stm32f10x.o(.constdata)
    USART1_rx                                0x08004290   Data           8  usart_stm32f10x.o(.constdata)
    USART1_Resources                         0x08004298   Data          56  usart_stm32f10x.o(.constdata)
    .conststring                             0x08004308   Section       27  wirelesstrans_usart.o(.conststring)
    .data                                    0x20000000   Section       12  test.o(.data)
    .data                                    0x2000000c   Section       12  wirelesstrans_usart.o(.data)
    .data                                    0x20000018   Section       25  key&tips.o(.data)
    keyOverFlg                               0x2000001c   Data           1  key&tips.o(.data)
    sKeyCount                                0x2000001e   Data           2  key&tips.o(.data)
    sKeyKeep                                 0x20000020   Data           2  key&tips.o(.data)
    keyCTflg                                 0x20000022   Data           1  key&tips.o(.data)
    s_u16KeyState                            0x20000024   Data           2  key&tips.o(.data)
    s_u16LastKey                             0x20000026   Data           2  key&tips.o(.data)
    KeyKeepComfirm                           0x20000028   Data           1  key&tips.o(.data)
    s_u16KeyTimeCount                        0x2000002a   Data           2  key&tips.o(.data)
    osTick_last                              0x2000002c   Data           4  key&tips.o(.data)
    kCount_rec                               0x20000030   Data           1  key&tips.o(.data)
    .data                                    0x20000034   Section       20  rtx_conf_cm.o(.data)
    nr_mutex                                 0x20000044   Data           4  rtx_conf_cm.o(.data)
    .data                                    0x20000048   Section       20  stm32f10x_rcc.o(.data)
    APBAHBPrescTable                         0x20000048   Data          16  stm32f10x_rcc.o(.data)
    ADCPrescTable                            0x20000058   Data           4  stm32f10x_rcc.o(.data)
    .data                                    0x2000005c   Section        8  rt_cmsis.o(.data)
    .data                                    0x20000064   Section        8  rt_task.o(.data)
    .data                                    0x2000006c   Section        8  rt_system.o(.data)
    os_lock                                  0x2000006c   Data           1  rt_system.o(.data)
    os_psh_flag                              0x2000006d   Data           1  rt_system.o(.data)
    pend_flags                               0x2000006e   Data           1  rt_system.o(.data)
    .data                                    0x20000074   Section        4  rt_time.o(.data)
    .data                                    0x20000078   Section        8  rt_robin.o(.data)
    .data                                    0x20000080   Section        1  hal_cm.o(.data)
    .bss                                     0x20000084   Section       24  test.o(.bss)
    .bss                                     0x2000009c   Section       16  wirelesstrans_usart.o(.bss)
    .bss                                     0x200000b0   Section     7872  rtx_conf_cm.o(.bss)
    std_libspace                             0x20001ad0   Data        1056  rtx_conf_cm.o(.bss)
    std_libmutex                             0x20001ef0   Data         128  rtx_conf_cm.o(.bss)
    .bss                                     0x20001f70   Section       56  usart_stm32f10x.o(.bss)
    USART1_Info                              0x20001f70   Data          20  usart_stm32f10x.o(.bss)
    USART1_TransferInfo                      0x20001f84   Data          36  usart_stm32f10x.o(.bss)
    .bss                                     0x20001fa8   Section       52  rt_task.o(.bss)
    .bss                                     0x20001fdc   Section       48  rt_list.o(.bss)
    .bss                                     0x2000200c   Section       96  libspace.o(.bss)
    HEAP                                     0x20002070   Section      512  startup_stm32f10x_hd.o(HEAP)
    Heap_Mem                                 0x20002070   Data         512  startup_stm32f10x_hd.o(HEAP)
    STACK                                    0x20002270   Section     1024  startup_stm32f10x_hd.o(STACK)
    Stack_Mem                                0x20002270   Data        1024  startup_stm32f10x_hd.o(STACK)
    __initial_sp                             0x20002670   Data           0  startup_stm32f10x_hd.o(STACK)

    Global Symbols

    Symbol Name                              Value     Ov Type        Size  Object(Section)

    BuildAttributes$$THM_ISAv4$P$D$K$B$S$PE$A:L22UL41UL21$X:L11$S22US41US21$IEEE1$IW$USESV6$~STKCKD$USESV7$~SHL$OSPACE$ROPI$EBA8$UX$STANDARDLIB$REQ8$PRES8$EABIv2 0x00000000   Number         0  anon$$obj.o ABSOLUTE
    __ARM_use_no_argv                        0x00000000   Number         0  main.o ABSOLUTE
    __ARM_exceptions_init                     - Undefined Weak Reference
    __alloca_initialize                       - Undefined Weak Reference
    __arm_preinit_                            - Undefined Weak Reference
    __cpp_initialize__aeabi_                  - Undefined Weak Reference
    __cxa_finalize                            - Undefined Weak Reference
    __rt_locale                               - Undefined Weak Reference
    __sigvec_lookup                           - Undefined Weak Reference
    _atexit_init                              - Undefined Weak Reference
    _call_atexit_fns                          - Undefined Weak Reference
    _clock_init                               - Undefined Weak Reference
    _fp_trap_init                             - Undefined Weak Reference
    _fp_trap_shutdown                         - Undefined Weak Reference
    _get_lc_collate                           - Undefined Weak Reference
    _get_lc_ctype                             - Undefined Weak Reference
    _get_lc_monetary                          - Undefined Weak Reference
    _get_lc_numeric                           - Undefined Weak Reference
    _get_lc_time                              - Undefined Weak Reference
    _getenv_init                              - Undefined Weak Reference
    _handle_redirection                       - Undefined Weak Reference
    _init_alloc                               - Undefined Weak Reference
    _init_user_alloc                          - Undefined Weak Reference
    _initio                                   - Undefined Weak Reference
    _rand_init                                - Undefined Weak Reference
    _signal_finish                            - Undefined Weak Reference
    _signal_init                              - Undefined Weak Reference
    _terminate_alloc                          - Undefined Weak Reference
    _terminate_user_alloc                     - Undefined Weak Reference
    _terminateio                              - Undefined Weak Reference
    __Vectors_Size                           0x00000130   Number         0  startup_stm32f10x_hd.o ABSOLUTE
    __RL_RTX_VER                             0x00000482   Number         0  rt_system.o ABSOLUTE
    __Vectors                                0x08000000   Data           4  startup_stm32f10x_hd.o(RESET)
    __Vectors_End                            0x08000130   Data           0  startup_stm32f10x_hd.o(RESET)
    __main                                   0x08000131   Thumb Code     8  __main.o(!!!main)
    __scatterload                            0x08000139   Thumb Code     0  __scatter.o(!!!scatter)
    __scatterload_rt2                        0x08000139   Thumb Code    44  __scatter.o(!!!scatter)
    __scatterload_rt2_thumb_only             0x08000139   Thumb Code     0  __scatter.o(!!!scatter)
    __scatterload_null                       0x08000147   Thumb Code     0  __scatter.o(!!!scatter)
    __scatterload_copy                       0x0800016d   Thumb Code    26  __scatter_copy.o(!!handler_copy)
    __scatterload_zeroinit                   0x08000189   Thumb Code    28  __scatter_zi.o(!!handler_zi)
    __rt_lib_init                            0x080001a5   Thumb Code     0  libinit.o(.ARM.Collect$$libinit$$00000000)
    __rt_lib_init_alloca_1                   0x080001a7   Thumb Code     0  libinit2.o(.ARM.Collect$$libinit$$0000002E)
    __rt_lib_init_argv_1                     0x080001a7   Thumb Code     0  libinit2.o(.ARM.Collect$$libinit$$0000002C)
    __rt_lib_init_atexit_1                   0x080001a7   Thumb Code     0  libinit2.o(.ARM.Collect$$libinit$$0000001B)
    __rt_lib_init_clock_1                    0x080001a7   Thumb Code     0  libinit2.o(.ARM.Collect$$libinit$$00000021)
    __rt_lib_init_cpp_1                      0x080001a7   Thumb Code     0  libinit2.o(.ARM.Collect$$libinit$$00000032)
    __rt_lib_init_exceptions_1               0x080001a7   Thumb Code     0  libinit2.o(.ARM.Collect$$libinit$$00000030)
    __rt_lib_init_fp_1                       0x080001a7   Thumb Code     0  libinit2.o(.ARM.Collect$$libinit$$00000002)
    __rt_lib_init_fp_trap_1                  0x080001a7   Thumb Code     0  libinit2.o(.ARM.Collect$$libinit$$0000001F)
    __rt_lib_init_getenv_1                   0x080001a7   Thumb Code     0  libinit2.o(.ARM.Collect$$libinit$$00000023)
    __rt_lib_init_heap_1                     0x080001a7   Thumb Code     0  libinit2.o(.ARM.Collect$$libinit$$0000000A)
    __rt_lib_init_lc_collate_1               0x080001a7   Thumb Code     0  libinit2.o(.ARM.Collect$$libinit$$00000011)
    __rt_lib_init_lc_ctype_1                 0x080001a7   Thumb Code     0  libinit2.o(.ARM.Collect$$libinit$$00000013)
    __rt_lib_init_lc_monetary_1              0x080001a7   Thumb Code     0  libinit2.o(.ARM.Collect$$libinit$$00000015)
    __rt_lib_init_lc_numeric_1               0x080001a7   Thumb Code     0  libinit2.o(.ARM.Collect$$libinit$$00000017)
    __rt_lib_init_lc_time_1                  0x080001a7   Thumb Code     0  libinit2.o(.ARM.Collect$$libinit$$00000019)
    __rt_lib_init_preinit_1                  0x080001a7   Thumb Code     0  libinit2.o(.ARM.Collect$$libinit$$00000004)
    __rt_lib_init_rand_1                     0x080001a7   Thumb Code     0  libinit2.o(.ARM.Collect$$libinit$$0000000E)
    __rt_lib_init_return                     0x080001a7   Thumb Code     0  libinit2.o(.ARM.Collect$$libinit$$00000033)
    __rt_lib_init_signal_1                   0x080001a7   Thumb Code     0  libinit2.o(.ARM.Collect$$libinit$$0000001D)
    __rt_lib_init_stdio_1                    0x080001a7   Thumb Code     0  libinit2.o(.ARM.Collect$$libinit$$00000025)
    __rt_lib_init_user_alloc_1               0x080001a7   Thumb Code     0  libinit2.o(.ARM.Collect$$libinit$$0000000C)
    __rt_lib_shutdown                        0x080001a9   Thumb Code     0  libshutdown.o(.ARM.Collect$$libshutdown$$00000000)
    __rt_lib_shutdown_cpp_1                  0x080001ab   Thumb Code     0  libshutdown2.o(.ARM.Collect$$libshutdown$$00000002)
    __rt_lib_shutdown_fp_trap_1              0x080001ab   Thumb Code     0  libshutdown2.o(.ARM.Collect$$libshutdown$$00000007)
    __rt_lib_shutdown_heap_1                 0x080001ab   Thumb Code     0  libshutdown2.o(.ARM.Collect$$libshutdown$$0000000F)
    __rt_lib_shutdown_return                 0x080001ab   Thumb Code     0  libshutdown2.o(.ARM.Collect$$libshutdown$$00000010)
    __rt_lib_shutdown_signal_1               0x080001ab   Thumb Code     0  libshutdown2.o(.ARM.Collect$$libshutdown$$0000000A)
    __rt_lib_shutdown_stdio_1                0x080001ab   Thumb Code     0  libshutdown2.o(.ARM.Collect$$libshutdown$$00000004)
    __rt_lib_shutdown_user_alloc_1           0x080001ab   Thumb Code     0  libshutdown2.o(.ARM.Collect$$libshutdown$$0000000C)
    __rt_entry                               0x080001ad   Thumb Code     0  __rtentry.o(.ARM.Collect$$rtentry$$00000000)
    __rt_entry_presh_1                       0x080001ad   Thumb Code     0  __rtentry2.o(.ARM.Collect$$rtentry$$00000002)
    __rt_entry_sh                            0x080001ad   Thumb Code     0  __rtentry4.o(.ARM.Collect$$rtentry$$00000004)
    __rt_entry_li                            0x080001b3   Thumb Code     0  __rtentry2.o(.ARM.Collect$$rtentry$$0000000A)
    __rt_entry_postsh_1                      0x080001b3   Thumb Code     0  __rtentry2.o(.ARM.Collect$$rtentry$$00000009)
    __rt_entry_postli_1                      0x080001b7   Thumb Code     0  __rtentry2.o(.ARM.Collect$$rtentry$$0000000B)
    __rt_entry_main                          0x080001bf   Thumb Code     0  __rtentry2.o(.ARM.Collect$$rtentry$$0000000D)
    __rt_exit                                0x080001c7   Thumb Code     0  rtexit.o(.ARM.Collect$$rtexit$$00000000)
    __rt_exit_ls                             0x080001c9   Thumb Code     0  rtexit2.o(.ARM.Collect$$rtexit$$00000003)
    __rt_exit_prels_1                        0x080001c9   Thumb Code     0  rtexit2.o(.ARM.Collect$$rtexit$$00000002)
    __rt_exit_exit                           0x080001cd   Thumb Code     0  rtexit2.o(.ARM.Collect$$rtexit$$00000004)
    _platform_post_lib_init                  0x080001d5   Thumb Code    24  rtx_conf_cm.o(.emb_text)
    rt_set_PSP                               0x080001f1   Thumb Code     6  hal_cm3.o(.emb_text)
    rt_get_PSP                               0x080001f7   Thumb Code     6  hal_cm3.o(.emb_text)
    os_set_env                               0x080001fd   Thumb Code    24  hal_cm3.o(.emb_text)
    _alloc_box                               0x08000219   Thumb Code    28  hal_cm3.o(.emb_text)
    _free_box                                0x08000239   Thumb Code    28  hal_cm3.o(.emb_text)
    SVC_Handler                              0x08000259   Thumb Code   108  hal_cm3.o(.emb_text)
    PendSV_Handler                           0x080002d1   Thumb Code    56  hal_cm3.o(.emb_text)
    SysTick_Handler                          0x0800030d   Thumb Code     8  hal_cm3.o(.emb_text)
    OS_Tick_Handler                          0x08000315   Thumb Code    12  hal_cm3.o(.emb_text)
    Reset_Handler                            0x08000321   Thumb Code     8  startup_stm32f10x_hd.o(.text)
    ADC1_2_IRQHandler                        0x0800033b   Thumb Code     0  startup_stm32f10x_hd.o(.text)
    ADC3_IRQHandler                          0x0800033b   Thumb Code     0  startup_stm32f10x_hd.o(.text)
    CAN1_RX1_IRQHandler                      0x0800033b   Thumb Code     0  startup_stm32f10x_hd.o(.text)
    CAN1_SCE_IRQHandler                      0x0800033b   Thumb Code     0  startup_stm32f10x_hd.o(.text)
    EXTI0_IRQHandler                         0x0800033b   Thumb Code     0  startup_stm32f10x_hd.o(.text)
    EXTI15_10_IRQHandler                     0x0800033b   Thumb Code     0  startup_stm32f10x_hd.o(.text)
    EXTI1_IRQHandler                         0x0800033b   Thumb Code     0  startup_stm32f10x_hd.o(.text)
    EXTI2_IRQHandler                         0x0800033b   Thumb Code     0  startup_stm32f10x_hd.o(.text)
    EXTI3_IRQHandler                         0x0800033b   Thumb Code     0  startup_stm32f10x_hd.o(.text)
    EXTI4_IRQHandler                         0x0800033b   Thumb Code     0  startup_stm32f10x_hd.o(.text)
    EXTI9_5_IRQHandler                       0x0800033b   Thumb Code     0  startup_stm32f10x_hd.o(.text)
    FLASH_IRQHandler                         0x0800033b   Thumb Code     0  startup_stm32f10x_hd.o(.text)
    FSMC_IRQHandler                          0x0800033b   Thumb Code     0  startup_stm32f10x_hd.o(.text)
    I2C1_ER_IRQHandler                       0x0800033b   Thumb Code     0  startup_stm32f10x_hd.o(.text)
    I2C1_EV_IRQHandler                       0x0800033b   Thumb Code     0  startup_stm32f10x_hd.o(.text)
    I2C2_ER_IRQHandler                       0x0800033b   Thumb Code     0  startup_stm32f10x_hd.o(.text)
    I2C2_EV_IRQHandler                       0x0800033b   Thumb Code     0  startup_stm32f10x_hd.o(.text)
    PVD_IRQHandler                           0x0800033b   Thumb Code     0  startup_stm32f10x_hd.o(.text)
    RCC_IRQHandler                           0x0800033b   Thumb Code     0  startup_stm32f10x_hd.o(.text)
    RTCAlarm_IRQHandler                      0x0800033b   Thumb Code     0  startup_stm32f10x_hd.o(.text)
    RTC_IRQHandler                           0x0800033b   Thumb Code     0  startup_stm32f10x_hd.o(.text)
    SDIO_IRQHandler                          0x0800033b   Thumb Code     0  startup_stm32f10x_hd.o(.text)
    SPI1_IRQHandler                          0x0800033b   Thumb Code     0  startup_stm32f10x_hd.o(.text)
    SPI2_IRQHandler                          0x0800033b   Thumb Code     0  startup_stm32f10x_hd.o(.text)
    SPI3_IRQHandler                          0x0800033b   Thumb Code     0  startup_stm32f10x_hd.o(.text)
    TAMPER_IRQHandler                        0x0800033b   Thumb Code     0  startup_stm32f10x_hd.o(.text)
    TIM1_BRK_IRQHandler                      0x0800033b   Thumb Code     0  startup_stm32f10x_hd.o(.text)
    TIM1_CC_IRQHandler                       0x0800033b   Thumb Code     0  startup_stm32f10x_hd.o(.text)
    TIM1_TRG_COM_IRQHandler                  0x0800033b   Thumb Code     0  startup_stm32f10x_hd.o(.text)
    TIM1_UP_IRQHandler                       0x0800033b   Thumb Code     0  startup_stm32f10x_hd.o(.text)
    TIM2_IRQHandler                          0x0800033b   Thumb Code     0  startup_stm32f10x_hd.o(.text)
    TIM3_IRQHandler                          0x0800033b   Thumb Code     0  startup_stm32f10x_hd.o(.text)
    TIM4_IRQHandler                          0x0800033b   Thumb Code     0  startup_stm32f10x_hd.o(.text)
    TIM5_IRQHandler                          0x0800033b   Thumb Code     0  startup_stm32f10x_hd.o(.text)
    TIM6_IRQHandler                          0x0800033b   Thumb Code     0  startup_stm32f10x_hd.o(.text)
    TIM7_IRQHandler                          0x0800033b   Thumb Code     0  startup_stm32f10x_hd.o(.text)
    TIM8_BRK_IRQHandler                      0x0800033b   Thumb Code     0  startup_stm32f10x_hd.o(.text)
    TIM8_CC_IRQHandler                       0x0800033b   Thumb Code     0  startup_stm32f10x_hd.o(.text)
    TIM8_TRG_COM_IRQHandler                  0x0800033b   Thumb Code     0  startup_stm32f10x_hd.o(.text)
    TIM8_UP_IRQHandler                       0x0800033b   Thumb Code     0  startup_stm32f10x_hd.o(.text)
    UART4_IRQHandler                         0x0800033b   Thumb Code     0  startup_stm32f10x_hd.o(.text)
    UART5_IRQHandler                         0x0800033b   Thumb Code     0  startup_stm32f10x_hd.o(.text)
    USART2_IRQHandler                        0x0800033b   Thumb Code     0  startup_stm32f10x_hd.o(.text)
    USART3_IRQHandler                        0x0800033b   Thumb Code     0  startup_stm32f10x_hd.o(.text)
    USBWakeUp_IRQHandler                     0x0800033b   Thumb Code     0  startup_stm32f10x_hd.o(.text)
    USB_HP_CAN1_TX_IRQHandler                0x0800033b   Thumb Code     0  startup_stm32f10x_hd.o(.text)
    USB_LP_CAN1_RX0_IRQHandler               0x0800033b   Thumb Code     0  startup_stm32f10x_hd.o(.text)
    WWDG_IRQHandler                          0x0800033b   Thumb Code     0  startup_stm32f10x_hd.o(.text)
    __user_initial_stackheap                 0x0800033d   Thumb Code     0  startup_stm32f10x_hd.o(.text)
    __user_libspace                          0x08000361   Thumb Code     8  libspace.o(.text)
    __user_perproc_libspace                  0x08000361   Thumb Code     0  libspace.o(.text)
    __aeabi_uldivmod                         0x08000369   Thumb Code     0  lludivv7m.o(.text)
    _ll_udiv                                 0x08000369   Thumb Code   238  lludivv7m.o(.text)
    exit                                     0x08000457   Thumb Code    18  exit.o(.text)
    strstr                                   0x08000469   Thumb Code    36  strstr.o(.text)
    strlen                                   0x0800048d   Thumb Code    62  strlen.o(.text)
    strcat                                   0x080004cb   Thumb Code    24  strcat.o(.text)
    __aeabi_memcpy4                          0x080004e3   Thumb Code     0  rt_memcpy_w.o(.text)
    __aeabi_memcpy8                          0x080004e3   Thumb Code     0  rt_memcpy_w.o(.text)
    __rt_memcpy_w                            0x080004e3   Thumb Code   100  rt_memcpy_w.o(.text)
    _memcpy_lastbytes_aligned                0x0800052b   Thumb Code     0  rt_memcpy_w.o(.text)
    __aeabi_memclr4                          0x08000547   Thumb Code     0  rt_memclr_w.o(.text)
    __aeabi_memclr8                          0x08000547   Thumb Code     0  rt_memclr_w.o(.text)
    __rt_memclr_w                            0x08000547   Thumb Code    78  rt_memclr_w.o(.text)
    _memset_w                                0x0800054b   Thumb Code     0  rt_memclr_w.o(.text)
    __use_two_region_memory                  0x08000595   Thumb Code     2  heapauxi.o(.text)
    __rt_heap_escrow$2region                 0x08000597   Thumb Code     2  heapauxi.o(.text)
    __rt_heap_expand$2region                 0x08000599   Thumb Code     2  heapauxi.o(.text)
    _sys_exit                                0x0800059d   Thumb Code     8  sys_exit.o(.text)
    __user_setup_stackheap                   0x080005a9   Thumb Code    74  sys_stackheap_outer.o(.text)
    __I$use$semihosting                      0x080005f3   Thumb Code     0  use_no_semi.o(.text)
    __use_no_semihosting_swi                 0x080005f3   Thumb Code     2  use_no_semi.o(.text)
    SVC_Count                                0x080005f4   Data           4  svc_table.o(SVC_TABLE)
    __semihosting_library_function           0x080005f5   Thumb Code     0  indicate_semi.o(.text)
    BSP_Init                                 0x080005f9   Thumb Code    20  bsp.o(i.BSP_Init)
    SVC_Table                                0x080005f8   Data           0  svc_table.o(SVC_TABLE)
    BusFault_Handler                         0x0800060d   Thumb Code     4  stm32f10x_it.o(i.BusFault_Handler)
    DMA1_Channel1_Event                      0x08000611   Thumb Code     2  dma_stm32f10x.o(i.DMA1_Channel1_Event)
    DMA1_Channel1_IRQHandler                 0x08000615   Thumb Code    22  dma_stm32f10x.o(i.DMA1_Channel1_IRQHandler)
    DMA1_Channel2_Event                      0x08000631   Thumb Code     2  dma_stm32f10x.o(i.DMA1_Channel2_Event)
    DMA1_Channel2_IRQHandler                 0x08000635   Thumb Code    24  dma_stm32f10x.o(i.DMA1_Channel2_IRQHandler)
    DMA1_Channel3_Event                      0x08000651   Thumb Code     2  dma_stm32f10x.o(i.DMA1_Channel3_Event)
    DMA1_Channel3_IRQHandler                 0x08000655   Thumb Code    24  dma_stm32f10x.o(i.DMA1_Channel3_IRQHandler)
    DMA1_Channel4_Event                      0x08000671   Thumb Code     2  dma_stm32f10x.o(i.DMA1_Channel4_Event)
    DMA1_Channel4_IRQHandler                 0x08000675   Thumb Code    24  dma_stm32f10x.o(i.DMA1_Channel4_IRQHandler)
    DMA1_Channel5_Event                      0x08000691   Thumb Code     2  dma_stm32f10x.o(i.DMA1_Channel5_Event)
    DMA1_Channel5_IRQHandler                 0x08000695   Thumb Code    24  dma_stm32f10x.o(i.DMA1_Channel5_IRQHandler)
    DMA1_Channel6_Event                      0x080006b1   Thumb Code     2  dma_stm32f10x.o(i.DMA1_Channel6_Event)
    DMA1_Channel6_IRQHandler                 0x080006b5   Thumb Code    24  dma_stm32f10x.o(i.DMA1_Channel6_IRQHandler)
    DMA1_Channel7_Event                      0x080006d1   Thumb Code     2  dma_stm32f10x.o(i.DMA1_Channel7_Event)
    DMA1_Channel7_IRQHandler                 0x080006d5   Thumb Code    24  dma_stm32f10x.o(i.DMA1_Channel7_IRQHandler)
    DMA2_Channel1_Event                      0x080006f1   Thumb Code     2  dma_stm32f10x.o(i.DMA2_Channel1_Event)
    DMA2_Channel1_IRQHandler                 0x080006f5   Thumb Code    24  dma_stm32f10x.o(i.DMA2_Channel1_IRQHandler)
    DMA2_Channel2_Event                      0x08000711   Thumb Code     2  dma_stm32f10x.o(i.DMA2_Channel2_Event)
    DMA2_Channel2_IRQHandler                 0x08000715   Thumb Code    26  dma_stm32f10x.o(i.DMA2_Channel2_IRQHandler)
    DMA2_Channel3_Event                      0x08000735   Thumb Code     2  dma_stm32f10x.o(i.DMA2_Channel3_Event)
    DMA2_Channel3_IRQHandler                 0x08000739   Thumb Code    26  dma_stm32f10x.o(i.DMA2_Channel3_IRQHandler)
    DMA2_Channel4_5_IRQHandler               0x08000759   Thumb Code    52  dma_stm32f10x.o(i.DMA2_Channel4_5_IRQHandler)
    DMA2_Channel4_Event                      0x08000791   Thumb Code     2  dma_stm32f10x.o(i.DMA2_Channel4_Event)
    DMA2_Channel5_Event                      0x08000793   Thumb Code     2  dma_stm32f10x.o(i.DMA2_Channel5_Event)
    DebugMon_Handler                         0x08000795   Thumb Code     2  stm32f10x_it.o(i.DebugMon_Handler)
    GPIO_AFConfigure                         0x08000799   Thumb Code   146  gpio_stm32f10x.o(i.GPIO_AFConfigure)
    GPIO_GetPortClockState                   0x08000835   Thumb Code   118  gpio_stm32f10x.o(i.GPIO_GetPortClockState)
    GPIO_Init                                0x080008cd   Thumb Code   278  stm32f10x_gpio.o(i.GPIO_Init)
    GPIO_PinConfigure                        0x080009e3   Thumb Code   120  gpio_stm32f10x.o(i.GPIO_PinConfigure)
    GPIO_PortClock                           0x08000a5d   Thumb Code   284  gpio_stm32f10x.o(i.GPIO_PortClock)
    GPIO_ReadInputDataBit                    0x08000b99   Thumb Code    18  stm32f10x_gpio.o(i.GPIO_ReadInputDataBit)
    GPIO_WriteBit                            0x08000bab   Thumb Code    10  stm32f10x_gpio.o(i.GPIO_WriteBit)
    HardFault_Handler                        0x08000bb5   Thumb Code     4  stm32f10x_it.o(i.HardFault_Handler)
    LEDTest                                  0x08000bb9   Thumb Code    44  test.o(i.LEDTest)
    MemManage_Handler                        0x08000bf5   Thumb Code     4  stm32f10x_it.o(i.MemManage_Handler)
    NMI_Handler                              0x08000bf9   Thumb Code     2  stm32f10x_it.o(i.NMI_Handler)
    RCC_APB2PeriphClockCmd                   0x08000bfd   Thumb Code    26  stm32f10x_rcc.o(i.RCC_APB2PeriphClockCmd)
    RCC_GetClocksFreq                        0x08000c1d   Thumb Code   192  stm32f10x_rcc.o(i.RCC_GetClocksFreq)
    SystemInit                               0x08000dd9   Thumb Code    78  system_stm32f10x.o(i.SystemInit)
    TTask0                                   0x08000e39   Thumb Code    50  test.o(i.TTask0)
    Task0                                    0x08000e71   Thumb Code    58  test.o(i.Task0)
    USART1_IRQHandler                        0x08000f21   Thumb Code    10  usart_stm32f10x.o(i.USART1_IRQHandler)
    USARTInit1                               0x08000fc9   Thumb Code   114  wirelesstrans_usart.o(i.USARTInit1)
    USARTInit2                               0x08001045   Thumb Code    62  wirelesstrans_usart.o(i.USARTInit2)
    USARTTest                                0x080010b1   Thumb Code    16  wirelesstrans_usart.o(i.USARTTest)
    USARTTest_Thread                         0x080010c9   Thumb Code   102  wirelesstrans_usart.o(i.USARTTest_Thread)
    USART_Cmd                                0x08001145   Thumb Code    24  stm32f10x_usart.o(i.USART_Cmd)
    USART_IRQHandler                         0x08001af7   Thumb Code   624  usart_stm32f10x.o(i.USART_IRQHandler)
    USART_Init                               0x08001d69   Thumb Code   210  stm32f10x_usart.o(i.USART_Init)
    UsageFault_Handler                       0x08002491   Thumb Code     4  stm32f10x_it.o(i.UsageFault_Handler)
    _init_box                                0x08002495   Thumb Code    70  rt_membox.o(i._init_box)
    _mutex_acquire                           0x080024dd   Thumb Code    22  rtx_conf_cm.o(i._mutex_acquire)
    _mutex_release                           0x080024fd   Thumb Code    18  rtx_conf_cm.o(i._mutex_release)
    dbg_init                                 0x08002519   Thumb Code    34  hal_cm.o(i.dbg_init)
    dbg_task_notify                          0x08002549   Thumb Code    32  hal_cm.o(i.dbg_task_notify)
    dbg_task_switch                          0x08002569   Thumb Code    16  hal_cm.o(i.dbg_task_switch)
    getKey                                   0x08002579   Thumb Code   476  key&tips.o(i.getKey)
    isrMessageGet                            0x0800277d   Thumb Code    42  rt_cmsis.o(i.isrMessageGet)
    isrMessagePut                            0x080027a7   Thumb Code    44  rt_cmsis.o(i.isrMessagePut)
    isr_mbx_receive                          0x080027d5   Thumb Code    86  rt_mailbox.o(i.isr_mbx_receive)
    isr_mbx_send                             0x0800282b   Thumb Code    14  rt_mailbox.o(i.isr_mbx_send)
    keyInit                                  0x08002839   Thumb Code    38  key&tips.o(i.keyInit)
    keyTest                                  0x0800288d   Thumb Code    16  key&tips.o(i.keyTest)
    keyTest_Thread                           0x080028a5   Thumb Code   922  key&tips.o(i.keyTest_Thread)
    main                                     0x08002d95   Thumb Code    32  main.o(i.main)
    myUSART_callback                         0x08002db5   Thumb Code     2  wirelesstrans_usart.o(i.myUSART_callback)
    osDelay                                  0x08002db9   Thumb Code    18  rt_cmsis.o(i.osDelay)
    osKernelInitialize                       0x08002dd1   Thumb Code    30  rt_cmsis.o(i.osKernelInitialize)
    osKernelStart                            0x08002df5   Thumb Code    98  rt_cmsis.o(i.osKernelStart)
    osKernelSysTick                          0x08002e61   Thumb Code    18  rt_cmsis.o(i.osKernelSysTick)
    osMessageGet                             0x08002e79   Thumb Code    18  rt_cmsis.o(i.osMessageGet)
    osMutexCreate                            0x08002e91   Thumb Code    36  rt_cmsis.o(i.osMutexCreate)
    osMutexRelease                           0x08002ebd   Thumb Code    18  rt_cmsis.o(i.osMutexRelease)
    osThreadCreate                           0x08002ed5   Thumb Code    36  rt_cmsis.o(i.osThreadCreate)
    osThreadExit                             0x08002f01   Thumb Code    14  rt_cmsis.o(i.osThreadExit)
    osTimerCall                              0x08002f19   Thumb Code     8  rt_cmsis.o(i.osTimerCall)
    osTimerCreate                            0x08002f25   Thumb Code    36  rt_cmsis.o(i.osTimerCreate)
    osTimerStart                             0x08002f51   Thumb Code    18  rt_cmsis.o(i.osTimerStart)
    osTimerThread                            0x08002f69   Thumb Code    38  rt_cmsis.o(i.osTimerThread)
    os_error                                 0x08002f95   Thumb Code    34  rtx_conf_cm.o(i.os_error)
    os_idle_demon                            0x08002fb7   Thumb Code     4  rtx_conf_cm.o(i.os_idle_demon)
    os_tick_init                             0x08002fbd   Thumb Code    32  rt_system.o(i.os_tick_init)
    os_tick_irqack                           0x08002fe5   Thumb Code     2  rt_system.o(i.os_tick_irqack)
    os_tick_ovf                              0x08002fe9   Thumb Code    10  rt_system.o(i.os_tick_ovf)
    os_tick_val                              0x08002ff9   Thumb Code    14  rt_system.o(i.os_tick_val)
    rt_alloc_box                             0x0800300d   Thumb Code    26  rt_membox.o(i.rt_alloc_box)
    rt_alloc_mem                             0x08003027   Thumb Code    62  rt_memory.o(i.rt_alloc_mem)
    rt_block                                 0x08003065   Thumb Code    48  rt_task.o(i.rt_block)
    rt_chk_robin                             0x0800309d   Thumb Code    60  rt_robin.o(i.rt_chk_robin)
    rt_dec_dly                               0x080030e5   Thumb Code   102  rt_list.o(i.rt_dec_dly)
    rt_dispatch                              0x08003155   Thumb Code    60  rt_task.o(i.rt_dispatch)
    rt_dly_wait                              0x08003199   Thumb Code     6  rt_time.o(i.rt_dly_wait)
    rt_evt_psh                               0x080031a1   Thumb Code    76  rt_event.o(i.rt_evt_psh)
    rt_free_box                              0x080031f1   Thumb Code    44  rt_membox.o(i.rt_free_box)
    rt_free_mem                              0x0800321d   Thumb Code    40  rt_memory.o(i.rt_free_mem)
    rt_get_first                             0x08003245   Thumb Code    40  rt_list.o(i.rt_get_first)
    rt_init_mem                              0x080032bd   Thumb Code    26  rt_memory.o(i.rt_init_mem)
    rt_init_robin                            0x080032d9   Thumb Code    14  rt_robin.o(i.rt_init_robin)
    rt_init_stack                            0x080032f1   Thumb Code   118  hal_cm.o(i.rt_init_stack)
    rt_mbx_check                             0x08003371   Thumb Code     8  rt_mailbox.o(i.rt_mbx_check)
    rt_mbx_init                              0x08003379   Thumb Code    26  rt_mailbox.o(i.rt_mbx_init)
    rt_mbx_psh                               0x08003395   Thumb Code   236  rt_mailbox.o(i.rt_mbx_psh)
    rt_mbx_wait                              0x08003485   Thumb Code   174  rt_mailbox.o(i.rt_mbx_wait)
    rt_mut_init                              0x0800357d   Thumb Code    16  rt_mutex.o(i.rt_mut_init)
    rt_mut_release                           0x0800358d   Thumb Code   208  rt_mutex.o(i.rt_mut_release)
    rt_mut_wait                              0x08003665   Thumb Code   114  rt_mutex.o(i.rt_mut_wait)
    rt_pop_req                               0x080036dd   Thumb Code   112  rt_system.o(i.rt_pop_req)
    rt_psh_req                               0x08003759   Thumb Code    22  rt_system.o(i.rt_psh_req)
    rt_psq_enq                               0x08003779   Thumb Code    88  rt_list.o(i.rt_psq_enq)
    rt_put_dly                               0x080037d5   Thumb Code    68  rt_list.o(i.rt_put_dly)
    rt_put_prio                              0x0800381d   Thumb Code    54  rt_list.o(i.rt_put_prio)
    rt_put_rdy_first                         0x08003855   Thumb Code    14  rt_list.o(i.rt_put_rdy_first)
    rt_resort_prio                           0x08003869   Thumb Code    46  rt_list.o(i.rt_resort_prio)
    rt_ret_val                               0x0800389d   Thumb Code     6  hal_cm.o(i.rt_ret_val)
    rt_ret_val2                              0x080038a3   Thumb Code     8  hal_cm.o(i.rt_ret_val2)
    rt_rmv_dly                               0x080038ab   Thumb Code    40  rt_list.o(i.rt_rmv_dly)
    rt_rmv_list                              0x080038d5   Thumb Code    44  rt_list.o(i.rt_rmv_list)
    rt_sem_psh                               0x08003905   Thumb Code    48  rt_semaphore.o(i.rt_sem_psh)
    rt_stk_check                             0x08003939   Thumb Code    28  rt_system.o(i.rt_stk_check)
    rt_switch_req                            0x0800395d   Thumb Code    30  rt_task.o(i.rt_switch_req)
    rt_sys_init                              0x08003985   Thumb Code   138  rt_task.o(i.rt_sys_init)
    rt_sys_start                             0x08003a51   Thumb Code   110  rt_task.o(i.rt_sys_start)
    rt_systick                               0x08003ac9   Thumb Code    50  rt_system.o(i.rt_systick)
    rt_tsk_create                            0x08003b8d   Thumb Code   118  rt_task.o(i.rt_tsk_create)
    rt_tsk_delete                            0x08003c15   Thumb Code   352  rt_task.o(i.rt_tsk_delete)
    rt_tsk_prio                              0x08003d91   Thumb Code   108  rt_task.o(i.rt_tsk_prio)
    rt_tsk_self                              0x08003e0d   Thumb Code    12  rt_task.o(i.rt_tsk_self)
    svcDelay                                 0x08003e1d   Thumb Code    18  rt_cmsis.o(i.svcDelay)
    svcKernelInitialize                      0x08003e31   Thumb Code    80  rt_cmsis.o(i.svcKernelInitialize)
    svcKernelStart                           0x08003ea1   Thumb Code    62  rt_cmsis.o(i.svcKernelStart)
    svcKernelSysTick                         0x08003ee9   Thumb Code    46  rt_cmsis.o(i.svcKernelSysTick)
    svcMessageCreate                         0x08003f21   Thumb Code    36  rt_cmsis.o(i.svcMessageCreate)
    svcMessageGet                            0x08003f45   Thumb Code    58  rt_cmsis.o(i.svcMessageGet)
    svcMutexCreate                           0x08003f7f   Thumb Code    28  rt_cmsis.o(i.svcMutexCreate)
    svcMutexRelease                          0x08003f9b   Thumb Code    34  rt_cmsis.o(i.svcMutexRelease)
    svcThreadCreate                          0x08003fbd   Thumb Code    96  rt_cmsis.o(i.svcThreadCreate)
    svcThreadGetId                           0x08004029   Thumb Code    22  rt_cmsis.o(i.svcThreadGetId)
    svcThreadTerminate                       0x08004045   Thumb Code    50  rt_cmsis.o(i.svcThreadTerminate)
    svcTimerCall                             0x0800407d   Thumb Code    24  rt_cmsis.o(i.svcTimerCall)
    svcTimerCreate                           0x08004095   Thumb Code    52  rt_cmsis.o(i.svcTimerCreate)
    svcTimerStart                            0x080040cd   Thumb Code    96  rt_cmsis.o(i.svcTimerStart)
    sysTimerTick                             0x08004131   Thumb Code    84  rt_cmsis.o(i.sysTimerTick)
    testInit                                 0x0800418d   Thumb Code    48  test.o(i.testInit)
    os_thread_def_Task0                      0x080041c0   Data          16  test.o(.constdata)
    os_timer_def_Tim0                        0x080041d0   Data           8  test.o(.constdata)
    os_thread_def_USARTTest_Thread           0x080041d8   Data          16  wirelesstrans_usart.o(.constdata)
    os_mutex_def_uart_mutex                  0x080041e8   Data           4  wirelesstrans_usart.o(.constdata)
    os_thread_def_keyTest_Thread             0x0800420c   Data          16  key&tips.o(.constdata)
    os_maxtaskrun                            0x0800421c   Data           2  rtx_conf_cm.o(.constdata)
    os_stackinfo                             0x08004220   Data           4  rtx_conf_cm.o(.constdata)
    os_rrobin                                0x08004224   Data           4  rtx_conf_cm.o(.constdata)
    os_tickfreq                              0x08004228   Data           4  rtx_conf_cm.o(.constdata)
    os_tickus_i                              0x0800422c   Data           2  rtx_conf_cm.o(.constdata)
    os_tickus_f                              0x0800422e   Data           2  rtx_conf_cm.o(.constdata)
    os_trv                                   0x08004230   Data           4  rtx_conf_cm.o(.constdata)
    os_flags                                 0x08004234   Data           1  rtx_conf_cm.o(.constdata)
    CMSIS_RTOS_API_Version                   0x08004238   Data           4  rtx_conf_cm.o(.constdata)
    CMSIS_RTOS_RTX_Version                   0x0800423c   Data           4  rtx_conf_cm.o(.constdata)
    os_clockrate                             0x08004240   Data           4  rtx_conf_cm.o(.constdata)
    os_timernum                              0x08004244   Data           4  rtx_conf_cm.o(.constdata)
    mp_tcb_size                              0x08004248   Data           2  rtx_conf_cm.o(.constdata)
    mp_stk_size                              0x0800424c   Data           4  rtx_conf_cm.o(.constdata)
    os_stack_sz                              0x08004250   Data           4  rtx_conf_cm.o(.constdata)
    os_fifo_size                             0x08004254   Data           1  rtx_conf_cm.o(.constdata)
    os_thread_def_osTimerThread              0x08004258   Data          16  rtx_conf_cm.o(.constdata)
    os_messageQ_def_osTimerMessageQ          0x08004268   Data           8  rtx_conf_cm.o(.constdata)
    mp_tmr_size                              0x08004270   Data           2  rtx_conf_cm.o(.constdata)
    os_thread_def_main                       0x08004274   Data          16  rtx_conf_cm.o(.constdata)
    Driver_USART1                            0x080042d0   Data          56  usart_stm32f10x.o(.constdata)
    Region$$Table$$Base                      0x08004324   Number         0  anon$$obj.o(Region$$Table)
    Region$$Table$$Limit                     0x08004344   Number         0  anon$$obj.o(Region$$Table)
    tid1                                     0x20000000   Data           4  test.o(.data)
    tid2                                     0x20000004   Data           4  test.o(.data)
    tid3                                     0x20000008   Data           4  test.o(.data)
    TestCMD                                  0x2000000c   Data           4  wirelesstrans_usart.o(.data)
    TestREP                                  0x20000010   Data           4  wirelesstrans_usart.o(.data)
    tid_USARTTest_Thread                     0x20000014   Data           4  wirelesstrans_usart.o(.data)
    tid_keyTest_Thread                       0x20000018   Data           4  key&tips.o(.data)
    osThreadId_osTimerThread                 0x20000034   Data           4  rtx_conf_cm.o(.data)
    osMessageQId_osTimerMessageQ             0x20000038   Data           4  rtx_conf_cm.o(.data)
    os_tmr                                   0x2000003c   Data           4  rtx_conf_cm.o(.data)
    m_tmr                                    0x20000040   Data           4  rtx_conf_cm.o(.data)
    os_initialized                           0x2000005c   Data           1  rt_cmsis.o(.data)
    os_running                               0x2000005d   Data           1  rt_cmsis.o(.data)
    os_timer_head                            0x20000060   Data           4  rt_cmsis.o(.data)
    os_tsk                                   0x20000064   Data           8  rt_task.o(.data)
    os_tick_irqn                             0x20000070   Data           4  rt_system.o(.data)
    os_time                                  0x20000074   Data           4  rt_time.o(.data)
    os_robin                                 0x20000078   Data           8  rt_robin.o(.data)
    dbg_msg                                  0x20000080   Data           1  hal_cm.o(.data)
    os_timer_cb_Tim0                         0x20000084   Data          24  test.o(.bss)
    os_mutex_cb_uart_mutex                   0x2000009c   Data          16  wirelesstrans_usart.o(.bss)
    mp_tcb                                   0x200000b0   Data         584  rtx_conf_cm.o(.bss)
    mp_stk                                   0x200002f8   Data        1016  rtx_conf_cm.o(.bss)
    os_stack_mem                             0x200006f0   Data        4880  rtx_conf_cm.o(.bss)
    os_fifo                                  0x20001a00   Data         132  rtx_conf_cm.o(.bss)
    os_active_TCB                            0x20001a84   Data          44  rtx_conf_cm.o(.bss)
    os_messageQ_q_osTimerMessageQ            0x20001ab0   Data          32  rtx_conf_cm.o(.bss)
    os_idle_TCB                              0x20001fa8   Data          52  rt_task.o(.bss)
    os_rdy                                   0x20001fdc   Data          24  rt_list.o(.bss)
    os_dly                                   0x20001ff4   Data          24  rt_list.o(.bss)
    __libspace_start                         0x2000200c   Data          96  libspace.o(.bss)
    __temporary_stack_top$libspace           0x2000206c   Data           0  libspace.o(.bss)



==============================================================================

Memory Map of the image

  Image Entry point : 0x08000131

  Load Region LR_IROM1 (Base: 0x08000000, Size: 0x000043c8, Max: 0x00040000, ABSOLUTE)

    Execution Region ER_IROM1 (Base: 0x08000000, Size: 0x00004344, Max: 0x00040000, ABSOLUTE)

    Base Addr    Size         Type   Attr      Idx    E Section Name        Object

    0x08000000   0x00000130   Data   RO         2555    RESET               startup_stm32f10x_hd.o
    0x08000130   0x00000008   Code   RO         3832  * !!!main             c_w.l(__main.o)
    0x08000138   0x00000034   Code   RO         3993    !!!scatter          c_w.l(__scatter.o)
    0x0800016c   0x0000001a   Code   RO         3995    !!handler_copy      c_w.l(__scatter_copy.o)
    0x08000186   0x00000002   PAD
    0x08000188   0x0000001c   Code   RO         3997    !!handler_zi        c_w.l(__scatter_zi.o)
    0x080001a4   0x00000002   Code   RO         3879    .ARM.Collect$$libinit$$00000000  c_w.l(libinit.o)
    0x080001a6   0x00000000   Code   RO         3891    .ARM.Collect$$libinit$$00000002  c_w.l(libinit2.o)
    0x080001a6   0x00000000   Code   RO         3893    .ARM.Collect$$libinit$$00000004  c_w.l(libinit2.o)
    0x080001a6   0x00000000   Code   RO         3896    .ARM.Collect$$libinit$$0000000A  c_w.l(libinit2.o)
    0x080001a6   0x00000000   Code   RO         3898    .ARM.Collect$$libinit$$0000000C  c_w.l(libinit2.o)
    0x080001a6   0x00000000   Code   RO         3900    .ARM.Collect$$libinit$$0000000E  c_w.l(libinit2.o)
    0x080001a6   0x00000000   Code   RO         3903    .ARM.Collect$$libinit$$00000011  c_w.l(libinit2.o)
    0x080001a6   0x00000000   Code   RO         3905    .ARM.Collect$$libinit$$00000013  c_w.l(libinit2.o)
    0x080001a6   0x00000000   Code   RO         3907    .ARM.Collect$$libinit$$00000015  c_w.l(libinit2.o)
    0x080001a6   0x00000000   Code   RO         3909    .ARM.Collect$$libinit$$00000017  c_w.l(libinit2.o)
    0x080001a6   0x00000000   Code   RO         3911    .ARM.Collect$$libinit$$00000019  c_w.l(libinit2.o)
    0x080001a6   0x00000000   Code   RO         3913    .ARM.Collect$$libinit$$0000001B  c_w.l(libinit2.o)
    0x080001a6   0x00000000   Code   RO         3915    .ARM.Collect$$libinit$$0000001D  c_w.l(libinit2.o)
    0x080001a6   0x00000000   Code   RO         3917    .ARM.Collect$$libinit$$0000001F  c_w.l(libinit2.o)
    0x080001a6   0x00000000   Code   RO         3919    .ARM.Collect$$libinit$$00000021  c_w.l(libinit2.o)
    0x080001a6   0x00000000   Code   RO         3921    .ARM.Collect$$libinit$$00000023  c_w.l(libinit2.o)
    0x080001a6   0x00000000   Code   RO         3923    .ARM.Collect$$libinit$$00000025  c_w.l(libinit2.o)
    0x080001a6   0x00000000   Code   RO         3927    .ARM.Collect$$libinit$$0000002C  c_w.l(libinit2.o)
    0x080001a6   0x00000000   Code   RO         3929    .ARM.Collect$$libinit$$0000002E  c_w.l(libinit2.o)
    0x080001a6   0x00000000   Code   RO         3931    .ARM.Collect$$libinit$$00000030  c_w.l(libinit2.o)
    0x080001a6   0x00000000   Code   RO         3933    .ARM.Collect$$libinit$$00000032  c_w.l(libinit2.o)
    0x080001a6   0x00000002   Code   RO         3934    .ARM.Collect$$libinit$$00000033  c_w.l(libinit2.o)
    0x080001a8   0x00000002   Code   RO         3880    .ARM.Collect$$libshutdown$$00000000  c_w.l(libshutdown.o)
    0x080001aa   0x00000000   Code   RO         3936    .ARM.Collect$$libshutdown$$00000002  c_w.l(libshutdown2.o)
    0x080001aa   0x00000000   Code   RO         3938    .ARM.Collect$$libshutdown$$00000004  c_w.l(libshutdown2.o)
    0x080001aa   0x00000000   Code   RO         3941    .ARM.Collect$$libshutdown$$00000007  c_w.l(libshutdown2.o)
    0x080001aa   0x00000000   Code   RO         3944    .ARM.Collect$$libshutdown$$0000000A  c_w.l(libshutdown2.o)
    0x080001aa   0x00000000   Code   RO         3946    .ARM.Collect$$libshutdown$$0000000C  c_w.l(libshutdown2.o)
    0x080001aa   0x00000000   Code   RO         3949    .ARM.Collect$$libshutdown$$0000000F  c_w.l(libshutdown2.o)
    0x080001aa   0x00000002   Code   RO         3950    .ARM.Collect$$libshutdown$$00000010  c_w.l(libshutdown2.o)
    0x080001ac   0x00000000   Code   RO         3834    .ARM.Collect$$rtentry$$00000000  c_w.l(__rtentry.o)
    0x080001ac   0x00000000   Code   RO         3842    .ARM.Collect$$rtentry$$00000002  c_w.l(__rtentry2.o)
    0x080001ac   0x00000006   Code   RO         3854    .ARM.Collect$$rtentry$$00000004  c_w.l(__rtentry4.o)
    0x080001b2   0x00000000   Code   RO         3844    .ARM.Collect$$rtentry$$00000009  c_w.l(__rtentry2.o)
    0x080001b2   0x00000004   Code   RO         3845    .ARM.Collect$$rtentry$$0000000A  c_w.l(__rtentry2.o)
    0x080001b6   0x00000008   Code   RO         3846    .ARM.Collect$$rtentry$$0000000B  c_w.l(__rtentry2.o)
    0x080001be   0x00000008   Code   RO         3848    .ARM.Collect$$rtentry$$0000000D  c_w.l(__rtentry2.o)
    0x080001c6   0x00000002   Code   RO         3835    .ARM.Collect$$rtexit$$00000000  c_w.l(rtexit.o)
    0x080001c8   0x00000000   Code   RO         3857    .ARM.Collect$$rtexit$$00000002  c_w.l(rtexit2.o)
    0x080001c8   0x00000004   Code   RO         3858    .ARM.Collect$$rtexit$$00000003  c_w.l(rtexit2.o)
    0x080001cc   0x00000006   Code   RO         3859    .ARM.Collect$$rtexit$$00000004  c_w.l(rtexit2.o)
    0x080001d2   0x00000002   PAD
    0x080001d4   0x0000001c   Code   RO          378    .emb_text           rtx_conf_cm.o
    0x080001f0   0x00000130   Code   RO         3801    .emb_text           RTX_CM3.lib(hal_cm3.o)
    0x08000320   0x00000040   Code   RO         2556    .text               startup_stm32f10x_hd.o
    0x08000360   0x00000008   Code   RO         3813    .text               c_w.l(libspace.o)
    0x08000368   0x000000ee   Code   RO         3816    .text               c_w.l(lludivv7m.o)
    0x08000456   0x00000012   Code   RO         3818    .text               c_w.l(exit.o)
    0x08000468   0x00000024   Code   RO         3820    .text               c_w.l(strstr.o)
    0x0800048c   0x0000003e   Code   RO         3822    .text               c_w.l(strlen.o)
    0x080004ca   0x00000018   Code   RO         3824    .text               c_w.l(strcat.o)
    0x080004e2   0x00000064   Code   RO         3826    .text               c_w.l(rt_memcpy_w.o)
    0x08000546   0x0000004e   Code   RO         3828    .text               c_w.l(rt_memclr_w.o)
    0x08000594   0x00000006   Code   RO         3830    .text               c_w.l(heapauxi.o)
    0x0800059a   0x00000002   PAD
    0x0800059c   0x0000000c   Code   RO         3865    .text               c_w.l(sys_exit.o)
    0x080005a8   0x0000004a   Code   RO         3867    .text               c_w.l(sys_stackheap_outer.o)
    0x080005f2   0x00000002   Code   RO         3881    .text               c_w.l(use_no_semi.o)
    0x080005f4   0x00000000   Code   RO         3883    .text               c_w.l(indicate_semi.o)
    0x080005f4   0x00000004   Code   RO          208    SVC_TABLE           svc_table.o
    0x080005f8   0x00000014   Code   RO            4    i.BSP_Init          bsp.o
    0x0800060c   0x00000004   Code   RO          154    i.BusFault_Handler  stm32f10x_it.o
    0x08000610   0x00000002   Code   RO         2301    i.DMA1_Channel1_Event  dma_stm32f10x.o
    0x08000612   0x00000002   PAD
    0x08000614   0x0000001c   Code   RO         2302    i.DMA1_Channel1_IRQHandler  dma_stm32f10x.o
    0x08000630   0x00000002   Code   RO         2303    i.DMA1_Channel2_Event  dma_stm32f10x.o
    0x08000632   0x00000002   PAD
    0x08000634   0x0000001c   Code   RO         2304    i.DMA1_Channel2_IRQHandler  dma_stm32f10x.o
    0x08000650   0x00000002   Code   RO         2305    i.DMA1_Channel3_Event  dma_stm32f10x.o
    0x08000652   0x00000002   PAD
    0x08000654   0x0000001c   Code   RO         2306    i.DMA1_Channel3_IRQHandler  dma_stm32f10x.o
    0x08000670   0x00000002   Code   RO         2307    i.DMA1_Channel4_Event  dma_stm32f10x.o
    0x08000672   0x00000002   PAD
    0x08000674   0x0000001c   Code   RO         2308    i.DMA1_Channel4_IRQHandler  dma_stm32f10x.o
    0x08000690   0x00000002   Code   RO         2309    i.DMA1_Channel5_Event  dma_stm32f10x.o
    0x08000692   0x00000002   PAD
    0x08000694   0x0000001c   Code   RO         2310    i.DMA1_Channel5_IRQHandler  dma_stm32f10x.o
    0x080006b0   0x00000002   Code   RO         2311    i.DMA1_Channel6_Event  dma_stm32f10x.o
    0x080006b2   0x00000002   PAD
    0x080006b4   0x0000001c   Code   RO         2312    i.DMA1_Channel6_IRQHandler  dma_stm32f10x.o
    0x080006d0   0x00000002   Code   RO         2313    i.DMA1_Channel7_Event  dma_stm32f10x.o
    0x080006d2   0x00000002   PAD
    0x080006d4   0x0000001c   Code   RO         2314    i.DMA1_Channel7_IRQHandler  dma_stm32f10x.o
    0x080006f0   0x00000002   Code   RO         2315    i.DMA2_Channel1_Event  dma_stm32f10x.o
    0x080006f2   0x00000002   PAD
    0x080006f4   0x0000001c   Code   RO         2316    i.DMA2_Channel1_IRQHandler  dma_stm32f10x.o
    0x08000710   0x00000002   Code   RO         2317    i.DMA2_Channel2_Event  dma_stm32f10x.o
    0x08000712   0x00000002   PAD
    0x08000714   0x00000020   Code   RO         2318    i.DMA2_Channel2_IRQHandler  dma_stm32f10x.o
    0x08000734   0x00000002   Code   RO         2319    i.DMA2_Channel3_Event  dma_stm32f10x.o
    0x08000736   0x00000002   PAD
    0x08000738   0x00000020   Code   RO         2320    i.DMA2_Channel3_IRQHandler  dma_stm32f10x.o
    0x08000758   0x00000038   Code   RO         2321    i.DMA2_Channel4_5_IRQHandler  dma_stm32f10x.o
    0x08000790   0x00000002   Code   RO         2322    i.DMA2_Channel4_Event  dma_stm32f10x.o
    0x08000792   0x00000002   Code   RO         2324    i.DMA2_Channel5_Event  dma_stm32f10x.o
    0x08000794   0x00000002   Code   RO          155    i.DebugMon_Handler  stm32f10x_it.o
    0x08000796   0x00000002   PAD
    0x08000798   0x0000009c   Code   RO         2511    i.GPIO_AFConfigure  gpio_stm32f10x.o
    0x08000834   0x00000098   Code   RO         2512    i.GPIO_GetPortClockState  gpio_stm32f10x.o
    0x080008cc   0x00000116   Code   RO         1115    i.GPIO_Init         stm32f10x_gpio.o
    0x080009e2   0x00000078   Code   RO         2513    i.GPIO_PinConfigure  gpio_stm32f10x.o
    0x08000a5a   0x00000002   PAD
    0x08000a5c   0x0000013c   Code   RO         2514    i.GPIO_PortClock    gpio_stm32f10x.o
    0x08000b98   0x00000012   Code   RO         1119    i.GPIO_ReadInputDataBit  stm32f10x_gpio.o
    0x08000baa   0x0000000a   Code   RO         1126    i.GPIO_WriteBit     stm32f10x_gpio.o
    0x08000bb4   0x00000004   Code   RO          156    i.HardFault_Handler  stm32f10x_it.o
    0x08000bb8   0x0000003c   Code   RO          214    i.LEDTest           test.o
    0x08000bf4   0x00000004   Code   RO          157    i.MemManage_Handler  stm32f10x_it.o
    0x08000bf8   0x00000002   Code   RO          158    i.NMI_Handler       stm32f10x_it.o
    0x08000bfa   0x00000002   PAD
    0x08000bfc   0x00000020   Code   RO         1239    i.RCC_APB2PeriphClockCmd  stm32f10x_rcc.o
    0x08000c1c   0x000000d4   Code   RO         1247    i.RCC_GetClocksFreq  stm32f10x_rcc.o
    0x08000cf0   0x00000008   Code   RO         2563    i.SetSysClock       system_stm32f10x.o
    0x08000cf8   0x000000e0   Code   RO         2564    i.SetSysClockTo72   system_stm32f10x.o
    0x08000dd8   0x00000060   Code   RO         2566    i.SystemInit        system_stm32f10x.o
    0x08000e38   0x00000038   Code   RO          215    i.TTask0            test.o
    0x08000e70   0x00000048   Code   RO          216    i.Task0             test.o
    0x08000eb8   0x00000018   Code   RO          439    i.USART1_Control    usart_stm32f10x.o
    0x08000ed0   0x00000010   Code   RO          440    i.USART1_GetCapabilities  usart_stm32f10x.o
    0x08000ee0   0x00000010   Code   RO          441    i.USART1_GetModemStatus  usart_stm32f10x.o
    0x08000ef0   0x00000010   Code   RO          442    i.USART1_GetRxCount  usart_stm32f10x.o
    0x08000f00   0x00000010   Code   RO          443    i.USART1_GetStatus  usart_stm32f10x.o
    0x08000f10   0x00000010   Code   RO          444    i.USART1_GetTxCount  usart_stm32f10x.o
    0x08000f20   0x00000010   Code   RO          445    i.USART1_IRQHandler  usart_stm32f10x.o
    0x08000f30   0x00000014   Code   RO          446    i.USART1_Initialize  usart_stm32f10x.o
    0x08000f44   0x00000014   Code   RO          447    i.USART1_PowerControl  usart_stm32f10x.o
    0x08000f58   0x00000018   Code   RO          448    i.USART1_Receive    usart_stm32f10x.o
    0x08000f70   0x00000018   Code   RO          449    i.USART1_Send       usart_stm32f10x.o
    0x08000f88   0x00000014   Code   RO          450    i.USART1_SetModemControl  usart_stm32f10x.o
    0x08000f9c   0x0000001c   Code   RO          451    i.USART1_Transfer   usart_stm32f10x.o
    0x08000fb8   0x00000010   Code   RO          452    i.USART1_Uninitialize  usart_stm32f10x.o
    0x08000fc8   0x0000007c   Code   RO          267    i.USARTInit1        wirelesstrans_usart.o
    0x08001044   0x0000006c   Code   RO          268    i.USARTInit2        wirelesstrans_usart.o
    0x080010b0   0x00000018   Code   RO          269    i.USARTTest         wirelesstrans_usart.o
    0x080010c8   0x0000007c   Code   RO          270    i.USARTTest_Thread  wirelesstrans_usart.o
    0x08001144   0x00000018   Code   RO         2113    i.USART_Cmd         stm32f10x_usart.o
    0x0800115c   0x00000820   Code   RO          453    i.USART_Control     usart_stm32f10x.o
    0x0800197c   0x00000006   Code   RO          454    i.USART_GetCapabilities  usart_stm32f10x.o
    0x08001982   0x00000090   Code   RO          455    i.USART_GetModemStatus  usart_stm32f10x.o
    0x08001a12   0x00000008   Code   RO          456    i.USART_GetRxCount  usart_stm32f10x.o
    0x08001a1a   0x000000d4   Code   RO          457    i.USART_GetStatus   usart_stm32f10x.o
    0x08001aee   0x00000008   Code   RO          458    i.USART_GetTxCount  usart_stm32f10x.o
    0x08001af6   0x00000270   Code   RO          459    i.USART_IRQHandler  usart_stm32f10x.o
    0x08001d66   0x00000002   PAD
    0x08001d68   0x000000d8   Code   RO         2120    i.USART_Init        stm32f10x_usart.o
    0x08001e40   0x000000a2   Code   RO          460    i.USART_Initialize  usart_stm32f10x.o
    0x08001ee2   0x00000002   PAD
    0x08001ee4   0x000000d8   Code   RO          461    i.USART_PeripheralReset  usart_stm32f10x.o
    0x08001fbc   0x00000228   Code   RO          462    i.USART_PowerControl  usart_stm32f10x.o
    0x080021e4   0x000000a2   Code   RO          463    i.USART_Receive     usart_stm32f10x.o
    0x08002286   0x00000088   Code   RO          464    i.USART_Send        usart_stm32f10x.o
    0x0800230e   0x0000009c   Code   RO          465    i.USART_SetModemControl  usart_stm32f10x.o
    0x080023aa   0x0000006a   Code   RO          466    i.USART_Transfer    usart_stm32f10x.o
    0x08002414   0x0000006c   Code   RO          467    i.USART_Uninitialize  usart_stm32f10x.o
    0x08002480   0x00000010   Code   RO          468    i.USARTx_GetVersion  usart_stm32f10x.o
    0x08002490   0x00000004   Code   RO          159    i.UsageFault_Handler  stm32f10x_it.o
    0x08002494   0x00000046   Code   RO         3700    i._init_box         RTX_CM3.lib(rt_membox.o)
    0x080024da   0x00000002   PAD
    0x080024dc   0x00000020   Code   RO          380    i._mutex_acquire    rtx_conf_cm.o
    0x080024fc   0x0000001c   Code   RO          382    i._mutex_release    rtx_conf_cm.o
    0x08002518   0x00000030   Code   RO         3753    i.dbg_init          RTX_CM3.lib(hal_cm.o)
    0x08002548   0x00000020   Code   RO         3754    i.dbg_task_notify   RTX_CM3.lib(hal_cm.o)
    0x08002568   0x00000010   Code   RO         3755    i.dbg_task_switch   RTX_CM3.lib(hal_cm.o)
    0x08002578   0x00000204   Code   RO          322    i.getKey            key&tips.o
    0x0800277c   0x0000002a   Code   RO         2609    i.isrMessageGet     RTX_CM3.lib(rt_cmsis.o)
    0x080027a6   0x0000002c   Code   RO         2610    i.isrMessagePut     RTX_CM3.lib(rt_cmsis.o)
    0x080027d2   0x00000002   PAD
    0x080027d4   0x00000056   Code   RO         3555    i.isr_mbx_receive   RTX_CM3.lib(rt_mailbox.o)
    0x0800282a   0x0000000e   Code   RO         3556    i.isr_mbx_send      RTX_CM3.lib(rt_mailbox.o)
    0x08002838   0x0000002c   Code   RO          323    i.keyInit           key&tips.o
    0x08002864   0x00000028   Code   RO          324    i.keyScan           key&tips.o
    0x0800288c   0x00000018   Code   RO          325    i.keyTest           key&tips.o
    0x080028a4   0x000004f0   Code   RO          326    i.keyTest_Thread    key&tips.o
    0x08002d94   0x00000020   Code   RO          124    i.main              main.o
    0x08002db4   0x00000002   Code   RO          271    i.myUSART_callback  wirelesstrans_usart.o
    0x08002db6   0x00000002   PAD
    0x08002db8   0x00000018   Code   RO         2613    i.osDelay           RTX_CM3.lib(rt_cmsis.o)
    0x08002dd0   0x00000024   Code   RO         2614    i.osKernelInitialize  RTX_CM3.lib(rt_cmsis.o)
    0x08002df4   0x0000006c   Code   RO         2616    i.osKernelStart     RTX_CM3.lib(rt_cmsis.o)
    0x08002e60   0x00000018   Code   RO         2617    i.osKernelSysTick   RTX_CM3.lib(rt_cmsis.o)
    0x08002e78   0x00000018   Code   RO         2625    i.osMessageGet      RTX_CM3.lib(rt_cmsis.o)
    0x08002e90   0x0000002c   Code   RO         2627    i.osMutexCreate     RTX_CM3.lib(rt_cmsis.o)
    0x08002ebc   0x00000018   Code   RO         2629    i.osMutexRelease    RTX_CM3.lib(rt_cmsis.o)
    0x08002ed4   0x0000002c   Code   RO         2642    i.osThreadCreate    RTX_CM3.lib(rt_cmsis.o)
    0x08002f00   0x00000018   Code   RO         2643    i.osThreadExit      RTX_CM3.lib(rt_cmsis.o)
    0x08002f18   0x0000000c   Code   RO         2649    i.osTimerCall       RTX_CM3.lib(rt_cmsis.o)
    0x08002f24   0x0000002c   Code   RO         2650    i.osTimerCreate     RTX_CM3.lib(rt_cmsis.o)
    0x08002f50   0x00000018   Code   RO         2652    i.osTimerStart      RTX_CM3.lib(rt_cmsis.o)
    0x08002f68   0x0000002c   Code   RO         2654    i.osTimerThread     RTX_CM3.lib(rt_cmsis.o)
    0x08002f94   0x00000022   Code   RO          383    i.os_error          rtx_conf_cm.o
    0x08002fb6   0x00000004   Code   RO          384    i.os_idle_demon     rtx_conf_cm.o
    0x08002fba   0x00000002   PAD
    0x08002fbc   0x00000028   Code   RO         3347    i.os_tick_init      RTX_CM3.lib(rt_system.o)
    0x08002fe4   0x00000002   Code   RO         3348    i.os_tick_irqack    RTX_CM3.lib(rt_system.o)
    0x08002fe6   0x00000002   PAD
    0x08002fe8   0x00000010   Code   RO         3349    i.os_tick_ovf       RTX_CM3.lib(rt_system.o)
    0x08002ff8   0x00000014   Code   RO         3350    i.os_tick_val       RTX_CM3.lib(rt_system.o)
    0x0800300c   0x0000001a   Code   RO         3701    i.rt_alloc_box      RTX_CM3.lib(rt_membox.o)
    0x08003026   0x0000003e   Code   RO         3729    i.rt_alloc_mem      RTX_CM3.lib(rt_memory.o)
    0x08003064   0x00000038   Code   RO         3228    i.rt_block          RTX_CM3.lib(rt_task.o)
    0x0800309c   0x00000048   Code   RO         3678    i.rt_chk_robin      RTX_CM3.lib(rt_robin.o)
    0x080030e4   0x00000070   Code   RO         3479    i.rt_dec_dly        RTX_CM3.lib(rt_list.o)
    0x08003154   0x00000044   Code   RO         3229    i.rt_dispatch       RTX_CM3.lib(rt_task.o)
    0x08003198   0x00000006   Code   RO         3645    i.rt_dly_wait       RTX_CM3.lib(rt_time.o)
    0x0800319e   0x00000002   PAD
    0x080031a0   0x00000050   Code   RO         3440    i.rt_evt_psh        RTX_CM3.lib(rt_event.o)
    0x080031f0   0x0000002c   Code   RO         3702    i.rt_free_box       RTX_CM3.lib(rt_membox.o)
    0x0800321c   0x00000028   Code   RO         3730    i.rt_free_mem       RTX_CM3.lib(rt_memory.o)
    0x08003244   0x00000028   Code   RO         3480    i.rt_get_first      RTX_CM3.lib(rt_list.o)
    0x0800326c   0x00000008   Code   RO         2659    i.rt_id2obj         RTX_CM3.lib(rt_cmsis.o)
    0x08003274   0x00000048   Code   RO         3230    i.rt_init_context   RTX_CM3.lib(rt_task.o)
    0x080032bc   0x0000001a   Code   RO         3731    i.rt_init_mem       RTX_CM3.lib(rt_memory.o)
    0x080032d6   0x00000002   PAD
    0x080032d8   0x00000018   Code   RO         3679    i.rt_init_robin     RTX_CM3.lib(rt_robin.o)
    0x080032f0   0x00000080   Code   RO         3756    i.rt_init_stack     RTX_CM3.lib(hal_cm.o)
    0x08003370   0x00000008   Code   RO         3557    i.rt_mbx_check      RTX_CM3.lib(rt_mailbox.o)
    0x08003378   0x0000001a   Code   RO         3558    i.rt_mbx_init       RTX_CM3.lib(rt_mailbox.o)
    0x08003392   0x00000002   PAD
    0x08003394   0x000000f0   Code   RO         3559    i.rt_mbx_psh        RTX_CM3.lib(rt_mailbox.o)
    0x08003484   0x000000b4   Code   RO         3561    i.rt_mbx_wait       RTX_CM3.lib(rt_mailbox.o)
    0x08003538   0x00000044   Code   RO         2660    i.rt_ms2tick        RTX_CM3.lib(rt_cmsis.o)
    0x0800357c   0x00000010   Code   RO         3313    i.rt_mut_init       RTX_CM3.lib(rt_mutex.o)
    0x0800358c   0x000000d8   Code   RO         3314    i.rt_mut_release    RTX_CM3.lib(rt_mutex.o)
    0x08003664   0x00000078   Code   RO         3315    i.rt_mut_wait       RTX_CM3.lib(rt_mutex.o)
    0x080036dc   0x0000007c   Code   RO         3351    i.rt_pop_req        RTX_CM3.lib(rt_system.o)
    0x08003758   0x00000020   Code   RO         3352    i.rt_psh_req        RTX_CM3.lib(rt_system.o)
    0x08003778   0x0000005c   Code   RO         3482    i.rt_psq_enq        RTX_CM3.lib(rt_list.o)
    0x080037d4   0x00000048   Code   RO         3483    i.rt_put_dly        RTX_CM3.lib(rt_list.o)
    0x0800381c   0x00000036   Code   RO         3484    i.rt_put_prio       RTX_CM3.lib(rt_list.o)
    0x08003852   0x00000002   PAD
    0x08003854   0x00000014   Code   RO         3485    i.rt_put_rdy_first  RTX_CM3.lib(rt_list.o)
    0x08003868   0x00000034   Code   RO         3486    i.rt_resort_prio    RTX_CM3.lib(rt_list.o)
    0x0800389c   0x00000006   Code   RO         3757    i.rt_ret_val        RTX_CM3.lib(hal_cm.o)
    0x080038a2   0x00000008   Code   RO         3758    i.rt_ret_val2       RTX_CM3.lib(hal_cm.o)
    0x080038aa   0x00000028   Code   RO         3487    i.rt_rmv_dly        RTX_CM3.lib(rt_list.o)
    0x080038d2   0x00000002   PAD
    0x080038d4   0x00000030   Code   RO         3488    i.rt_rmv_list       RTX_CM3.lib(rt_list.o)
    0x08003904   0x00000034   Code   RO         3606    i.rt_sem_psh        RTX_CM3.lib(rt_semaphore.o)
    0x08003938   0x00000024   Code   RO         3354    i.rt_stk_check      RTX_CM3.lib(rt_system.o)
    0x0800395c   0x00000028   Code   RO         3231    i.rt_switch_req     RTX_CM3.lib(rt_task.o)
    0x08003984   0x000000cc   Code   RO         3232    i.rt_sys_init       RTX_CM3.lib(rt_task.o)
    0x08003a50   0x00000078   Code   RO         3233    i.rt_sys_start      RTX_CM3.lib(rt_task.o)
    0x08003ac8   0x00000040   Code   RO         3356    i.rt_systick        RTX_CM3.lib(rt_system.o)
    0x08003b08   0x00000012   Code   RO         2661    i.rt_tid2ptcb       RTX_CM3.lib(rt_cmsis.o)
    0x08003b1a   0x00000002   PAD
    0x08003b1c   0x00000034   Code   RO         2662    i.rt_timer_insert   RTX_CM3.lib(rt_cmsis.o)
    0x08003b50   0x0000003c   Code   RO         2663    i.rt_timer_remove   RTX_CM3.lib(rt_cmsis.o)
    0x08003b8c   0x00000088   Code   RO         3234    i.rt_tsk_create     RTX_CM3.lib(rt_task.o)
    0x08003c14   0x0000017c   Code   RO         3235    i.rt_tsk_delete     RTX_CM3.lib(rt_task.o)
    0x08003d90   0x0000007c   Code   RO         3237    i.rt_tsk_prio       RTX_CM3.lib(rt_task.o)
    0x08003e0c   0x00000010   Code   RO         3238    i.rt_tsk_self       RTX_CM3.lib(rt_task.o)
    0x08003e1c   0x00000012   Code   RO         2664    i.svcDelay          RTX_CM3.lib(rt_cmsis.o)
    0x08003e2e   0x00000002   PAD
    0x08003e30   0x00000070   Code   RO         2665    i.svcKernelInitialize  RTX_CM3.lib(rt_cmsis.o)
    0x08003ea0   0x00000048   Code   RO         2667    i.svcKernelStart    RTX_CM3.lib(rt_cmsis.o)
    0x08003ee8   0x00000038   Code   RO         2668    i.svcKernelSysTick  RTX_CM3.lib(rt_cmsis.o)
    0x08003f20   0x00000024   Code   RO         2670    i.svcMessageCreate  RTX_CM3.lib(rt_cmsis.o)
    0x08003f44   0x0000003a   Code   RO         2671    i.svcMessageGet     RTX_CM3.lib(rt_cmsis.o)
    0x08003f7e   0x0000001c   Code   RO         2673    i.svcMutexCreate    RTX_CM3.lib(rt_cmsis.o)
    0x08003f9a   0x00000022   Code   RO         2675    i.svcMutexRelease   RTX_CM3.lib(rt_cmsis.o)
    0x08003fbc   0x0000006c   Code   RO         2685    i.svcThreadCreate   RTX_CM3.lib(rt_cmsis.o)
    0x08004028   0x0000001c   Code   RO         2686    i.svcThreadGetId    RTX_CM3.lib(rt_cmsis.o)
    0x08004044   0x00000038   Code   RO         2689    i.svcThreadTerminate  RTX_CM3.lib(rt_cmsis.o)
    0x0800407c   0x00000018   Code   RO         2691    i.svcTimerCall      RTX_CM3.lib(rt_cmsis.o)
    0x08004094   0x00000038   Code   RO         2692    i.svcTimerCreate    RTX_CM3.lib(rt_cmsis.o)
    0x080040cc   0x00000064   Code   RO         2694    i.svcTimerStart     RTX_CM3.lib(rt_cmsis.o)
    0x08004130   0x0000005c   Code   RO         2700    i.sysTimerTick      RTX_CM3.lib(rt_cmsis.o)
    0x0800418c   0x00000034   Code   RO          218    i.testInit          test.o
    0x080041c0   0x00000018   Data   RO          220    .constdata          test.o
    0x080041d8   0x00000032   Data   RO          273    .constdata          wirelesstrans_usart.o
    0x0800420a   0x00000002   PAD
    0x0800420c   0x00000010   Data   RO          327    .constdata          key&tips.o
    0x0800421c   0x00000068   Data   RO          386    .constdata          rtx_conf_cm.o
    0x08004284   0x00000084   Data   RO          470    .constdata          usart_stm32f10x.o
    0x08004308   0x0000001b   Data   RO          274    .conststring        wirelesstrans_usart.o
    0x08004323   0x00000001   PAD
    0x08004324   0x00000020   Data   RO         3991    Region$$Table       anon$$obj.o


    Execution Region RW_IRAM1 (Base: 0x20000000, Size: 0x00002670, Max: 0x0000c000, ABSOLUTE)

    Base Addr    Size         Type   Attr      Idx    E Section Name        Object

    0x20000000   0x0000000c   Data   RW          221    .data               test.o
    0x2000000c   0x0000000c   Data   RW          275    .data               wirelesstrans_usart.o
    0x20000018   0x00000019   Data   RW          328    .data               key&tips.o
    0x20000031   0x00000003   PAD
    0x20000034   0x00000014   Data   RW          387    .data               rtx_conf_cm.o
    0x20000048   0x00000014   Data   RW         1267    .data               stm32f10x_rcc.o
    0x2000005c   0x00000008   Data   RW         2703    .data               RTX_CM3.lib(rt_cmsis.o)
    0x20000064   0x00000008   Data   RW         3240    .data               RTX_CM3.lib(rt_task.o)
    0x2000006c   0x00000008   Data   RW         3359    .data               RTX_CM3.lib(rt_system.o)
    0x20000074   0x00000004   Data   RW         3649    .data               RTX_CM3.lib(rt_time.o)
    0x20000078   0x00000008   Data   RW         3680    .data               RTX_CM3.lib(rt_robin.o)
    0x20000080   0x00000001   Data   RW         3759    .data               RTX_CM3.lib(hal_cm.o)
    0x20000081   0x00000003   PAD
    0x20000084   0x00000018   Zero   RW          219    .bss                test.o
    0x2000009c   0x00000010   Zero   RW          272    .bss                wirelesstrans_usart.o
    0x200000ac   0x00000004   PAD
    0x200000b0   0x00001ec0   Zero   RW          385    .bss                rtx_conf_cm.o
    0x20001f70   0x00000038   Zero   RW          469    .bss                usart_stm32f10x.o
    0x20001fa8   0x00000034   Zero   RW         3239    .bss                RTX_CM3.lib(rt_task.o)
    0x20001fdc   0x00000030   Zero   RW         3489    .bss                RTX_CM3.lib(rt_list.o)
    0x2000200c   0x00000060   Zero   RW         3814    .bss                c_w.l(libspace.o)
    0x2000206c   0x00000004   PAD
    0x20002070   0x00000200   Zero   RW         2554    HEAP                startup_stm32f10x_hd.o
    0x20002270   0x00000400   Zero   RW         2553    STACK               startup_stm32f10x_hd.o


==============================================================================

Image component sizes


      Code (inc. data)   RO Data    RW Data    ZI Data      Debug   Object Name

        20          0          0          0          0     242709   bsp.o
       368         50          0          0          0      12235   dma_stm32f10x.o
       744         76          0          0          0       6321   gpio_stm32f10x.o
      1888        400         16         25          0       4420   key&tips.o
        32          0          0          0          0        507   main.o
       126         26        104         20       7872       9215   rtx_conf_cm.o
        64         26        304          0       1536        824   startup_stm32f10x_hd.o
       306          0          0          0          0       3404   stm32f10x_gpio.o
        20          0          0          0          0       2449   stm32f10x_it.o
       244         26          0         20          0       4049   stm32f10x_rcc.o
       240          6          0          0          0       3037   stm32f10x_usart.o
         4          4          0          0          0        204   svc_table.o
       328         28          0          0          0       2017   system_stm32f10x.o
       240         40         24         12         24       2702   test.o
      4968        174        132          0         56      55578   usart_stm32f10x.o
       382         86         77         12         16       3841   wirelesstrans_usart.o

    ----------------------------------------------------------------------
     10008        942        692         92       9508     353512   Object Totals
         0          0         32          0          0          0   (incl. Generated)
        34          0          3          3          4          0   (incl. Padding)

    ----------------------------------------------------------------------

      Code (inc. data)   RO Data    RW Data    ZI Data      Debug   Library Member Name

       238         24          0          1          0       3312   hal_cm.o
       304         36          0          0          0        768   hal_cm3.o
      1646        200          0          8          0      40002   rt_cmsis.o
        80          4          0          0          0        661   rt_event.o
       530         34          0          0         48       8253   rt_list.o
       554         10          0          0          0       3949   rt_mailbox.o
       140          0          0          0          0       1925   rt_membox.o
       128          0          0          0          0       2307   rt_memory.o
       352         14          0          0          0       2105   rt_mutex.o
        96         22          0          8          0       1158   rt_robin.o
        52          4          0          0          0        573   rt_semaphore.o
       334         64          0          8          0       7091   rt_system.o
      1216        174          0          8         52       9649   rt_task.o
         6          0          0          4          0        652   rt_time.o
         8          0          0          0          0         68   __main.o
         0          0          0          0          0          0   __rtentry.o
        20          0          0          0          0          0   __rtentry2.o
         6          0          0          0          0          0   __rtentry4.o
        52          8          0          0          0          0   __scatter.o
        26          0          0          0          0          0   __scatter_copy.o
        28          0          0          0          0          0   __scatter_zi.o
        18          0          0          0          0         80   exit.o
         6          0          0          0          0        152   heapauxi.o
         0          0          0          0          0          0   indicate_semi.o
         2          0          0          0          0          0   libinit.o
         2          0          0          0          0          0   libinit2.o
         2          0          0          0          0          0   libshutdown.o
         2          0          0          0          0          0   libshutdown2.o
         8          4          0          0         96         68   libspace.o
       238          0          0          0          0        100   lludivv7m.o
        78          0          0          0          0         80   rt_memclr_w.o
       100          0          0          0          0         80   rt_memcpy_w.o
         2          0          0          0          0          0   rtexit.o
        10          0          0          0          0          0   rtexit2.o
        24          0          0          0          0         68   strcat.o
        62          0          0          0          0         76   strlen.o
        36          0          0          0          0         80   strstr.o
        12          4          0          0          0         68   sys_exit.o
        74          0          0          0          0         80   sys_stackheap_outer.o
         2          0          0          0          0         68   use_no_semi.o

    ----------------------------------------------------------------------
      6520        602          0         40        200      83473   Library Totals
        26          0          0          3          4          0   (incl. Padding)

    ----------------------------------------------------------------------

      Code (inc. data)   RO Data    RW Data    ZI Data      Debug   Library Name

      5676        586          0         37        100      82405   RTX_CM3.lib
       818         16          0          0         96       1068   c_w.l

    ----------------------------------------------------------------------
      6520        602          0         40        200      83473   Library Totals

    ----------------------------------------------------------------------

==============================================================================


      Code (inc. data)   RO Data    RW Data    ZI Data      Debug   

     16528       1544        692        132       9708     427465   Grand Totals
     16528       1544        692        132       9708     427465   ELF Image Totals
     16528       1544        692        132          0          0   ROM Totals

==============================================================================

    Total RO  Size (Code + RO Data)                17220 (  16.82kB)
    Total RW  Size (RW Data + ZI Data)              9840 (   9.61kB)
    Total ROM Size (Code + RO Data + RW Data)      17352 (  16.95kB)

==============================================================================

